2026-04-12 15:14:49,382 [INFO] [IP.py:7 - <module>()] 正在获取服务器 IP...
2026-04-12 15:14:49,731 [INFO] [IP.py:15 - <module>()] 已更新服务器 IP: http://123.129.241.101
2026-04-12 15:14:50,826 [INFO] [config.py:23 - <module>()] 正在检查配置文件路径: /Users/mac/Library/Application Support/Bloret-Launcher/config.json
2026-04-12 15:14:50,826 [INFO] [config.py:24 - <module>()] 源配置文件路径: /Users/mac/Documents/Github/Bloret-Launcher/config.json
2026-04-12 15:14:50,826 [INFO] [config.py:25 - <module>()] 默认配置文件是否存在: True
2026-04-12 15:14:50,827 [INFO] [config.py:42 - <module>()] 目标配置文件已存在: /Users/mac/Library/Application Support/Bloret-Launcher/config.json
2026-04-12 15:14:50,827 [INFO] [config.py:45 - <module>()] 正在读取配置文件: /Users/mac/Library/Application Support/Bloret-Launcher/config.json
2026-04-12 15:14:50,830 [INFO] [config.py:49 - <module>()] 成功读取配置文件，正在检查版本字段...
2026-04-12 15:14:50,835 [INFO] [config.py:59 - <module>()] 当前配置文件版本: 27
2026-04-12 15:14:50,835 [INFO] [config.py:60 - <module>()] 默认配置文件版本: 27
2026-04-12 15:14:50,835 [INFO] [config.py:76 - <module>()] 配置文件版本匹配，无需更新
2026-04-12 15:14:50,836 [INFO] [config.py:93 - <module>()] 配置文件路径: /Users/mac/Library/Application Support/Bloret-Launcher/config.json
2026-04-12 15:14:50,836 [INFO] [config.py:108 - <module>()] 正在读取最终配置文件: /Users/mac/Library/Application Support/Bloret-Launcher/config.json
2026-04-12 15:14:50,836 [INFO] [config.py:110 - <module>()] 成功读取配置文件内容: {'minecraft-part': '.minecraft', 'first-run': True, 'ver': '27', '123': '123', 'size': 85, 'themelight': False, 'repeat_run': False, 'show_runtime_do': False, 'Customize': [], 'Bloret_PassPort_Login': True, 'Bloret_PassPort_UserName': 'Detrital', 'Bloret_PassPort_PassWord': '840a6ffafbfa798075c34ba15807cba0', 'Bloret_PassPort_Admin': False, 'bbbs_session': 'eyJ1c2VyIjp7InVzZXJuYW1lIjoiRGV0cml0YWwiLCJhdmF0YXIiOiJodHRwczovL2ltZy5ibG9yZXQubmV0L2ltZy8xNzcwMzg0NzEyMDY1LzM3N2ZkMDlkZjBlYWYxM2NlOWMxMzRjZTY4ODBhOTcyIiwiZW1haWwiOiJEZXRyaXRhbHdAb3V0bG9vay5jb20iLCJ0YWdzIjpbIue7nOeahOS4lueVjCIsIuW8gOWPkee7hCJdLCJsYWJlbHMiOlsi57uc55qE5LiW55WMIiwi5byA5Y+R57uEIl19fQ==', 'whenCWopen_BLopen': True, 'localmod': False, 'home_show_login_mod': True, 'self-starting': False, 'MaxThread': 64, 'Minecraft_Versions': ['1.21.8', '1.21.7'], 'minecraft_dir': '/Users/mac/Library/Application Support/Bloret-Launcher/.minecraft', 'Java_Path': 'C:\\Program Files\\Zulu\\zulu-23\\bin\\java.exe', 'language': 'zh-cn', 'screen_cut_shortcut': 'Ctrl+Alt+A', 'MinecraftAccount': {'logined': True, 'chosen': 1, 'accounts': [{'type': 'Offline', 'uuid': '9ac85f4e-6325-d7ff-736b-3176269fede2', 'username': 'Detritalw', 'login_time': '2026-01-06T03:06:04.006Z'}, {'type': 'Microsoft', 'uuid': 'f282dda069a94787b12baa16a1939fc4', 'username': 'Detritalw', 'login_time': '2026-04-11T11:31:00.421Z', 'access_token': 'eyJraWQiOiIwNDkxODEiLCJhbGciOiJSUzI1NiJ9.eyJ4dWlkIjoiMjUzNTQ1MDIxMzQ2OTExMSIsImFnZyI6IkFkdWx0Iiwic3ViIjoiY2Y1MzViZDQtYmEwNS00YjNlLTljNjktMmE3NzMzZDY0OTRiIiwiYXV0aCI6IlhCT1giLCJwZmlkIjoiQzNGRTFCMkQ5RURENkMxRSIsIm5zIjoiZGVmYXVsdCIsInJvbGVzIjpbXSwiaXNzIjoiYXV0aGVudGljYXRpb24iLCJmbGFncyI6WyJtdWx0aXBsYXllciJdLCJwcm9maWxlcyI6eyJtYyI6ImYyODJkZGEwLTY5YTktNDc4Ny1iMTJiLWFhMTZhMTkzOWZjNCJ9LCJtaWQiOiJDM0ZFMUIyRDlFREQ2QzFFIiwicG1pZCI6ImQzMmQzMmI0LTM3ZTctNWZiNy05MDk0LWUwNGViMWJmOWIwMyIsInBsYXRmb3JtIjoiUENfTEFVTkNIRVIiLCJ0aWQiOiJFOTlCMCIsInBmZCI6W3sidHlwZSI6Im1jIiwiaWQiOiJmMjgyZGRhMC02OWE5LTQ3ODctYjEyYi1hYTE2YTE5MzlmYzQiLCJuYW1lIjoiRGV0cml0YWx3In1dLCJ4aWQiOiIyNTM1NDUwMjEzNDY5MTExIiwibmJmIjoxNzc1OTA3MDU5LCJleHAiOjE3NzU5OTM0NTksImlhdCI6MTc3NTkwNzA1OSwiYWlkIjoiOGQ2Nzc4NWMtYmRjMS00ODBiLWIwMTQtYTcwYTNjYjc2ZWEwIn0.IBLYS5wLXqClBy_6Hut_5BYwwatjIORHKkJOboekAbCI_BXkmGeb6pE6-BTfUA9qHuBYQEDMP29M2gqZYJV3Ql7qyCTzkeGxu8xDWUiegpze4e-HfAr2_pkk6uI_gyHwsKOnb1AFrL5c4mRpl5LRt6Asu74sKyAjMQXhS-KQ-YptG1oEh_PU-fC7j2vR1yzjM1PLn2nQd0lwYOZKRnLWz6DZmgwvLBM03c6clvFgNaENo9223D-LeIv0L-t7vT4Pa-ZSITKyMRIgHUttdWIf0VR3BbyUpzHN8-mib_hqjsB_W9N6xsTowzwoL7NILyEBKNLLbgZzgDqJu6u2F-UZVw', 'refresh_token': 'M.C539_SN1.0.U.-ChXA46jeo28vOuX3huKo8einy8J3TNNlNKP5pRxYfT4F201p1ceAAiFpCFHB8HGtDk6stdcZCf*SwRksV40pTfhE74YTqlmHVfpNVuuTRn3FdYQgVJTGxBXYu3YK2FL!y2lpTNbzrtXzRucquJxmvMyhMu37pnFpE2ounWqw!u*z9LLRBm2qTGjCZ0kelCEEaCMFaEE2Id5m*vlvanJ3XgDxMj*s7LMHIAk8lFUpGStg9CHl!48dfmj4bRQaPDUoAmZuaD3nZeLU*ym1IhGGQkhLXvR!jc3wqSvFrVUYhd3yu8B8*ILkSxHldMUAoM3WriZcLjJ9kj6ifyoimWQl8kx9sHatADG3AnQ2cFH12e7AtoP1FLJ0zp25UVWBQU16KA$$'}]}, 'mwtool_switch_open': True, 'show_account_on_home': True, 'minimize_to_tray_on_close': True, 'ChoosedRun': '1.21.8', 'java_path': '/usr/bin/java', 'Bloret_PassPort_Avatar': 'https://img.bloret.net/img/1770384712065/377fd09df0eaf13ce9c134ce6880a972', 'bbbs_session_sig': 'pKz65QF9xe6DtEACbiosg5Kaw9c'}
2026-04-12 15:14:50,837 [INFO] [config.py:113 - <module>()] Minecraft目录已设置为: '/Users/mac/Library/Application Support/Bloret-Launcher/.minecraft'
2026-04-12 15:14:50,837 [INFO] [config.py:118 - <module>()] Minecraft目录存在: /Users/mac/Library/Application Support/Bloret-Launcher/.minecraft
2026-04-12 15:14:51,729 [INFO] [web.py:1148 - start_server()] Starting web server on port 25252...
2026-04-12 15:14:58,215 [INFO] [setup_ui.py:642 - get_all_launch_items()] get_all_launch_items 返回 items: [{'name': '1.21.8-Fabric 0.18.4', 'type': 'minecraft', 'icon': <PySide6.QtGui.QIcon(null) at 0x1483a2cc0>, 'path': '1.21.8-Fabric 0.18.4'}, {'name': '1.21.8', 'type': 'minecraft', 'icon': <PySide6.QtGui.QIcon(null) at 0x1483a2b40>, 'path': '1.21.8'}]
2026-04-12 15:14:58,218 [INFO] [chafuwang.py:65 - getServerData()] 创建线程以获取服务器数据: Bloret
2026-04-12 15:14:58,219 [INFO] [chafuwang.py:22 - _fetch_data()] 开始获取服务器数据: Bloret
2026-04-12 15:14:58,219 [INFO] [chafuwang.py:71 - getServerData()] 线程已启动，用于获取服务器数据: Bloret (线程ID: 123145530839040)
2026-04-12 15:14:58,219 [INFO] [chafuwang.py:26 - _fetch_data()] 正在发送HTTP GET请求到服务器: Bloret
2026-04-12 15:14:58,725 [INFO] [BLServer.py:117 - get_latest_version()] 获取到的每日提示: ['是免费开源的 Minecraft 启动器', '专为 Bloret 玩家打造', '由 AI 驱动的 Minecraft 启动器', '是受 Bloret 支持的 Minecraft 启动器', '最贴近 Windows 11 设计的 Minecraft 启动器', '集成 Modrinth、Easyiter 以及 Bloret 服务', '现代化的 Minecraft 启动器', '王', '何意味', '原神所致。', '可以启动 原神。', '可以启动 崩坏：星穹铁道。', '可以启动 绝区零。', '什么都可以启动其实']
2026-04-12 15:14:58,727 [INFO] [BLServer.py:123 - get_latest_version()] 获取到的活动信息: {'show': False, 'status': 'ongoing', 'title': 'Bloret Launcher 春节小游戏', 'description': '完成一个简单的小游戏（大约半分钟），感受春节氛围，可获得最多 50 络琅 + 200 金币奖励！', 'icon': 'https://img.bloret.net/img/1769925156328/79a6037022aeb4ee9e71bf1fd85db271', 'time': '2026-02-14 到 2026-03-03', 'link': 'https://launcher.bloret.net/spr_activity'}
2026-04-12 15:14:59,100 [INFO] [BLServer.py:117 - get_latest_version()] 获取到的每日提示: ['是免费开源的 Minecraft 启动器', '专为 Bloret 玩家打造', '由 AI 驱动的 Minecraft 启动器', '是受 Bloret 支持的 Minecraft 启动器', '最贴近 Windows 11 设计的 Minecraft 启动器', '集成 Modrinth、Easyiter 以及 Bloret 服务', '现代化的 Minecraft 启动器', '王', '何意味', '原神所致。', '可以启动 原神。', '可以启动 崩坏：星穹铁道。', '可以启动 绝区零。', '什么都可以启动其实']
2026-04-12 15:14:59,101 [INFO] [BLServer.py:123 - get_latest_version()] 获取到的活动信息: {'show': False, 'status': 'ongoing', 'title': 'Bloret Launcher 春节小游戏', 'description': '完成一个简单的小游戏（大约半分钟），感受春节氛围，可获得最多 50 络琅 + 200 金币奖励！', 'icon': 'https://img.bloret.net/img/1769925156328/79a6037022aeb4ee9e71bf1fd85db271', 'time': '2026-02-14 到 2026-03-03', 'link': 'https://launcher.bloret.net/spr_activity'}
2026-04-12 15:15:00,798 [INFO] [bbbs_live.py:16 - _log_request()] [Live DEBUG] ===== 请求 =====
2026-04-12 15:15:00,798 [INFO] [bbbs_live.py:17 - _log_request()] [Live DEBUG] GET http://123.129.241.101:21111/api/live/list
2026-04-12 15:15:00,798 [INFO] [bbbs_live.py:18 - _log_request()] [Live DEBUG] Cookies: {"session": "eyJ1c2VyIjp7InVzZXJuYW1lIjoiRGV0cml0YWwiLCJhdmF0YXIiOiJodHRwczovL2ltZy5ibG9yZXQubmV0L2ltZy8xNzcwMzg0NzEyMDY1LzM3N2ZkMDlkZjBlYWYxM2NlOWMxMzRjZTY4ODBhOTcyIiwiZW1haWwiOiJEZXRyaXRhbHdAb3V0bG9vay5jb20iLCJ0YWdzIjpbIue7nOeahOS4lueVjCIsIuW8gOWPkee7hCJdLCJsYWJlbHMiOlsi57uc55qE5LiW55WMIiwi5byA5Y+R57uEIl19fQ==", "session.sig": "pKz65QF9xe6DtEACbiosg5Kaw9c"}
2026-04-12 15:15:00,871 [INFO] [bbbs_live.py:25 - _log_response()] [Live DEBUG] ===== 响应 =====
2026-04-12 15:15:00,871 [INFO] [bbbs_live.py:26 - _log_response()] [Live DEBUG] Status: 200
2026-04-12 15:15:00,871 [INFO] [bbbs_live.py:27 - _log_response()] [Live DEBUG] Headers: {'Connection': 'close', 'Content-Length': '2', 'Content-Type': 'application/json; charset=utf-8', 'Date': 'Sun, 12 Apr 2026 07:15:01 GMT', 'Etag': 'W/"2-l9Fw4VUO7kr8CvBlt4zaMCqXZ0w"', 'X-Powered-By': 'Express'}
2026-04-12 15:15:00,871 [INFO] [bbbs_live.py:29 - _log_response()] [Live DEBUG] Body: []
2026-04-12 15:15:00,937 [INFO] [chafuwang.py:28 - _fetch_data()] 收到服务器 Bloret 的响应，状态码: 200
2026-04-12 15:15:00,937 [INFO] [chafuwang.py:33 - _fetch_data()] 成功解析服务器 Bloret 的JSON数据，数据大小: 2377 字符
2026-04-12 15:15:04,064 [INFO] [bbbs_live.py:16 - _log_request()] [Live DEBUG] ===== 请求 =====
2026-04-12 15:15:04,064 [INFO] [bbbs_live.py:17 - _log_request()] [Live DEBUG] POST http://123.129.241.101:21111/api/live/create
2026-04-12 15:15:04,064 [INFO] [bbbs_live.py:18 - _log_request()] [Live DEBUG] Cookies: {"session": "eyJ1c2VyIjp7InVzZXJuYW1lIjoiRGV0cml0YWwiLCJhdmF0YXIiOiJodHRwczovL2ltZy5ibG9yZXQubmV0L2ltZy8xNzcwMzg0NzEyMDY1LzM3N2ZkMDlkZjBlYWYxM2NlOWMxMzRjZTY4ODBhOTcyIiwiZW1haWwiOiJEZXRyaXRhbHdAb3V0bG9vay5jb20iLCJ0YWdzIjpbIue7nOeahOS4lueVjCIsIuW8gOWPkee7hCJdLCJsYWJlbHMiOlsi57uc55qE5LiW55WMIiwi5byA5Y+R57uEIl19fQ==", "session.sig": "pKz65QF9xe6DtEACbiosg5Kaw9c"}
2026-04-12 15:15:04,064 [INFO] [bbbs_live.py:20 - _log_request()] [Live DEBUG] Body: {"name": "asd"}
2026-04-12 15:15:04,139 [INFO] [bbbs_live.py:25 - _log_response()] [Live DEBUG] ===== 响应 =====
2026-04-12 15:15:04,139 [INFO] [bbbs_live.py:26 - _log_response()] [Live DEBUG] Status: 200
2026-04-12 15:15:04,140 [INFO] [bbbs_live.py:27 - _log_response()] [Live DEBUG] Headers: {'Connection': 'close', 'Content-Length': '48', 'Content-Type': 'application/json; charset=utf-8', 'Date': 'Sun, 12 Apr 2026 07:15:04 GMT', 'Etag': 'W/"30-95vxY/BP37csy30Co++TOIXl61E"', 'X-Powered-By': 'Express'}
2026-04-12 15:15:04,140 [INFO] [bbbs_live.py:29 - _log_response()] [Live DEBUG] Body: {"success":true,"spaceId":"1775978104286_h414p"}
2026-04-12 15:15:04,141 [INFO] [bbbs_live.py:16 - _log_request()] [Live DEBUG] ===== 请求 =====
2026-04-12 15:15:04,141 [INFO] [bbbs_live.py:17 - _log_request()] [Live DEBUG] GET http://123.129.241.101:21111/api/live/list
2026-04-12 15:15:04,141 [INFO] [bbbs_live.py:18 - _log_request()] [Live DEBUG] Cookies: {"session": "eyJ1c2VyIjp7InVzZXJuYW1lIjoiRGV0cml0YWwiLCJhdmF0YXIiOiJodHRwczovL2ltZy5ibG9yZXQubmV0L2ltZy8xNzcwMzg0NzEyMDY1LzM3N2ZkMDlkZjBlYWYxM2NlOWMxMzRjZTY4ODBhOTcyIiwiZW1haWwiOiJEZXRyaXRhbHdAb3V0bG9vay5jb20iLCJ0YWdzIjpbIue7nOeahOS4lueVjCIsIuW8gOWPkee7hCJdLCJsYWJlbHMiOlsi57uc55qE5LiW55WMIiwi5byA5Y+R57uEIl19fQ==", "session.sig": "pKz65QF9xe6DtEACbiosg5Kaw9c"}
2026-04-12 15:15:04,216 [INFO] [bbbs_live.py:25 - _log_response()] [Live DEBUG] ===== 响应 =====
2026-04-12 15:15:04,217 [INFO] [bbbs_live.py:26 - _log_response()] [Live DEBUG] Status: 200
2026-04-12 15:15:04,217 [INFO] [bbbs_live.py:27 - _log_response()] [Live DEBUG] Headers: {'Connection': 'close', 'Content-Length': '160', 'Content-Type': 'application/json; charset=utf-8', 'Date': 'Sun, 12 Apr 2026 07:15:04 GMT', 'Etag': 'W/"a0-5HmkZy8EjJ/VKU4hfYpTDNwx15w"', 'X-Powered-By': 'Express'}
2026-04-12 15:15:04,217 [INFO] [bbbs_live.py:29 - _log_response()] [Live DEBUG] Body: [{"id":"1775978104286_h414p","name":"asd","owner":"Detrital","createdTime":1775978104286,"memberHistory":[],"userCount":0,"onlineUsers":[],"hasPassword":false}]
2026-04-12 15:15:05,181 [INFO] [bbbs_live.py:16 - _log_request()] [Live DEBUG] ===== 请求 =====
2026-04-12 15:15:05,181 [INFO] [bbbs_live.py:17 - _log_request()] [Live DEBUG] GET http://123.129.241.101:21111/api/live/check-access/1775978104286_h414p
2026-04-12 15:15:05,182 [INFO] [bbbs_live.py:18 - _log_request()] [Live DEBUG] Cookies: {"session": "eyJ1c2VyIjp7InVzZXJuYW1lIjoiRGV0cml0YWwiLCJhdmF0YXIiOiJodHRwczovL2ltZy5ibG9yZXQubmV0L2ltZy8xNzcwMzg0NzEyMDY1LzM3N2ZkMDlkZjBlYWYxM2NlOWMxMzRjZTY4ODBhOTcyIiwiZW1haWwiOiJEZXRyaXRhbHdAb3V0bG9vay5jb20iLCJ0YWdzIjpbIue7nOeahOS4lueVjCIsIuW8gOWPkee7hCJdLCJsYWJlbHMiOlsi57uc55qE5LiW55WMIiwi5byA5Y+R57uEIl19fQ==", "session.sig": "pKz65QF9xe6DtEACbiosg5Kaw9c"}
2026-04-12 15:15:05,257 [INFO] [bbbs_live.py:25 - _log_response()] [Live DEBUG] ===== 响应 =====
2026-04-12 15:15:05,258 [INFO] [bbbs_live.py:26 - _log_response()] [Live DEBUG] Status: 200
2026-04-12 15:15:05,258 [INFO] [bbbs_live.py:27 - _log_response()] [Live DEBUG] Headers: {'Connection': 'close', 'Content-Length': '41', 'Content-Type': 'application/json; charset=utf-8', 'Date': 'Sun, 12 Apr 2026 07:15:05 GMT', 'Etag': 'W/"29-C2OyIKreOZDyDKl6OlesOcFR2GM"', 'X-Powered-By': 'Express'}
2026-04-12 15:15:05,259 [INFO] [bbbs_live.py:29 - _log_response()] [Live DEBUG] Body: {"needsPassword":false,"spaceName":"asd"}
2026-04-12 15:15:06,334 [INFO] [bbbs_live.py:16 - _log_request()] [Live DEBUG] ===== 请求 =====
2026-04-12 15:15:06,334 [INFO] [bbbs_live.py:17 - _log_request()] [Live DEBUG] GET http://123.129.241.101:21111/api/live/check-access/1775978104286_h414p
2026-04-12 15:15:06,335 [INFO] [bbbs_live.py:18 - _log_request()] [Live DEBUG] Cookies: {"session": "eyJ1c2VyIjp7InVzZXJuYW1lIjoiRGV0cml0YWwiLCJhdmF0YXIiOiJodHRwczovL2ltZy5ibG9yZXQubmV0L2ltZy8xNzcwMzg0NzEyMDY1LzM3N2ZkMDlkZjBlYWYxM2NlOWMxMzRjZTY4ODBhOTcyIiwiZW1haWwiOiJEZXRyaXRhbHdAb3V0bG9vay5jb20iLCJ0YWdzIjpbIue7nOeahOS4lueVjCIsIuW8gOWPkee7hCJdLCJsYWJlbHMiOlsi57uc55qE5LiW55WMIiwi5byA5Y+R57uEIl19fQ==", "session.sig": "pKz65QF9xe6DtEACbiosg5Kaw9c"}
2026-04-12 15:15:06,411 [INFO] [bbbs_live.py:25 - _log_response()] [Live DEBUG] ===== 响应 =====
2026-04-12 15:15:06,412 [INFO] [bbbs_live.py:26 - _log_response()] [Live DEBUG] Status: 200
2026-04-12 15:15:06,412 [INFO] [bbbs_live.py:27 - _log_response()] [Live DEBUG] Headers: {'Connection': 'close', 'Content-Length': '41', 'Content-Type': 'application/json; charset=utf-8', 'Date': 'Sun, 12 Apr 2026 07:15:06 GMT', 'Etag': 'W/"29-C2OyIKreOZDyDKl6OlesOcFR2GM"', 'X-Powered-By': 'Express'}
2026-04-12 15:15:06,412 [INFO] [bbbs_live.py:29 - _log_response()] [Live DEBUG] Body: {"needsPassword":false,"spaceName":"asd"}
2026-04-12 15:15:06,517 [INFO] [bbbs_live.py:16 - _log_request()] [Live DEBUG] ===== 请求 =====
2026-04-12 15:15:06,518 [INFO] [bbbs_live.py:17 - _log_request()] [Live DEBUG] GET http://123.129.241.101:21111/api/live/check-access/1775978104286_h414p
2026-04-12 15:15:06,518 [INFO] [bbbs_live.py:18 - _log_request()] [Live DEBUG] Cookies: {"session": "eyJ1c2VyIjp7InVzZXJuYW1lIjoiRGV0cml0YWwiLCJhdmF0YXIiOiJodHRwczovL2ltZy5ibG9yZXQubmV0L2ltZy8xNzcwMzg0NzEyMDY1LzM3N2ZkMDlkZjBlYWYxM2NlOWMxMzRjZTY4ODBhOTcyIiwiZW1haWwiOiJEZXRyaXRhbHdAb3V0bG9vay5jb20iLCJ0YWdzIjpbIue7nOeahOS4lueVjCIsIuW8gOWPkee7hCJdLCJsYWJlbHMiOlsi57uc55qE5LiW55WMIiwi5byA5Y+R57uEIl19fQ==", "session.sig": "pKz65QF9xe6DtEACbiosg5Kaw9c"}
2026-04-12 15:15:06,591 [INFO] [bbbs_live.py:25 - _log_response()] [Live DEBUG] ===== 响应 =====
2026-04-12 15:15:06,591 [INFO] [bbbs_live.py:26 - _log_response()] [Live DEBUG] Status: 200
2026-04-12 15:15:06,591 [INFO] [bbbs_live.py:27 - _log_response()] [Live DEBUG] Headers: {'Connection': 'close', 'Content-Length': '41', 'Content-Type': 'application/json; charset=utf-8', 'Date': 'Sun, 12 Apr 2026 07:15:06 GMT', 'Etag': 'W/"29-C2OyIKreOZDyDKl6OlesOcFR2GM"', 'X-Powered-By': 'Express'}
2026-04-12 15:15:06,591 [INFO] [bbbs_live.py:29 - _log_response()] [Live DEBUG] Body: {"needsPassword":false,"spaceName":"asd"}
2026-04-12 15:15:06,698 [INFO] [bbbs_live.py:16 - _log_request()] [Live DEBUG] ===== 请求 =====
2026-04-12 15:15:06,698 [INFO] [bbbs_live.py:17 - _log_request()] [Live DEBUG] GET http://123.129.241.101:21111/api/live/check-access/1775978104286_h414p
2026-04-12 15:15:06,699 [INFO] [bbbs_live.py:18 - _log_request()] [Live DEBUG] Cookies: {"session": "eyJ1c2VyIjp7InVzZXJuYW1lIjoiRGV0cml0YWwiLCJhdmF0YXIiOiJodHRwczovL2ltZy5ibG9yZXQubmV0L2ltZy8xNzcwMzg0NzEyMDY1LzM3N2ZkMDlkZjBlYWYxM2NlOWMxMzRjZTY4ODBhOTcyIiwiZW1haWwiOiJEZXRyaXRhbHdAb3V0bG9vay5jb20iLCJ0YWdzIjpbIue7nOeahOS4lueVjCIsIuW8gOWPkee7hCJdLCJsYWJlbHMiOlsi57uc55qE5LiW55WMIiwi5byA5Y+R57uEIl19fQ==", "session.sig": "pKz65QF9xe6DtEACbiosg5Kaw9c"}
2026-04-12 15:15:06,778 [INFO] [bbbs_live.py:25 - _log_response()] [Live DEBUG] ===== 响应 =====
2026-04-12 15:15:06,779 [INFO] [bbbs_live.py:26 - _log_response()] [Live DEBUG] Status: 200
2026-04-12 15:15:06,779 [INFO] [bbbs_live.py:27 - _log_response()] [Live DEBUG] Headers: {'Connection': 'close', 'Content-Length': '41', 'Content-Type': 'application/json; charset=utf-8', 'Date': 'Sun, 12 Apr 2026 07:15:06 GMT', 'Etag': 'W/"29-C2OyIKreOZDyDKl6OlesOcFR2GM"', 'X-Powered-By': 'Express'}
2026-04-12 15:15:06,779 [INFO] [bbbs_live.py:29 - _log_response()] [Live DEBUG] Body: {"needsPassword":false,"spaceName":"asd"}
2026-04-12 15:15:14,832 [INFO] [bbbs_live.py:16 - _log_request()] [Live DEBUG] ===== 请求 =====
2026-04-12 15:15:14,833 [INFO] [bbbs_live.py:17 - _log_request()] [Live DEBUG] GET http://123.129.241.101:21111/api/live/check-access/1775978104286_h414p
2026-04-12 15:15:14,833 [INFO] [bbbs_live.py:18 - _log_request()] [Live DEBUG] Cookies: {"session": "eyJ1c2VyIjp7InVzZXJuYW1lIjoiRGV0cml0YWwiLCJhdmF0YXIiOiJodHRwczovL2ltZy5ibG9yZXQubmV0L2ltZy8xNzcwMzg0NzEyMDY1LzM3N2ZkMDlkZjBlYWYxM2NlOWMxMzRjZTY4ODBhOTcyIiwiZW1haWwiOiJEZXRyaXRhbHdAb3V0bG9vay5jb20iLCJ0YWdzIjpbIue7nOeahOS4lueVjCIsIuW8gOWPkee7hCJdLCJsYWJlbHMiOlsi57uc55qE5LiW55WMIiwi5byA5Y+R57uEIl19fQ==", "session.sig": "pKz65QF9xe6DtEACbiosg5Kaw9c"}
2026-04-12 15:15:14,912 [INFO] [bbbs_live.py:25 - _log_response()] [Live DEBUG] ===== 响应 =====
2026-04-12 15:15:14,913 [INFO] [bbbs_live.py:26 - _log_response()] [Live DEBUG] Status: 200
2026-04-12 15:15:14,913 [INFO] [bbbs_live.py:27 - _log_response()] [Live DEBUG] Headers: {'Connection': 'close', 'Content-Length': '41', 'Content-Type': 'application/json; charset=utf-8', 'Date': 'Sun, 12 Apr 2026 07:15:15 GMT', 'Etag': 'W/"29-C2OyIKreOZDyDKl6OlesOcFR2GM"', 'X-Powered-By': 'Express'}
2026-04-12 15:15:14,913 [INFO] [bbbs_live.py:29 - _log_response()] [Live DEBUG] Body: {"needsPassword":false,"spaceName":"asd"}
2026-04-12 15:15:15,130 [INFO] [bbbs_live.py:16 - _log_request()] [Live DEBUG] ===== 请求 =====
2026-04-12 15:15:15,131 [INFO] [bbbs_live.py:17 - _log_request()] [Live DEBUG] GET http://123.129.241.101:21111/api/live/check-access/1775978104286_h414p
2026-04-12 15:15:15,131 [INFO] [bbbs_live.py:18 - _log_request()] [Live DEBUG] Cookies: {"session": "eyJ1c2VyIjp7InVzZXJuYW1lIjoiRGV0cml0YWwiLCJhdmF0YXIiOiJodHRwczovL2ltZy5ibG9yZXQubmV0L2ltZy8xNzcwMzg0NzEyMDY1LzM3N2ZkMDlkZjBlYWYxM2NlOWMxMzRjZTY4ODBhOTcyIiwiZW1haWwiOiJEZXRyaXRhbHdAb3V0bG9vay5jb20iLCJ0YWdzIjpbIue7nOeahOS4lueVjCIsIuW8gOWPkee7hCJdLCJsYWJlbHMiOlsi57uc55qE5LiW55WMIiwi5byA5Y+R57uEIl19fQ==", "session.sig": "pKz65QF9xe6DtEACbiosg5Kaw9c"}
2026-04-12 15:15:15,219 [INFO] [bbbs_live.py:25 - _log_response()] [Live DEBUG] ===== 响应 =====
2026-04-12 15:15:15,219 [INFO] [bbbs_live.py:26 - _log_response()] [Live DEBUG] Status: 200
2026-04-12 15:15:15,220 [INFO] [bbbs_live.py:27 - _log_response()] [Live DEBUG] Headers: {'Connection': 'close', 'Content-Length': '41', 'Content-Type': 'application/json; charset=utf-8', 'Date': 'Sun, 12 Apr 2026 07:15:15 GMT', 'Etag': 'W/"29-C2OyIKreOZDyDKl6OlesOcFR2GM"', 'X-Powered-By': 'Express'}
2026-04-12 15:15:15,220 [INFO] [bbbs_live.py:29 - _log_response()] [Live DEBUG] Body: {"needsPassword":false,"spaceName":"asd"}
2026-04-12 15:15:15,297 [INFO] [bbbs_live.py:16 - _log_request()] [Live DEBUG] ===== 请求 =====
2026-04-12 15:15:15,297 [INFO] [bbbs_live.py:17 - _log_request()] [Live DEBUG] GET http://123.129.241.101:21111/api/live/check-access/1775978104286_h414p
2026-04-12 15:15:15,297 [INFO] [bbbs_live.py:18 - _log_request()] [Live DEBUG] Cookies: {"session": "eyJ1c2VyIjp7InVzZXJuYW1lIjoiRGV0cml0YWwiLCJhdmF0YXIiOiJodHRwczovL2ltZy5ibG9yZXQubmV0L2ltZy8xNzcwMzg0NzEyMDY1LzM3N2ZkMDlkZjBlYWYxM2NlOWMxMzRjZTY4ODBhOTcyIiwiZW1haWwiOiJEZXRyaXRhbHdAb3V0bG9vay5jb20iLCJ0YWdzIjpbIue7nOeahOS4lueVjCIsIuW8gOWPkee7hCJdLCJsYWJlbHMiOlsi57uc55qE5LiW55WMIiwi5byA5Y+R57uEIl19fQ==", "session.sig": "pKz65QF9xe6DtEACbiosg5Kaw9c"}
2026-04-12 15:15:15,378 [INFO] [bbbs_live.py:25 - _log_response()] [Live DEBUG] ===== 响应 =====
2026-04-12 15:15:15,378 [INFO] [bbbs_live.py:26 - _log_response()] [Live DEBUG] Status: 200
2026-04-12 15:15:15,378 [INFO] [bbbs_live.py:27 - _log_response()] [Live DEBUG] Headers: {'Connection': 'close', 'Content-Length': '41', 'Content-Type': 'application/json; charset=utf-8', 'Date': 'Sun, 12 Apr 2026 07:15:15 GMT', 'Etag': 'W/"29-C2OyIKreOZDyDKl6OlesOcFR2GM"', 'X-Powered-By': 'Express'}
2026-04-12 15:15:15,378 [INFO] [bbbs_live.py:29 - _log_response()] [Live DEBUG] Body: {"needsPassword":false,"spaceName":"asd"}
2026-04-12 15:15:15,463 [INFO] [bbbs_live.py:16 - _log_request()] [Live DEBUG] ===== 请求 =====
2026-04-12 15:15:15,463 [INFO] [bbbs_live.py:17 - _log_request()] [Live DEBUG] GET http://123.129.241.101:21111/api/live/check-access/1775978104286_h414p
2026-04-12 15:15:15,463 [INFO] [bbbs_live.py:18 - _log_request()] [Live DEBUG] Cookies: {"session": "eyJ1c2VyIjp7InVzZXJuYW1lIjoiRGV0cml0YWwiLCJhdmF0YXIiOiJodHRwczovL2ltZy5ibG9yZXQubmV0L2ltZy8xNzcwMzg0NzEyMDY1LzM3N2ZkMDlkZjBlYWYxM2NlOWMxMzRjZTY4ODBhOTcyIiwiZW1haWwiOiJEZXRyaXRhbHdAb3V0bG9vay5jb20iLCJ0YWdzIjpbIue7nOeahOS4lueVjCIsIuW8gOWPkee7hCJdLCJsYWJlbHMiOlsi57uc55qE5LiW55WMIiwi5byA5Y+R57uEIl19fQ==", "session.sig": "pKz65QF9xe6DtEACbiosg5Kaw9c"}
2026-04-12 15:15:15,538 [INFO] [bbbs_live.py:25 - _log_response()] [Live DEBUG] ===== 响应 =====
2026-04-12 15:15:15,538 [INFO] [bbbs_live.py:26 - _log_response()] [Live DEBUG] Status: 200
2026-04-12 15:15:15,538 [INFO] [bbbs_live.py:27 - _log_response()] [Live DEBUG] Headers: {'Connection': 'close', 'Content-Length': '41', 'Content-Type': 'application/json; charset=utf-8', 'Date': 'Sun, 12 Apr 2026 07:15:15 GMT', 'Etag': 'W/"29-C2OyIKreOZDyDKl6OlesOcFR2GM"', 'X-Powered-By': 'Express'}
2026-04-12 15:15:15,539 [INFO] [bbbs_live.py:29 - _log_response()] [Live DEBUG] Body: {"needsPassword":false,"spaceName":"asd"}
2026-04-12 15:15:15,630 [INFO] [bbbs_live.py:16 - _log_request()] [Live DEBUG] ===== 请求 =====
2026-04-12 15:15:15,631 [INFO] [bbbs_live.py:17 - _log_request()] [Live DEBUG] GET http://123.129.241.101:21111/api/live/check-access/1775978104286_h414p
2026-04-12 15:15:15,631 [INFO] [bbbs_live.py:18 - _log_request()] [Live DEBUG] Cookies: {"session": "eyJ1c2VyIjp7InVzZXJuYW1lIjoiRGV0cml0YWwiLCJhdmF0YXIiOiJodHRwczovL2ltZy5ibG9yZXQubmV0L2ltZy8xNzcwMzg0NzEyMDY1LzM3N2ZkMDlkZjBlYWYxM2NlOWMxMzRjZTY4ODBhOTcyIiwiZW1haWwiOiJEZXRyaXRhbHdAb3V0bG9vay5jb20iLCJ0YWdzIjpbIue7nOeahOS4lueVjCIsIuW8gOWPkee7hCJdLCJsYWJlbHMiOlsi57uc55qE5LiW55WMIiwi5byA5Y+R57uEIl19fQ==", "session.sig": "pKz65QF9xe6DtEACbiosg5Kaw9c"}
2026-04-12 15:15:15,710 [INFO] [bbbs_live.py:25 - _log_response()] [Live DEBUG] ===== 响应 =====
2026-04-12 15:15:15,710 [INFO] [bbbs_live.py:26 - _log_response()] [Live DEBUG] Status: 200
2026-04-12 15:15:15,710 [INFO] [bbbs_live.py:27 - _log_response()] [Live DEBUG] Headers: {'Connection': 'close', 'Content-Length': '41', 'Content-Type': 'application/json; charset=utf-8', 'Date': 'Sun, 12 Apr 2026 07:15:15 GMT', 'Etag': 'W/"29-C2OyIKreOZDyDKl6OlesOcFR2GM"', 'X-Powered-By': 'Express'}
2026-04-12 15:15:15,710 [INFO] [bbbs_live.py:29 - _log_response()] [Live DEBUG] Body: {"needsPassword":false,"spaceName":"asd"}
2026-04-12 15:15:15,830 [INFO] [bbbs_live.py:16 - _log_request()] [Live DEBUG] ===== 请求 =====
2026-04-12 15:15:15,830 [INFO] [bbbs_live.py:17 - _log_request()] [Live DEBUG] GET http://123.129.241.101:21111/api/live/check-access/1775978104286_h414p
2026-04-12 15:15:15,830 [INFO] [bbbs_live.py:18 - _log_request()] [Live DEBUG] Cookies: {"session": "eyJ1c2VyIjp7InVzZXJuYW1lIjoiRGV0cml0YWwiLCJhdmF0YXIiOiJodHRwczovL2ltZy5ibG9yZXQubmV0L2ltZy8xNzcwMzg0NzEyMDY1LzM3N2ZkMDlkZjBlYWYxM2NlOWMxMzRjZTY4ODBhOTcyIiwiZW1haWwiOiJEZXRyaXRhbHdAb3V0bG9vay5jb20iLCJ0YWdzIjpbIue7nOeahOS4lueVjCIsIuW8gOWPkee7hCJdLCJsYWJlbHMiOlsi57uc55qE5LiW55WMIiwi5byA5Y+R57uEIl19fQ==", "session.sig": "pKz65QF9xe6DtEACbiosg5Kaw9c"}
2026-04-12 15:15:15,910 [INFO] [bbbs_live.py:25 - _log_response()] [Live DEBUG] ===== 响应 =====
2026-04-12 15:15:15,910 [INFO] [bbbs_live.py:26 - _log_response()] [Live DEBUG] Status: 200
2026-04-12 15:15:15,910 [INFO] [bbbs_live.py:27 - _log_response()] [Live DEBUG] Headers: {'Connection': 'close', 'Content-Length': '41', 'Content-Type': 'application/json; charset=utf-8', 'Date': 'Sun, 12 Apr 2026 07:15:16 GMT', 'Etag': 'W/"29-C2OyIKreOZDyDKl6OlesOcFR2GM"', 'X-Powered-By': 'Express'}
2026-04-12 15:15:15,910 [INFO] [bbbs_live.py:29 - _log_response()] [Live DEBUG] Body: {"needsPassword":false,"spaceName":"asd"}
2026-04-12 15:16:29,858 [INFO] [IP.py:7 - <module>()] 正在获取服务器 IP...
2026-04-12 15:16:30,756 [INFO] [IP.py:15 - <module>()] 已更新服务器 IP: http://123.129.241.101
2026-04-12 15:16:31,443 [INFO] [config.py:23 - <module>()] 正在检查配置文件路径: /Users/mac/Library/Application Support/Bloret-Launcher/config.json
2026-04-12 15:16:31,444 [INFO] [config.py:24 - <module>()] 源配置文件路径: /Users/mac/Documents/Github/Bloret-Launcher/config.json
2026-04-12 15:16:31,444 [INFO] [config.py:25 - <module>()] 默认配置文件是否存在: True
2026-04-12 15:16:31,444 [INFO] [config.py:42 - <module>()] 目标配置文件已存在: /Users/mac/Library/Application Support/Bloret-Launcher/config.json
2026-04-12 15:16:31,444 [INFO] [config.py:45 - <module>()] 正在读取配置文件: /Users/mac/Library/Application Support/Bloret-Launcher/config.json
2026-04-12 15:16:31,444 [INFO] [config.py:49 - <module>()] 成功读取配置文件，正在检查版本字段...
2026-04-12 15:16:31,446 [INFO] [config.py:59 - <module>()] 当前配置文件版本: 27
2026-04-12 15:16:31,446 [INFO] [config.py:60 - <module>()] 默认配置文件版本: 27
2026-04-12 15:16:31,446 [INFO] [config.py:76 - <module>()] 配置文件版本匹配，无需更新
2026-04-12 15:16:31,446 [INFO] [config.py:93 - <module>()] 配置文件路径: /Users/mac/Library/Application Support/Bloret-Launcher/config.json
2026-04-12 15:16:31,446 [INFO] [config.py:108 - <module>()] 正在读取最终配置文件: /Users/mac/Library/Application Support/Bloret-Launcher/config.json
2026-04-12 15:16:31,446 [INFO] [config.py:110 - <module>()] 成功读取配置文件内容: {'minecraft-part': '.minecraft', 'first-run': True, 'ver': '27', '123': '123', 'size': 85, 'themelight': False, 'repeat_run': False, 'show_runtime_do': False, 'Customize': [], 'Bloret_PassPort_Login': True, 'Bloret_PassPort_UserName': 'Detrital', 'Bloret_PassPort_PassWord': '840a6ffafbfa798075c34ba15807cba0', 'Bloret_PassPort_Admin': False, 'bbbs_session': 'eyJ1c2VyIjp7InVzZXJuYW1lIjoiRGV0cml0YWwiLCJhdmF0YXIiOiJodHRwczovL2ltZy5ibG9yZXQubmV0L2ltZy8xNzcwMzg0NzEyMDY1LzM3N2ZkMDlkZjBlYWYxM2NlOWMxMzRjZTY4ODBhOTcyIiwiZW1haWwiOiJEZXRyaXRhbHdAb3V0bG9vay5jb20iLCJ0YWdzIjpbIue7nOeahOS4lueVjCIsIuW8gOWPkee7hCJdLCJsYWJlbHMiOlsi57uc55qE5LiW55WMIiwi5byA5Y+R57uEIl19fQ==', 'whenCWopen_BLopen': True, 'localmod': False, 'home_show_login_mod': True, 'self-starting': False, 'MaxThread': 64, 'Minecraft_Versions': ['1.21.8', '1.21.7'], 'minecraft_dir': '/Users/mac/Library/Application Support/Bloret-Launcher/.minecraft', 'Java_Path': 'C:\\Program Files\\Zulu\\zulu-23\\bin\\java.exe', 'language': 'zh-cn', 'screen_cut_shortcut': 'Ctrl+Alt+A', 'MinecraftAccount': {'logined': True, 'chosen': 1, 'accounts': [{'type': 'Offline', 'uuid': '9ac85f4e-6325-d7ff-736b-3176269fede2', 'username': 'Detritalw', 'login_time': '2026-01-06T03:06:04.006Z'}, {'type': 'Microsoft', 'uuid': 'f282dda069a94787b12baa16a1939fc4', 'username': 'Detritalw', 'login_time': '2026-04-11T11:31:00.421Z', 'access_token': 'eyJraWQiOiIwNDkxODEiLCJhbGciOiJSUzI1NiJ9.eyJ4dWlkIjoiMjUzNTQ1MDIxMzQ2OTExMSIsImFnZyI6IkFkdWx0Iiwic3ViIjoiY2Y1MzViZDQtYmEwNS00YjNlLTljNjktMmE3NzMzZDY0OTRiIiwiYXV0aCI6IlhCT1giLCJwZmlkIjoiQzNGRTFCMkQ5RURENkMxRSIsIm5zIjoiZGVmYXVsdCIsInJvbGVzIjpbXSwiaXNzIjoiYXV0aGVudGljYXRpb24iLCJmbGFncyI6WyJtdWx0aXBsYXllciJdLCJwcm9maWxlcyI6eyJtYyI6ImYyODJkZGEwLTY5YTktNDc4Ny1iMTJiLWFhMTZhMTkzOWZjNCJ9LCJtaWQiOiJDM0ZFMUIyRDlFREQ2QzFFIiwicG1pZCI6ImQzMmQzMmI0LTM3ZTctNWZiNy05MDk0LWUwNGViMWJmOWIwMyIsInBsYXRmb3JtIjoiUENfTEFVTkNIRVIiLCJ0aWQiOiJFOTlCMCIsInBmZCI6W3sidHlwZSI6Im1jIiwiaWQiOiJmMjgyZGRhMC02OWE5LTQ3ODctYjEyYi1hYTE2YTE5MzlmYzQiLCJuYW1lIjoiRGV0cml0YWx3In1dLCJ4aWQiOiIyNTM1NDUwMjEzNDY5MTExIiwibmJmIjoxNzc1OTA3MDU5LCJleHAiOjE3NzU5OTM0NTksImlhdCI6MTc3NTkwNzA1OSwiYWlkIjoiOGQ2Nzc4NWMtYmRjMS00ODBiLWIwMTQtYTcwYTNjYjc2ZWEwIn0.IBLYS5wLXqClBy_6Hut_5BYwwatjIORHKkJOboekAbCI_BXkmGeb6pE6-BTfUA9qHuBYQEDMP29M2gqZYJV3Ql7qyCTzkeGxu8xDWUiegpze4e-HfAr2_pkk6uI_gyHwsKOnb1AFrL5c4mRpl5LRt6Asu74sKyAjMQXhS-KQ-YptG1oEh_PU-fC7j2vR1yzjM1PLn2nQd0lwYOZKRnLWz6DZmgwvLBM03c6clvFgNaENo9223D-LeIv0L-t7vT4Pa-ZSITKyMRIgHUttdWIf0VR3BbyUpzHN8-mib_hqjsB_W9N6xsTowzwoL7NILyEBKNLLbgZzgDqJu6u2F-UZVw', 'refresh_token': 'M.C539_SN1.0.U.-ChXA46jeo28vOuX3huKo8einy8J3TNNlNKP5pRxYfT4F201p1ceAAiFpCFHB8HGtDk6stdcZCf*SwRksV40pTfhE74YTqlmHVfpNVuuTRn3FdYQgVJTGxBXYu3YK2FL!y2lpTNbzrtXzRucquJxmvMyhMu37pnFpE2ounWqw!u*z9LLRBm2qTGjCZ0kelCEEaCMFaEE2Id5m*vlvanJ3XgDxMj*s7LMHIAk8lFUpGStg9CHl!48dfmj4bRQaPDUoAmZuaD3nZeLU*ym1IhGGQkhLXvR!jc3wqSvFrVUYhd3yu8B8*ILkSxHldMUAoM3WriZcLjJ9kj6ifyoimWQl8kx9sHatADG3AnQ2cFH12e7AtoP1FLJ0zp25UVWBQU16KA$$'}]}, 'mwtool_switch_open': True, 'show_account_on_home': True, 'minimize_to_tray_on_close': True, 'ChoosedRun': '1.21.8', 'java_path': '/usr/bin/java', 'Bloret_PassPort_Avatar': 'https://img.bloret.net/img/1770384712065/377fd09df0eaf13ce9c134ce6880a972', 'bbbs_session_sig': 'pKz65QF9xe6DtEACbiosg5Kaw9c'}
2026-04-12 15:16:31,447 [INFO] [config.py:113 - <module>()] Minecraft目录已设置为: '/Users/mac/Library/Application Support/Bloret-Launcher/.minecraft'
2026-04-12 15:16:31,447 [INFO] [config.py:118 - <module>()] Minecraft目录存在: /Users/mac/Library/Application Support/Bloret-Launcher/.minecraft
2026-04-12 15:16:36,759 [INFO] [setup_ui.py:642 - get_all_launch_items()] get_all_launch_items 返回 items: [{'name': '1.21.8-Fabric 0.18.4', 'type': 'minecraft', 'icon': <PySide6.QtGui.QIcon(null) at 0x14ff2d700>, 'path': '1.21.8-Fabric 0.18.4'}, {'name': '1.21.8', 'type': 'minecraft', 'icon': <PySide6.QtGui.QIcon(null) at 0x14ff2d740>, 'path': '1.21.8'}]
2026-04-12 15:16:36,761 [INFO] [chafuwang.py:65 - getServerData()] 创建线程以获取服务器数据: Bloret
2026-04-12 15:16:36,761 [INFO] [chafuwang.py:22 - _fetch_data()] 开始获取服务器数据: Bloret
2026-04-12 15:16:36,761 [INFO] [chafuwang.py:71 - getServerData()] 线程已启动，用于获取服务器数据: Bloret (线程ID: 123145410285568)
2026-04-12 15:16:36,761 [INFO] [chafuwang.py:26 - _fetch_data()] 正在发送HTTP GET请求到服务器: Bloret
2026-04-12 15:16:37,090 [INFO] [BLServer.py:117 - get_latest_version()] 获取到的每日提示: ['是免费开源的 Minecraft 启动器', '专为 Bloret 玩家打造', '由 AI 驱动的 Minecraft 启动器', '是受 Bloret 支持的 Minecraft 启动器', '最贴近 Windows 11 设计的 Minecraft 启动器', '集成 Modrinth、Easyiter 以及 Bloret 服务', '现代化的 Minecraft 启动器', '王', '何意味', '原神所致。', '可以启动 原神。', '可以启动 崩坏：星穹铁道。', '可以启动 绝区零。', '什么都可以启动其实']
2026-04-12 15:16:37,091 [INFO] [BLServer.py:123 - get_latest_version()] 获取到的活动信息: {'show': False, 'status': 'ongoing', 'title': 'Bloret Launcher 春节小游戏', 'description': '完成一个简单的小游戏（大约半分钟），感受春节氛围，可获得最多 50 络琅 + 200 金币奖励！', 'icon': 'https://img.bloret.net/img/1769925156328/79a6037022aeb4ee9e71bf1fd85db271', 'time': '2026-02-14 到 2026-03-03', 'link': 'https://launcher.bloret.net/spr_activity'}
2026-04-12 15:16:37,621 [INFO] [BLServer.py:117 - get_latest_version()] 获取到的每日提示: ['是免费开源的 Minecraft 启动器', '专为 Bloret 玩家打造', '由 AI 驱动的 Minecraft 启动器', '是受 Bloret 支持的 Minecraft 启动器', '最贴近 Windows 11 设计的 Minecraft 启动器', '集成 Modrinth、Easyiter 以及 Bloret 服务', '现代化的 Minecraft 启动器', '王', '何意味', '原神所致。', '可以启动 原神。', '可以启动 崩坏：星穹铁道。', '可以启动 绝区零。', '什么都可以启动其实']
2026-04-12 15:16:37,621 [INFO] [BLServer.py:123 - get_latest_version()] 获取到的活动信息: {'show': False, 'status': 'ongoing', 'title': 'Bloret Launcher 春节小游戏', 'description': '完成一个简单的小游戏（大约半分钟），感受春节氛围，可获得最多 50 络琅 + 200 金币奖励！', 'icon': 'https://img.bloret.net/img/1769925156328/79a6037022aeb4ee9e71bf1fd85db271', 'time': '2026-02-14 到 2026-03-03', 'link': 'https://launcher.bloret.net/spr_activity'}
2026-04-12 15:16:38,380 [INFO] [chafuwang.py:28 - _fetch_data()] 收到服务器 Bloret 的响应，状态码: 200
2026-04-12 15:16:38,380 [INFO] [chafuwang.py:33 - _fetch_data()] 成功解析服务器 Bloret 的JSON数据，数据大小: 2377 字符
2026-04-12 15:17:33,994 [INFO] [IP.py:7 - <module>()] 正在获取服务器 IP...
2026-04-12 15:17:34,364 [INFO] [IP.py:15 - <module>()] 已更新服务器 IP: http://123.129.241.101
2026-04-12 15:17:35,021 [INFO] [config.py:23 - <module>()] 正在检查配置文件路径: /Users/mac/Library/Application Support/Bloret-Launcher/config.json
2026-04-12 15:17:35,021 [INFO] [config.py:24 - <module>()] 源配置文件路径: /Users/mac/Documents/Github/Bloret-Launcher/config.json
2026-04-12 15:17:35,022 [INFO] [config.py:25 - <module>()] 默认配置文件是否存在: True
2026-04-12 15:17:35,022 [INFO] [config.py:42 - <module>()] 目标配置文件已存在: /Users/mac/Library/Application Support/Bloret-Launcher/config.json
2026-04-12 15:17:35,022 [INFO] [config.py:45 - <module>()] 正在读取配置文件: /Users/mac/Library/Application Support/Bloret-Launcher/config.json
2026-04-12 15:17:35,022 [INFO] [config.py:49 - <module>()] 成功读取配置文件，正在检查版本字段...
2026-04-12 15:17:35,023 [INFO] [config.py:59 - <module>()] 当前配置文件版本: 27
2026-04-12 15:17:35,023 [INFO] [config.py:60 - <module>()] 默认配置文件版本: 27
2026-04-12 15:17:35,023 [INFO] [config.py:76 - <module>()] 配置文件版本匹配，无需更新
2026-04-12 15:17:35,023 [INFO] [config.py:93 - <module>()] 配置文件路径: /Users/mac/Library/Application Support/Bloret-Launcher/config.json
2026-04-12 15:17:35,023 [INFO] [config.py:108 - <module>()] 正在读取最终配置文件: /Users/mac/Library/Application Support/Bloret-Launcher/config.json
2026-04-12 15:17:35,023 [INFO] [config.py:110 - <module>()] 成功读取配置文件内容: {'minecraft-part': '.minecraft', 'first-run': True, 'ver': '27', '123': '123', 'size': 85, 'themelight': False, 'repeat_run': False, 'show_runtime_do': False, 'Customize': [], 'Bloret_PassPort_Login': True, 'Bloret_PassPort_UserName': 'Detrital', 'Bloret_PassPort_PassWord': '840a6ffafbfa798075c34ba15807cba0', 'Bloret_PassPort_Admin': False, 'bbbs_session': 'eyJ1c2VyIjp7InVzZXJuYW1lIjoiRGV0cml0YWwiLCJhdmF0YXIiOiJodHRwczovL2ltZy5ibG9yZXQubmV0L2ltZy8xNzcwMzg0NzEyMDY1LzM3N2ZkMDlkZjBlYWYxM2NlOWMxMzRjZTY4ODBhOTcyIiwiZW1haWwiOiJEZXRyaXRhbHdAb3V0bG9vay5jb20iLCJ0YWdzIjpbIue7nOeahOS4lueVjCIsIuW8gOWPkee7hCJdLCJsYWJlbHMiOlsi57uc55qE5LiW55WMIiwi5byA5Y+R57uEIl19fQ==', 'whenCWopen_BLopen': True, 'localmod': False, 'home_show_login_mod': True, 'self-starting': False, 'MaxThread': 64, 'Minecraft_Versions': ['1.21.8', '1.21.7'], 'minecraft_dir': '/Users/mac/Library/Application Support/Bloret-Launcher/.minecraft', 'Java_Path': 'C:\\Program Files\\Zulu\\zulu-23\\bin\\java.exe', 'language': 'zh-cn', 'screen_cut_shortcut': 'Ctrl+Alt+A', 'MinecraftAccount': {'logined': True, 'chosen': 1, 'accounts': [{'type': 'Offline', 'uuid': '9ac85f4e-6325-d7ff-736b-3176269fede2', 'username': 'Detritalw', 'login_time': '2026-01-06T03:06:04.006Z'}, {'type': 'Microsoft', 'uuid': 'f282dda069a94787b12baa16a1939fc4', 'username': 'Detritalw', 'login_time': '2026-04-11T11:31:00.421Z', 'access_token': 'eyJraWQiOiIwNDkxODEiLCJhbGciOiJSUzI1NiJ9.eyJ4dWlkIjoiMjUzNTQ1MDIxMzQ2OTExMSIsImFnZyI6IkFkdWx0Iiwic3ViIjoiY2Y1MzViZDQtYmEwNS00YjNlLTljNjktMmE3NzMzZDY0OTRiIiwiYXV0aCI6IlhCT1giLCJwZmlkIjoiQzNGRTFCMkQ5RURENkMxRSIsIm5zIjoiZGVmYXVsdCIsInJvbGVzIjpbXSwiaXNzIjoiYXV0aGVudGljYXRpb24iLCJmbGFncyI6WyJtdWx0aXBsYXllciJdLCJwcm9maWxlcyI6eyJtYyI6ImYyODJkZGEwLTY5YTktNDc4Ny1iMTJiLWFhMTZhMTkzOWZjNCJ9LCJtaWQiOiJDM0ZFMUIyRDlFREQ2QzFFIiwicG1pZCI6ImQzMmQzMmI0LTM3ZTctNWZiNy05MDk0LWUwNGViMWJmOWIwMyIsInBsYXRmb3JtIjoiUENfTEFVTkNIRVIiLCJ0aWQiOiJFOTlCMCIsInBmZCI6W3sidHlwZSI6Im1jIiwiaWQiOiJmMjgyZGRhMC02OWE5LTQ3ODctYjEyYi1hYTE2YTE5MzlmYzQiLCJuYW1lIjoiRGV0cml0YWx3In1dLCJ4aWQiOiIyNTM1NDUwMjEzNDY5MTExIiwibmJmIjoxNzc1OTA3MDU5LCJleHAiOjE3NzU5OTM0NTksImlhdCI6MTc3NTkwNzA1OSwiYWlkIjoiOGQ2Nzc4NWMtYmRjMS00ODBiLWIwMTQtYTcwYTNjYjc2ZWEwIn0.IBLYS5wLXqClBy_6Hut_5BYwwatjIORHKkJOboekAbCI_BXkmGeb6pE6-BTfUA9qHuBYQEDMP29M2gqZYJV3Ql7qyCTzkeGxu8xDWUiegpze4e-HfAr2_pkk6uI_gyHwsKOnb1AFrL5c4mRpl5LRt6Asu74sKyAjMQXhS-KQ-YptG1oEh_PU-fC7j2vR1yzjM1PLn2nQd0lwYOZKRnLWz6DZmgwvLBM03c6clvFgNaENo9223D-LeIv0L-t7vT4Pa-ZSITKyMRIgHUttdWIf0VR3BbyUpzHN8-mib_hqjsB_W9N6xsTowzwoL7NILyEBKNLLbgZzgDqJu6u2F-UZVw', 'refresh_token': 'M.C539_SN1.0.U.-ChXA46jeo28vOuX3huKo8einy8J3TNNlNKP5pRxYfT4F201p1ceAAiFpCFHB8HGtDk6stdcZCf*SwRksV40pTfhE74YTqlmHVfpNVuuTRn3FdYQgVJTGxBXYu3YK2FL!y2lpTNbzrtXzRucquJxmvMyhMu37pnFpE2ounWqw!u*z9LLRBm2qTGjCZ0kelCEEaCMFaEE2Id5m*vlvanJ3XgDxMj*s7LMHIAk8lFUpGStg9CHl!48dfmj4bRQaPDUoAmZuaD3nZeLU*ym1IhGGQkhLXvR!jc3wqSvFrVUYhd3yu8B8*ILkSxHldMUAoM3WriZcLjJ9kj6ifyoimWQl8kx9sHatADG3AnQ2cFH12e7AtoP1FLJ0zp25UVWBQU16KA$$'}]}, 'mwtool_switch_open': True, 'show_account_on_home': True, 'minimize_to_tray_on_close': True, 'ChoosedRun': '1.21.8', 'java_path': '/usr/bin/java', 'Bloret_PassPort_Avatar': 'https://img.bloret.net/img/1770384712065/377fd09df0eaf13ce9c134ce6880a972', 'bbbs_session_sig': 'pKz65QF9xe6DtEACbiosg5Kaw9c'}
2026-04-12 15:17:35,024 [INFO] [config.py:113 - <module>()] Minecraft目录已设置为: '/Users/mac/Library/Application Support/Bloret-Launcher/.minecraft'
2026-04-12 15:17:35,024 [INFO] [config.py:118 - <module>()] Minecraft目录存在: /Users/mac/Library/Application Support/Bloret-Launcher/.minecraft
2026-04-12 15:17:39,781 [INFO] [setup_ui.py:642 - get_all_launch_items()] get_all_launch_items 返回 items: [{'name': '1.21.8-Fabric 0.18.4', 'type': 'minecraft', 'icon': <PySide6.QtGui.QIcon(null) at 0x15055f800>, 'path': '1.21.8-Fabric 0.18.4'}, {'name': '1.21.8', 'type': 'minecraft', 'icon': <PySide6.QtGui.QIcon(null) at 0x15055fac0>, 'path': '1.21.8'}]
2026-04-12 15:17:39,783 [INFO] [chafuwang.py:65 - getServerData()] 创建线程以获取服务器数据: Bloret
2026-04-12 15:17:39,783 [INFO] [chafuwang.py:22 - _fetch_data()] 开始获取服务器数据: Bloret
2026-04-12 15:17:39,783 [INFO] [chafuwang.py:71 - getServerData()] 线程已启动，用于获取服务器数据: Bloret (线程ID: 123145375698944)
2026-04-12 15:17:39,783 [INFO] [chafuwang.py:26 - _fetch_data()] 正在发送HTTP GET请求到服务器: Bloret
2026-04-12 15:17:40,311 [INFO] [BLServer.py:117 - get_latest_version()] 获取到的每日提示: ['是免费开源的 Minecraft 启动器', '专为 Bloret 玩家打造', '由 AI 驱动的 Minecraft 启动器', '是受 Bloret 支持的 Minecraft 启动器', '最贴近 Windows 11 设计的 Minecraft 启动器', '集成 Modrinth、Easyiter 以及 Bloret 服务', '现代化的 Minecraft 启动器', '王', '何意味', '原神所致。', '可以启动 原神。', '可以启动 崩坏：星穹铁道。', '可以启动 绝区零。', '什么都可以启动其实']
2026-04-12 15:17:40,312 [INFO] [BLServer.py:123 - get_latest_version()] 获取到的活动信息: {'show': False, 'status': 'ongoing', 'title': 'Bloret Launcher 春节小游戏', 'description': '完成一个简单的小游戏（大约半分钟），感受春节氛围，可获得最多 50 络琅 + 200 金币奖励！', 'icon': 'https://img.bloret.net/img/1769925156328/79a6037022aeb4ee9e71bf1fd85db271', 'time': '2026-02-14 到 2026-03-03', 'link': 'https://launcher.bloret.net/spr_activity'}
2026-04-12 15:17:40,798 [INFO] [BLServer.py:117 - get_latest_version()] 获取到的每日提示: ['是免费开源的 Minecraft 启动器', '专为 Bloret 玩家打造', '由 AI 驱动的 Minecraft 启动器', '是受 Bloret 支持的 Minecraft 启动器', '最贴近 Windows 11 设计的 Minecraft 启动器', '集成 Modrinth、Easyiter 以及 Bloret 服务', '现代化的 Minecraft 启动器', '王', '何意味', '原神所致。', '可以启动 原神。', '可以启动 崩坏：星穹铁道。', '可以启动 绝区零。', '什么都可以启动其实']
2026-04-12 15:17:40,799 [INFO] [BLServer.py:123 - get_latest_version()] 获取到的活动信息: {'show': False, 'status': 'ongoing', 'title': 'Bloret Launcher 春节小游戏', 'description': '完成一个简单的小游戏（大约半分钟），感受春节氛围，可获得最多 50 络琅 + 200 金币奖励！', 'icon': 'https://img.bloret.net/img/1769925156328/79a6037022aeb4ee9e71bf1fd85db271', 'time': '2026-02-14 到 2026-03-03', 'link': 'https://launcher.bloret.net/spr_activity'}
2026-04-12 15:17:42,777 [INFO] [chafuwang.py:28 - _fetch_data()] 收到服务器 Bloret 的响应，状态码: 200
2026-04-12 15:17:42,783 [INFO] [chafuwang.py:33 - _fetch_data()] 成功解析服务器 Bloret 的JSON数据，数据大小: 2377 字符
2026-04-12 15:17:50,504 [INFO] [bbbs_live.py:16 - _log_request()] [Live DEBUG] ===== 请求 =====
2026-04-12 15:17:50,504 [INFO] [bbbs_live.py:17 - _log_request()] [Live DEBUG] GET http://123.129.241.101:21111/api/live/list
2026-04-12 15:17:50,504 [INFO] [bbbs_live.py:18 - _log_request()] [Live DEBUG] Cookies: {"session": "eyJ1c2VyIjp7InVzZXJuYW1lIjoiRGV0cml0YWwiLCJhdmF0YXIiOiJodHRwczovL2ltZy5ibG9yZXQubmV0L2ltZy8xNzcwMzg0NzEyMDY1LzM3N2ZkMDlkZjBlYWYxM2NlOWMxMzRjZTY4ODBhOTcyIiwiZW1haWwiOiJEZXRyaXRhbHdAb3V0bG9vay5jb20iLCJ0YWdzIjpbIue7nOeahOS4lueVjCIsIuW8gOWPkee7hCJdLCJsYWJlbHMiOlsi57uc55qE5LiW55WMIiwi5byA5Y+R57uEIl19fQ==", "session.sig": "pKz65QF9xe6DtEACbiosg5Kaw9c"}
2026-04-12 15:17:50,584 [INFO] [bbbs_live.py:25 - _log_response()] [Live DEBUG] ===== 响应 =====
2026-04-12 15:17:50,584 [INFO] [bbbs_live.py:26 - _log_response()] [Live DEBUG] Status: 200
2026-04-12 15:17:50,585 [INFO] [bbbs_live.py:27 - _log_response()] [Live DEBUG] Headers: {'Connection': 'close', 'Content-Length': '829', 'Content-Type': 'application/json; charset=utf-8', 'Date': 'Sun, 12 Apr 2026 07:17:50 GMT', 'Etag': 'W/"33d-jGL7ZcT3q9WtXNXuz7sPKWYJTnA"', 'X-Powered-By': 'Express'}
2026-04-12 15:17:50,585 [INFO] [bbbs_live.py:29 - _log_response()] [Live DEBUG] Body: [{"id":"1775978104286_h414p","name":"asd","owner":"Detrital","createdTime":1775978104286,"memberHistory":[{"username":"Detrital","joinTime":1775978105486,"leaveTime":null},{"username":"Detrital","joinTime":1775978106645,"leaveTime":null},{"username":"Detrital","joinTime":1775978106814,"leaveTime":null},{"username":"Detrital","joinTime":1775978107002,"leaveTime":null},{"username":"Detrital","joinTime":1775978115171,"leaveTime":null},{"username":"Detrital","joinTime":1775978115444,"leaveTime":null
2026-04-12 15:17:52,062 [INFO] [IP.py:7 - <module>()] 正在获取服务器 IP...
2026-04-12 15:17:52,506 [INFO] [IP.py:15 - <module>()] 已更新服务器 IP: http://123.129.241.101
2026-04-12 15:17:53,321 [INFO] [config.py:23 - <module>()] 正在检查配置文件路径: /Users/mac/Library/Application Support/Bloret-Launcher/config.json
2026-04-12 15:17:53,322 [INFO] [config.py:24 - <module>()] 源配置文件路径: /Users/mac/Documents/Github/Bloret-Launcher/config.json
2026-04-12 15:17:53,323 [INFO] [config.py:25 - <module>()] 默认配置文件是否存在: True
2026-04-12 15:17:53,323 [INFO] [config.py:42 - <module>()] 目标配置文件已存在: /Users/mac/Library/Application Support/Bloret-Launcher/config.json
2026-04-12 15:17:53,323 [INFO] [config.py:45 - <module>()] 正在读取配置文件: /Users/mac/Library/Application Support/Bloret-Launcher/config.json
2026-04-12 15:17:53,324 [INFO] [config.py:49 - <module>()] 成功读取配置文件，正在检查版本字段...
2026-04-12 15:17:53,325 [INFO] [config.py:59 - <module>()] 当前配置文件版本: 27
2026-04-12 15:17:53,325 [INFO] [config.py:60 - <module>()] 默认配置文件版本: 27
2026-04-12 15:17:53,325 [INFO] [config.py:76 - <module>()] 配置文件版本匹配，无需更新
2026-04-12 15:17:53,325 [INFO] [config.py:93 - <module>()] 配置文件路径: /Users/mac/Library/Application Support/Bloret-Launcher/config.json
2026-04-12 15:17:53,325 [INFO] [config.py:108 - <module>()] 正在读取最终配置文件: /Users/mac/Library/Application Support/Bloret-Launcher/config.json
2026-04-12 15:17:53,326 [INFO] [config.py:110 - <module>()] 成功读取配置文件内容: {'minecraft-part': '.minecraft', 'first-run': True, 'ver': '27', '123': '123', 'size': 85, 'themelight': False, 'repeat_run': False, 'show_runtime_do': False, 'Customize': [], 'Bloret_PassPort_Login': True, 'Bloret_PassPort_UserName': 'Detrital', 'Bloret_PassPort_PassWord': '840a6ffafbfa798075c34ba15807cba0', 'Bloret_PassPort_Admin': False, 'bbbs_session': 'eyJ1c2VyIjp7InVzZXJuYW1lIjoiRGV0cml0YWwiLCJhdmF0YXIiOiJodHRwczovL2ltZy5ibG9yZXQubmV0L2ltZy8xNzcwMzg0NzEyMDY1LzM3N2ZkMDlkZjBlYWYxM2NlOWMxMzRjZTY4ODBhOTcyIiwiZW1haWwiOiJEZXRyaXRhbHdAb3V0bG9vay5jb20iLCJ0YWdzIjpbIue7nOeahOS4lueVjCIsIuW8gOWPkee7hCJdLCJsYWJlbHMiOlsi57uc55qE5LiW55WMIiwi5byA5Y+R57uEIl19fQ==', 'whenCWopen_BLopen': True, 'localmod': False, 'home_show_login_mod': True, 'self-starting': False, 'MaxThread': 64, 'Minecraft_Versions': ['1.21.8', '1.21.7'], 'minecraft_dir': '/Users/mac/Library/Application Support/Bloret-Launcher/.minecraft', 'Java_Path': 'C:\\Program Files\\Zulu\\zulu-23\\bin\\java.exe', 'language': 'zh-cn', 'screen_cut_shortcut': 'Ctrl+Alt+A', 'MinecraftAccount': {'logined': True, 'chosen': 1, 'accounts': [{'type': 'Offline', 'uuid': '9ac85f4e-6325-d7ff-736b-3176269fede2', 'username': 'Detritalw', 'login_time': '2026-01-06T03:06:04.006Z'}, {'type': 'Microsoft', 'uuid': 'f282dda069a94787b12baa16a1939fc4', 'username': 'Detritalw', 'login_time': '2026-04-11T11:31:00.421Z', 'access_token': 'eyJraWQiOiIwNDkxODEiLCJhbGciOiJSUzI1NiJ9.eyJ4dWlkIjoiMjUzNTQ1MDIxMzQ2OTExMSIsImFnZyI6IkFkdWx0Iiwic3ViIjoiY2Y1MzViZDQtYmEwNS00YjNlLTljNjktMmE3NzMzZDY0OTRiIiwiYXV0aCI6IlhCT1giLCJwZmlkIjoiQzNGRTFCMkQ5RURENkMxRSIsIm5zIjoiZGVmYXVsdCIsInJvbGVzIjpbXSwiaXNzIjoiYXV0aGVudGljYXRpb24iLCJmbGFncyI6WyJtdWx0aXBsYXllciJdLCJwcm9maWxlcyI6eyJtYyI6ImYyODJkZGEwLTY5YTktNDc4Ny1iMTJiLWFhMTZhMTkzOWZjNCJ9LCJtaWQiOiJDM0ZFMUIyRDlFREQ2QzFFIiwicG1pZCI6ImQzMmQzMmI0LTM3ZTctNWZiNy05MDk0LWUwNGViMWJmOWIwMyIsInBsYXRmb3JtIjoiUENfTEFVTkNIRVIiLCJ0aWQiOiJFOTlCMCIsInBmZCI6W3sidHlwZSI6Im1jIiwiaWQiOiJmMjgyZGRhMC02OWE5LTQ3ODctYjEyYi1hYTE2YTE5MzlmYzQiLCJuYW1lIjoiRGV0cml0YWx3In1dLCJ4aWQiOiIyNTM1NDUwMjEzNDY5MTExIiwibmJmIjoxNzc1OTA3MDU5LCJleHAiOjE3NzU5OTM0NTksImlhdCI6MTc3NTkwNzA1OSwiYWlkIjoiOGQ2Nzc4NWMtYmRjMS00ODBiLWIwMTQtYTcwYTNjYjc2ZWEwIn0.IBLYS5wLXqClBy_6Hut_5BYwwatjIORHKkJOboekAbCI_BXkmGeb6pE6-BTfUA9qHuBYQEDMP29M2gqZYJV3Ql7qyCTzkeGxu8xDWUiegpze4e-HfAr2_pkk6uI_gyHwsKOnb1AFrL5c4mRpl5LRt6Asu74sKyAjMQXhS-KQ-YptG1oEh_PU-fC7j2vR1yzjM1PLn2nQd0lwYOZKRnLWz6DZmgwvLBM03c6clvFgNaENo9223D-LeIv0L-t7vT4Pa-ZSITKyMRIgHUttdWIf0VR3BbyUpzHN8-mib_hqjsB_W9N6xsTowzwoL7NILyEBKNLLbgZzgDqJu6u2F-UZVw', 'refresh_token': 'M.C539_SN1.0.U.-ChXA46jeo28vOuX3huKo8einy8J3TNNlNKP5pRxYfT4F201p1ceAAiFpCFHB8HGtDk6stdcZCf*SwRksV40pTfhE74YTqlmHVfpNVuuTRn3FdYQgVJTGxBXYu3YK2FL!y2lpTNbzrtXzRucquJxmvMyhMu37pnFpE2ounWqw!u*z9LLRBm2qTGjCZ0kelCEEaCMFaEE2Id5m*vlvanJ3XgDxMj*s7LMHIAk8lFUpGStg9CHl!48dfmj4bRQaPDUoAmZuaD3nZeLU*ym1IhGGQkhLXvR!jc3wqSvFrVUYhd3yu8B8*ILkSxHldMUAoM3WriZcLjJ9kj6ifyoimWQl8kx9sHatADG3AnQ2cFH12e7AtoP1FLJ0zp25UVWBQU16KA$$'}]}, 'mwtool_switch_open': True, 'show_account_on_home': True, 'minimize_to_tray_on_close': True, 'ChoosedRun': '1.21.8', 'java_path': '/usr/bin/java', 'Bloret_PassPort_Avatar': 'https://img.bloret.net/img/1770384712065/377fd09df0eaf13ce9c134ce6880a972', 'bbbs_session_sig': 'pKz65QF9xe6DtEACbiosg5Kaw9c'}
2026-04-12 15:17:53,327 [INFO] [config.py:113 - <module>()] Minecraft目录已设置为: '/Users/mac/Library/Application Support/Bloret-Launcher/.minecraft'
2026-04-12 15:17:53,327 [INFO] [config.py:118 - <module>()] Minecraft目录存在: /Users/mac/Library/Application Support/Bloret-Launcher/.minecraft
2026-04-12 15:17:58,193 [INFO] [setup_ui.py:642 - get_all_launch_items()] get_all_launch_items 返回 items: [{'name': '1.21.8-Fabric 0.18.4', 'type': 'minecraft', 'icon': <PySide6.QtGui.QIcon(null) at 0x14b039ac0>, 'path': '1.21.8-Fabric 0.18.4'}, {'name': '1.21.8', 'type': 'minecraft', 'icon': <PySide6.QtGui.QIcon(null) at 0x14b03b300>, 'path': '1.21.8'}]
2026-04-12 15:17:58,195 [INFO] [chafuwang.py:65 - getServerData()] 创建线程以获取服务器数据: Bloret
2026-04-12 15:17:58,196 [INFO] [chafuwang.py:22 - _fetch_data()] 开始获取服务器数据: Bloret
2026-04-12 15:17:58,196 [INFO] [chafuwang.py:71 - getServerData()] 线程已启动，用于获取服务器数据: Bloret (线程ID: 123145415864320)
2026-04-12 15:17:58,196 [INFO] [chafuwang.py:26 - _fetch_data()] 正在发送HTTP GET请求到服务器: Bloret
2026-04-12 15:17:58,944 [INFO] [BLServer.py:117 - get_latest_version()] 获取到的每日提示: ['是免费开源的 Minecraft 启动器', '专为 Bloret 玩家打造', '由 AI 驱动的 Minecraft 启动器', '是受 Bloret 支持的 Minecraft 启动器', '最贴近 Windows 11 设计的 Minecraft 启动器', '集成 Modrinth、Easyiter 以及 Bloret 服务', '现代化的 Minecraft 启动器', '王', '何意味', '原神所致。', '可以启动 原神。', '可以启动 崩坏：星穹铁道。', '可以启动 绝区零。', '什么都可以启动其实']
2026-04-12 15:17:58,944 [INFO] [BLServer.py:123 - get_latest_version()] 获取到的活动信息: {'show': False, 'status': 'ongoing', 'title': 'Bloret Launcher 春节小游戏', 'description': '完成一个简单的小游戏（大约半分钟），感受春节氛围，可获得最多 50 络琅 + 200 金币奖励！', 'icon': 'https://img.bloret.net/img/1769925156328/79a6037022aeb4ee9e71bf1fd85db271', 'time': '2026-02-14 到 2026-03-03', 'link': 'https://launcher.bloret.net/spr_activity'}
2026-04-12 15:17:59,105 [INFO] [BLServer.py:117 - get_latest_version()] 获取到的每日提示: ['是免费开源的 Minecraft 启动器', '专为 Bloret 玩家打造', '由 AI 驱动的 Minecraft 启动器', '是受 Bloret 支持的 Minecraft 启动器', '最贴近 Windows 11 设计的 Minecraft 启动器', '集成 Modrinth、Easyiter 以及 Bloret 服务', '现代化的 Minecraft 启动器', '王', '何意味', '原神所致。', '可以启动 原神。', '可以启动 崩坏：星穹铁道。', '可以启动 绝区零。', '什么都可以启动其实']
2026-04-12 15:17:59,105 [INFO] [BLServer.py:123 - get_latest_version()] 获取到的活动信息: {'show': False, 'status': 'ongoing', 'title': 'Bloret Launcher 春节小游戏', 'description': '完成一个简单的小游戏（大约半分钟），感受春节氛围，可获得最多 50 络琅 + 200 金币奖励！', 'icon': 'https://img.bloret.net/img/1769925156328/79a6037022aeb4ee9e71bf1fd85db271', 'time': '2026-02-14 到 2026-03-03', 'link': 'https://launcher.bloret.net/spr_activity'}
2026-04-12 15:18:00,415 [INFO] [chafuwang.py:28 - _fetch_data()] 收到服务器 Bloret 的响应，状态码: 200
2026-04-12 15:18:00,416 [INFO] [chafuwang.py:33 - _fetch_data()] 成功解析服务器 Bloret 的JSON数据，数据大小: 2377 字符
2026-04-12 15:18:03,122 [INFO] [bbbs_live.py:16 - _log_request()] [Live DEBUG] ===== 请求 =====
2026-04-12 15:18:03,122 [INFO] [bbbs_live.py:17 - _log_request()] [Live DEBUG] GET http://123.129.241.101:21111/api/live/list
2026-04-12 15:18:03,122 [INFO] [bbbs_live.py:18 - _log_request()] [Live DEBUG] Cookies: {"session": "eyJ1c2VyIjp7InVzZXJuYW1lIjoiRGV0cml0YWwiLCJhdmF0YXIiOiJodHRwczovL2ltZy5ibG9yZXQubmV0L2ltZy8xNzcwMzg0NzEyMDY1LzM3N2ZkMDlkZjBlYWYxM2NlOWMxMzRjZTY4ODBhOTcyIiwiZW1haWwiOiJEZXRyaXRhbHdAb3V0bG9vay5jb20iLCJ0YWdzIjpbIue7nOeahOS4lueVjCIsIuW8gOWPkee7hCJdLCJsYWJlbHMiOlsi57uc55qE5LiW55WMIiwi5byA5Y+R57uEIl19fQ==", "session.sig": "pKz65QF9xe6DtEACbiosg5Kaw9c"}
2026-04-12 15:18:03,200 [INFO] [bbbs_live.py:25 - _log_response()] [Live DEBUG] ===== 响应 =====
2026-04-12 15:18:03,201 [INFO] [bbbs_live.py:26 - _log_response()] [Live DEBUG] Status: 200
2026-04-12 15:18:03,201 [INFO] [bbbs_live.py:27 - _log_response()] [Live DEBUG] Headers: {'Connection': 'close', 'Content-Length': '2', 'Content-Type': 'application/json; charset=utf-8', 'Date': 'Sun, 12 Apr 2026 07:18:03 GMT', 'Etag': 'W/"2-l9Fw4VUO7kr8CvBlt4zaMCqXZ0w"', 'X-Powered-By': 'Express'}
2026-04-12 15:18:03,201 [INFO] [bbbs_live.py:29 - _log_response()] [Live DEBUG] Body: []
2026-04-12 15:18:07,038 [INFO] [bbbs_live.py:16 - _log_request()] [Live DEBUG] ===== 请求 =====
2026-04-12 15:18:07,038 [INFO] [bbbs_live.py:17 - _log_request()] [Live DEBUG] POST http://123.129.241.101:21111/api/live/create
2026-04-12 15:18:07,039 [INFO] [bbbs_live.py:18 - _log_request()] [Live DEBUG] Cookies: {"session": "eyJ1c2VyIjp7InVzZXJuYW1lIjoiRGV0cml0YWwiLCJhdmF0YXIiOiJodHRwczovL2ltZy5ibG9yZXQubmV0L2ltZy8xNzcwMzg0NzEyMDY1LzM3N2ZkMDlkZjBlYWYxM2NlOWMxMzRjZTY4ODBhOTcyIiwiZW1haWwiOiJEZXRyaXRhbHdAb3V0bG9vay5jb20iLCJ0YWdzIjpbIue7nOeahOS4lueVjCIsIuW8gOWPkee7hCJdLCJsYWJlbHMiOlsi57uc55qE5LiW55WMIiwi5byA5Y+R57uEIl19fQ==", "session.sig": "pKz65QF9xe6DtEACbiosg5Kaw9c"}
2026-04-12 15:18:07,039 [INFO] [bbbs_live.py:20 - _log_request()] [Live DEBUG] Body: {"name": "hhj"}
2026-04-12 15:18:07,237 [INFO] [bbbs_live.py:25 - _log_response()] [Live DEBUG] ===== 响应 =====
2026-04-12 15:18:07,237 [INFO] [bbbs_live.py:26 - _log_response()] [Live DEBUG] Status: 200
2026-04-12 15:18:07,237 [INFO] [bbbs_live.py:27 - _log_response()] [Live DEBUG] Headers: {'Connection': 'close', 'Content-Length': '48', 'Content-Type': 'application/json; charset=utf-8', 'Date': 'Sun, 12 Apr 2026 07:18:07 GMT', 'Etag': 'W/"30-IpAvPwXIOyjPlYhXXofAapoZLZ0"', 'X-Powered-By': 'Express'}
2026-04-12 15:18:07,238 [INFO] [bbbs_live.py:29 - _log_response()] [Live DEBUG] Body: {"success":true,"spaceId":"1775978287257_l8ad2"}
2026-04-12 15:18:07,239 [INFO] [bbbs_live.py:16 - _log_request()] [Live DEBUG] ===== 请求 =====
2026-04-12 15:18:07,239 [INFO] [bbbs_live.py:17 - _log_request()] [Live DEBUG] GET http://123.129.241.101:21111/api/live/list
2026-04-12 15:18:07,239 [INFO] [bbbs_live.py:18 - _log_request()] [Live DEBUG] Cookies: {"session": "eyJ1c2VyIjp7InVzZXJuYW1lIjoiRGV0cml0YWwiLCJhdmF0YXIiOiJodHRwczovL2ltZy5ibG9yZXQubmV0L2ltZy8xNzcwMzg0NzEyMDY1LzM3N2ZkMDlkZjBlYWYxM2NlOWMxMzRjZTY4ODBhOTcyIiwiZW1haWwiOiJEZXRyaXRhbHdAb3V0bG9vay5jb20iLCJ0YWdzIjpbIue7nOeahOS4lueVjCIsIuW8gOWPkee7hCJdLCJsYWJlbHMiOlsi57uc55qE5LiW55WMIiwi5byA5Y+R57uEIl19fQ==", "session.sig": "pKz65QF9xe6DtEACbiosg5Kaw9c"}
2026-04-12 15:18:07,442 [INFO] [bbbs_live.py:25 - _log_response()] [Live DEBUG] ===== 响应 =====
2026-04-12 15:18:07,443 [INFO] [bbbs_live.py:26 - _log_response()] [Live DEBUG] Status: 200
2026-04-12 15:18:07,444 [INFO] [bbbs_live.py:27 - _log_response()] [Live DEBUG] Headers: {'Connection': 'close', 'Content-Length': '160', 'Content-Type': 'application/json; charset=utf-8', 'Date': 'Sun, 12 Apr 2026 07:18:07 GMT', 'Etag': 'W/"a0-Ip2HY7KxwpqyyoQvptPniMES2ZA"', 'X-Powered-By': 'Express'}
2026-04-12 15:18:07,444 [INFO] [bbbs_live.py:29 - _log_response()] [Live DEBUG] Body: [{"id":"1775978287257_l8ad2","name":"hhj","owner":"Detrital","createdTime":1775978287257,"memberHistory":[],"userCount":0,"onlineUsers":[],"hasPassword":false}]
2026-04-12 15:18:08,072 [INFO] [bbbs_live.py:16 - _log_request()] [Live DEBUG] ===== 请求 =====
2026-04-12 15:18:08,072 [INFO] [bbbs_live.py:17 - _log_request()] [Live DEBUG] GET http://123.129.241.101:21111/api/live/check-access/1775978287257_l8ad2
2026-04-12 15:18:08,073 [INFO] [bbbs_live.py:18 - _log_request()] [Live DEBUG] Cookies: {"session": "eyJ1c2VyIjp7InVzZXJuYW1lIjoiRGV0cml0YWwiLCJhdmF0YXIiOiJodHRwczovL2ltZy5ibG9yZXQubmV0L2ltZy8xNzcwMzg0NzEyMDY1LzM3N2ZkMDlkZjBlYWYxM2NlOWMxMzRjZTY4ODBhOTcyIiwiZW1haWwiOiJEZXRyaXRhbHdAb3V0bG9vay5jb20iLCJ0YWdzIjpbIue7nOeahOS4lueVjCIsIuW8gOWPkee7hCJdLCJsYWJlbHMiOlsi57uc55qE5LiW55WMIiwi5byA5Y+R57uEIl19fQ==", "session.sig": "pKz65QF9xe6DtEACbiosg5Kaw9c"}
2026-04-12 15:18:08,215 [INFO] [bbbs_live.py:25 - _log_response()] [Live DEBUG] ===== 响应 =====
2026-04-12 15:18:08,215 [INFO] [bbbs_live.py:26 - _log_response()] [Live DEBUG] Status: 200
2026-04-12 15:18:08,215 [INFO] [bbbs_live.py:27 - _log_response()] [Live DEBUG] Headers: {'Connection': 'close', 'Content-Length': '41', 'Content-Type': 'application/json; charset=utf-8', 'Date': 'Sun, 12 Apr 2026 07:18:08 GMT', 'Etag': 'W/"29-wTp69BYBE9iLn+C6R7Ilx8nQUvg"', 'X-Powered-By': 'Express'}
2026-04-12 15:18:08,216 [INFO] [bbbs_live.py:29 - _log_response()] [Live DEBUG] Body: {"needsPassword":false,"spaceName":"hhj"}
