2025-09-27 16:56:38,743 - INFO - i18n文本处理工具启动
2025-09-27 16:56:47,144 - INFO - 用户输入文件路径: Bloret-Launcher.py
2025-09-27 16:56:47,144 - INFO - 开始处理文件: Bloret-Launcher.py
2025-09-27 16:56:47,144 - INFO - 正在读取文件内容
2025-09-27 16:56:47,147 - INFO - 文件读取完成，内容长度: 69002 字符
2025-09-27 16:56:47,147 - INFO - 开始查找并替换中文字符串
2025-09-27 16:56:47,150 - INFO - 包装中文字符串: "你还未安装任何版本哦，请前往下载页面安装" -> i18nText("你还未安装任何版本哦，请前往下载页面安装")
2025-09-27 16:56:47,150 - INFO - 包装中文字符串: "警告：SystemTrayIcon 的 parent 参数为 None" -> i18nText("警告：SystemTrayIcon 的 parent 参数为 None")
2025-09-27 16:56:47,151 - INFO - 包装中文字符串: "🔼  启动版本" -> i18nText("🔼  启动版本")
2025-09-27 16:56:47,151 - INFO - 包装中文字符串: '🔡  访问 BBS' -> i18nText('🔡  访问 BBS')
2025-09-27 16:56:47,151 - INFO - 包装中文字符串: '🔄️  重启程序' -> i18nText('🔄️  重启程序')
2025-09-27 16:56:47,151 - INFO - 包装中文字符串: '✅  显示窗口' -> i18nText('✅  显示窗口')
2025-09-27 16:56:47,151 - INFO - 包装中文字符串: '❎  退出程序' -> i18nText('❎  退出程序')
2025-09-27 16:56:47,151 - INFO - 包装中文字符串: " 托盘图标激活事件 " -> i18nText(" 托盘图标激活事件 ")
2025-09-27 16:56:47,152 - INFO - 包装中文字符串: "百络谷支持版本" -> i18nText("百络谷支持版本")
2025-09-27 16:56:47,152 - INFO - 包装中文字符串: "正式版本" -> i18nText("正式版本")
2025-09-27 16:56:47,152 - INFO - 包装中文字符串: "快照版本" -> i18nText("快照版本")
2025-09-27 16:56:47,152 - INFO - 包装中文字符串: "远古版本" -> i18nText("远古版本")
2025-09-27 16:56:47,152 - INFO - 包装中文字符串: "未知的版本类型" -> i18nText("未知的版本类型")
2025-09-27 16:56:47,152 - INFO - 包装中文字符串: "请求错误: {e}" -> i18nText("请求错误: {e}")
2025-09-27 16:56:47,152 - INFO - 包装中文字符串: "SSL 错误: {e}" -> i18nText("SSL 错误: {e}")
2025-09-27 16:56:47,153 - INFO - 包装中文字符串: "系统主题颜色: {theme_color}" -> i18nText("系统主题颜色: {theme_color}")
2025-09-27 16:56:47,153 - INFO - 包装中文字符串: "图标路径存在: {icon_path}" -> i18nText("图标路径存在: {icon_path}")
2025-09-27 16:56:47,153 - INFO - 包装中文字符串: "图标路径不存在: {icon_path}" -> i18nText("图标路径不存在: {icon_path}")
2025-09-27 16:56:47,153 - INFO - 包装中文字符串: "创建互斥体失败" -> i18nText("创建互斥体失败")
2025-09-27 16:56:47,153 - INFO - 包装中文字符串: "检测到程序重复运行" -> i18nText("检测到程序重复运行")
2025-09-27 16:56:47,153 - INFO - 包装中文字符串: "重复运行被禁用：检测到程序已运行，退出新实例" -> i18nText("重复运行被禁用：检测到程序已运行，退出新实例")
2025-09-27 16:56:47,153 - INFO - 包装中文字符串: 'Bloret Launcher 已阻止了重复打开软件的操作' -> i18nText('Bloret Launcher 已阻止了重复打开软件的操作')
2025-09-27 16:56:47,154 - INFO - 包装中文字符串: '为了防止 Bloret Launcher 占满您的计算机，我们已阻止您重复打开 Bloret Launcher\n如需重复打开，请到设置中勾选允许重复运行。' -> i18nText('为了防止 Bloret Launcher 占满您的计算机，我们已阻止您重复打开 Bloret Launcher\n如需重复打开，请到设置中勾选允许重复运行。')
2025-09-27 16:56:47,154 - INFO - 包装中文字符串: "Bloret Launcher 已阻止了重复打开软件的操作" -> i18nText("Bloret Launcher 已阻止了重复打开软件的操作")
2025-09-27 16:56:47,154 - INFO - 包装中文字符串: "为了防止 Bloret Launcher 占满您的计算机，我们已阻止您重复打开 Bloret Launcher\n如需重复打开，请到设置中勾选允许重复运行。" -> i18nText("为了防止 Bloret Launcher 占满您的计算机，我们已阻止您重复打开 Bloret Launcher\n如需重复打开，请到设置中勾选允许重复运行。")
2025-09-27 16:56:47,154 - INFO - 包装中文字符串: '确认' -> i18nText('确认')
2025-09-27 16:56:47,154 - INFO - 包装中文字符串: "显示软件打开过程已启用" -> i18nText("显示软件打开过程已启用")
2025-09-27 16:56:47,154 - INFO - 包装中文字符串: '正在启动 Bloret Launcher' -> i18nText('正在启动 Bloret Launcher')
2025-09-27 16:56:47,154 - INFO - 包装中文字符串: '正在做打开软件前的工作...' -> i18nText('正在做打开软件前的工作...')
2025-09-27 16:56:47,155 - INFO - 包装中文字符串: "显示软件打开过程已禁用" -> i18nText("显示软件打开过程已禁用")
2025-09-27 16:56:47,155 - INFO - 包装中文字符串: '创建启动页面' -> i18nText('创建启动页面')
2025-09-27 16:56:47,155 - INFO - 包装中文字符串: "图标路径存在: {icon_path}" -> i18nText("图标路径存在: {icon_path}")
2025-09-27 16:56:47,155 - INFO - 包装中文字符串: "图标路径不存在: {icon_path}" -> i18nText("图标路径不存在: {icon_path}")
2025-09-27 16:56:47,155 - INFO - 包装中文字符串: "启动画面创建完成" -> i18nText("启动画面创建完成")
2025-09-27 16:56:47,155 - INFO - 包装中文字符串: '连接服务器' -> i18nText('连接服务器')
2025-09-27 16:56:47,156 - INFO - 包装中文字符串: "启动画面已显示" -> i18nText("启动画面已显示")
2025-09-27 16:56:47,156 - INFO - 包装中文字符串: '初始化侧边栏动画' -> i18nText('初始化侧边栏动画')
2025-09-27 16:56:47,156 - INFO - 包装中文字符串: '初始化淡入动画' -> i18nText('初始化淡入动画')
2025-09-27 16:56:47,157 - INFO - 包装中文字符串: '初始化其他属性' -> i18nText('初始化其他属性')
2025-09-27 16:56:47,157 - INFO - 包装中文字符串: '处理首次运行' -> i18nText('处理首次运行')
2025-09-27 16:56:47,159 - INFO - 包装中文字符串: '隐藏启动页面' -> i18nText('隐藏启动页面')
2025-09-27 16:56:47,159 - INFO - 包装中文字符串: "隐藏启动画面" -> i18nText("隐藏启动画面")
2025-09-27 16:56:47,159 - INFO - 包装中文字符串: '初始化需要 cmcl_data 的组件' -> i18nText('初始化需要 cmcl_data 的组件')
2025-09-27 16:56:47,159 - INFO - 包装中文字符串: '显示窗口' -> i18nText('显示窗口')
2025-09-27 16:56:47,160 - INFO - 包装中文字符串: "设置主页玩家名称：{player_name}，Minecraft_account:{Minecraft_account}" -> i18nText("设置主页玩家名称：{player_name}，Minecraft_account:{Minecraft_account}")
2025-09-27 16:56:47,160 - INFO - 包装中文字符串: "开始向 cmcl.json 读取数据" -> i18nText("开始向 cmcl.json 读取数据")
2025-09-27 16:56:47,160 - INFO - 包装中文字符串: "未登录" -> i18nText("未登录")
2025-09-27 16:56:47,160 - INFO - 包装中文字符串: "请在下方登录" -> i18nText("请在下方登录")
2025-09-27 16:56:47,160 - INFO - 包装中文字符串: "cmcl.json 中的 accounts 列表为空" -> i18nText("cmcl.json 中的 accounts 列表为空")
2025-09-27 16:56:47,160 - INFO - 包装中文字符串: '未登录' -> i18nText('未登录')
2025-09-27 16:56:47,160 - INFO - 包装中文字符串: "离线登录" -> i18nText("离线登录")
2025-09-27 16:56:47,161 - INFO - 包装中文字符串: "微软登录" -> i18nText("微软登录")
2025-09-27 16:56:47,161 - INFO - 包装中文字符串: "未知登录方式" -> i18nText("未知登录方式")
2025-09-27 16:56:47,161 - INFO - 包装中文字符串: "读取到的 playerName: {self.player_name}" -> i18nText("读取到的 playerName: {self.player_name}")
2025-09-27 16:56:47,161 - INFO - 包装中文字符串: "读取到的 loginMethod: {self.login_mod}" -> i18nText("读取到的 loginMethod: {self.login_mod}")
2025-09-27 16:56:47,161 - INFO - 包装中文字符串: "读取 cmcl.json 失败: {e}" -> i18nText("读取 cmcl.json 失败: {e}")
2025-09-27 16:56:47,161 - INFO - 包装中文字符串: "未登录" -> i18nText("未登录")
2025-09-27 16:56:47,162 - INFO - 包装中文字符串: "请在下方登录" -> i18nText("请在下方登录")
2025-09-27 16:56:47,162 - INFO - 包装中文字符串: "其他错误: {e}" -> i18nText("其他错误: {e}")
2025-09-27 16:56:47,162 - INFO - 包装中文字符串: "未登录" -> i18nText("未登录")
2025-09-27 16:56:47,162 - INFO - 包装中文字符串: "请在下方登录" -> i18nText("请在下方登录")
2025-09-27 16:56:47,163 - INFO - 包装中文字符串: "主页" -> i18nText("主页")
2025-09-27 16:56:47,163 - INFO - 包装中文字符串: "下载" -> i18nText("下载")
2025-09-27 16:56:47,163 - INFO - 包装中文字符串: "工具" -> i18nText("工具")
2025-09-27 16:56:47,163 - INFO - 包装中文字符串: "版本管理" -> i18nText("版本管理")
2025-09-27 16:56:47,163 - INFO - 包装中文字符串: "通行证" -> i18nText("通行证")
2025-09-27 16:56:47,164 - INFO - 包装中文字符串: "设置" -> i18nText("设置")
2025-09-27 16:56:47,164 - INFO - 包装中文字符串: "联机" -> i18nText("联机")
2025-09-27 16:56:47,164 - INFO - 包装中文字符串: "关于" -> i18nText("关于")
2025-09-27 16:56:47,164 - INFO - 包装中文字符串: "主页 被点击" -> i18nText("主页 被点击")
2025-09-27 16:56:47,164 - INFO - 包装中文字符串: "下载并安装Minecraft版本" -> i18nText("下载并安装Minecraft版本")
2025-09-27 16:56:47,165 - INFO - 包装中文字符串: '❌ 错误' -> i18nText('❌ 错误')
2025-09-27 16:56:47,165 - INFO - 包装中文字符串: "请选择一个Minecraft版本" -> i18nText("请选择一个Minecraft版本")
2025-09-27 16:56:47,165 - INFO - 包装中文字符串: "开始下载Minecraft版本: {version}" -> i18nText("开始下载Minecraft版本: {version}")
2025-09-27 16:56:47,165 - INFO - 包装中文字符串: "正在下载 Minecraft {version}" -> i18nText("正在下载 Minecraft {version}")
2025-09-27 16:56:47,165 - INFO - 包装中文字符串: "下载过程可能需要几分钟，请耐心等待..." -> i18nText("下载过程可能需要几分钟，请耐心等待...")
2025-09-27 16:56:47,165 - INFO - 包装中文字符串: "正在下载 Minecraft {version}" -> i18nText("正在下载 Minecraft {version}")
2025-09-27 16:56:47,165 - INFO - 包装中文字符串: "加载或显示下载弹窗时发生错误: {e}" -> i18nText("加载或显示下载弹窗时发生错误: {e}")
2025-09-27 16:56:47,166 - INFO - 包装中文字符串: '❌ 错误' -> i18nText('❌ 错误')
2025-09-27 16:56:47,166 - INFO - 包装中文字符串: "无法显示下载进度弹窗: {e}" -> i18nText("无法显示下载进度弹窗: {e}")
2025-09-27 16:56:47,166 - INFO - 包装中文字符串: "下载并安装Fabric版本" -> i18nText("下载并安装Fabric版本")
2025-09-27 16:56:47,166 - INFO - 包装中文字符串: '❌ 错误' -> i18nText('❌ 错误')
2025-09-27 16:56:47,166 - INFO - 包装中文字符串: "请选择一个Fabric版本" -> i18nText("请选择一个Fabric版本")
2025-09-27 16:56:47,166 - INFO - 包装中文字符串: "开始下载Fabric版本: {version}" -> i18nText("开始下载Fabric版本: {version}")
2025-09-27 16:56:47,166 - INFO - 包装中文字符串: "正在下载 Fabric {version}" -> i18nText("正在下载 Fabric {version}")
2025-09-27 16:56:47,167 - INFO - 包装中文字符串: "下载过程可能需要几分钟，请耐心等待..." -> i18nText("下载过程可能需要几分钟，请耐心等待...")
2025-09-27 16:56:47,167 - INFO - 包装中文字符串: '⚠️ 功能开发中' -> i18nText('⚠️ 功能开发中')
2025-09-27 16:56:47,167 - INFO - 包装中文字符串: "Fabric {version} 下载功能正在开发中" -> i18nText("Fabric {version} 下载功能正在开发中")
2025-09-27 16:56:47,167 - INFO - 包装中文字符串: "下载并安装Java版本" -> i18nText("下载并安装Java版本")
2025-09-27 16:56:47,167 - INFO - 包装中文字符串: '❌ 错误' -> i18nText('❌ 错误')
2025-09-27 16:56:47,167 - INFO - 包装中文字符串: "请选择一个Java版本" -> i18nText("请选择一个Java版本")
2025-09-27 16:56:47,167 - INFO - 包装中文字符串: '❌ 错误' -> i18nText('❌ 错误')
2025-09-27 16:56:47,168 - INFO - 包装中文字符串: "无法解析Java版本号" -> i18nText("无法解析Java版本号")
2025-09-27 16:56:47,168 - INFO - 包装中文字符串: "开始下载Java版本: {version}" -> i18nText("开始下载Java版本: {version}")
2025-09-27 16:56:47,168 - INFO - 包装中文字符串: "正在下载 Java {version}" -> i18nText("正在下载 Java {version}")
2025-09-27 16:56:47,168 - INFO - 包装中文字符串: "下载过程可能需要几分钟，请耐心等待..." -> i18nText("下载过程可能需要几分钟，请耐心等待...")
2025-09-27 16:56:47,168 - INFO - 包装中文字符串: '⚠️ 功能开发中' -> i18nText('⚠️ 功能开发中')
2025-09-27 16:56:47,168 - INFO - 包装中文字符串: "Java {version} 下载功能正在开发中" -> i18nText("Java {version} 下载功能正在开发中")
2025-09-27 16:56:47,168 - INFO - 包装中文字符串: "Minecraft下载完成回调" -> i18nText("Minecraft下载完成回调")
2025-09-27 16:56:47,168 - INFO - 包装中文字符串: "Minecraft版本 {version} 已成功下载" -> i18nText("Minecraft版本 {version} 已成功下载")
2025-09-27 16:56:47,168 - INFO - 包装中文字符串: '✅ 下载成功' -> i18nText('✅ 下载成功')
2025-09-27 16:56:47,169 - INFO - 包装中文字符串: "Minecraft版本 {version} 已成功下载并安装" -> i18nText("Minecraft版本 {version} 已成功下载并安装")
2025-09-27 16:56:47,169 - INFO - 包装中文字符串: "Minecraft版本 {version} 下载失败" -> i18nText("Minecraft版本 {version} 下载失败")
2025-09-27 16:56:47,169 - INFO - 包装中文字符串: '❌ 下载失败' -> i18nText('❌ 下载失败')
2025-09-27 16:56:47,169 - INFO - 包装中文字符串: "Minecraft版本 {version} 下载失败，请查看日志了解详情" -> i18nText("Minecraft版本 {version} 下载失败，请查看日志了解详情")
2025-09-27 16:56:47,169 - INFO - 包装中文字符串: "版本 {self.version} 已成功下载" -> i18nText("版本 {self.version} 已成功下载")
2025-09-27 16:56:47,169 - INFO - 包装中文字符串: "下载完成，但版本信息缺失" -> i18nText("下载完成，但版本信息缺失")
2025-09-27 16:56:47,169 - INFO - 包装中文字符串: '✅ 下载完成' -> i18nText('✅ 下载完成')
2025-09-27 16:56:47,169 - INFO - 包装中文字符串: "版本 {self.version if hasattr(self, 'version') else '未知'} 已成功下载\n前往主页就可以启动了！" -> i18nText("版本 {self.version if hasattr(self, 'version') else '未知'} 已成功下载\n前往主页就可以启动了！")
2025-09-27 16:56:47,169 - INFO - 包装中文字符串: "成功拷贝 {src_file} 到 {dest_dir}" -> i18nText("成功拷贝 {src_file} 到 {dest_dir}")
2025-09-27 16:56:47,169 - INFO - 包装中文字符串: "拷贝 {src_file} 到 {dest_dir} 失败: {e}" -> i18nText("拷贝 {src_file} 到 {dest_dir} 失败: {e}")
2025-09-27 16:56:47,169 - INFO - 包装中文字符串: "下载完成" -> i18nText("下载完成")
2025-09-27 16:56:47,170 - INFO - 包装中文字符串: "版本 {self.version} 已成功下载" -> i18nText("版本 {self.version} 已成功下载")
2025-09-27 16:56:47,170 - INFO - 包装中文字符串: "下载完成" -> i18nText("下载完成")
2025-09-27 16:56:47,170 - INFO - 包装中文字符串: "你还未安装任何版本哦，请前往下载页面安装" -> i18nText("你还未安装任何版本哦，请前往下载页面安装")
2025-09-27 16:56:47,170 - INFO - 包装中文字符串: "版本目录为空: {versions_path}" -> i18nText("版本目录为空: {versions_path}")
2025-09-27 16:56:47,170 - INFO - 包装中文字符串: "成功读取版本列表: {temp_list}" -> i18nText("成功读取版本列表: {temp_list}")
2025-09-27 16:56:47,170 - INFO - 包装中文字符串: "无法获取版本列表，可能是你还未安装任何版本，请前往下载页面安装" -> i18nText("无法获取版本列表，可能是你还未安装任何版本，请前往下载页面安装")
2025-09-27 16:56:47,170 - INFO - 包装中文字符串: "路径无效: {versions_path}" -> i18nText("路径无效: {versions_path}")
2025-09-27 16:56:47,170 - INFO - 包装中文字符串: "Minecraft 版本列表: {minecraft_list}" -> i18nText("Minecraft 版本列表: {minecraft_list}")
2025-09-27 16:56:47,170 - INFO - 包装中文字符串: "Customize 列表中的 showname 值: {customize_list}" -> i18nText("Customize 列表中的 showname 值: {customize_list}")
2025-09-27 16:56:47,170 - INFO - 包装中文字符串: "合并后的版本列表: {set_list}" -> i18nText("合并后的版本列表: {set_list}")
2025-09-27 16:56:47,170 - INFO - 包装中文字符串: "读取版本列表失败: {e}" -> i18nText("读取版本列表失败: {e}")
2025-09-27 16:56:47,171 - INFO - 包装中文字符串: "无法获取版本列表，可能是你还未安装任何版本，请前往下载页面安装" -> i18nText("无法获取版本列表，可能是你还未安装任何版本，请前往下载页面安装")
2025-09-27 16:56:47,171 - INFO - 包装中文字符串: '🔄️ 正在启动 {version}' -> i18nText('🔄️ 正在启动 {version}')
2025-09-27 16:56:47,171 - INFO - 包装中文字符串: "正在处理 Minecraft 文件和启动...\n您马上就能见到 Minecraft 窗口出现了！" -> i18nText("正在处理 Minecraft 文件和启动...\n您马上就能见到 Minecraft 窗口出现了！")
2025-09-27 16:56:47,171 - INFO - 包装中文字符串: "正在启动 {version}" -> i18nText("正在启动 {version}")
2025-09-27 16:56:47,171 - INFO - 包装中文字符串: '正在启动 {version}' -> i18nText('正在启动 {version}')
2025-09-27 16:56:47,171 - INFO - 包装中文字符串: "请稍等" -> i18nText("请稍等")
2025-09-27 16:56:47,171 - INFO - 包装中文字符串: "托盘菜单启动，不显示 TeachingTip" -> i18nText("托盘菜单启动，不显示 TeachingTip")
2025-09-27 16:56:47,172 - INFO - 包装中文字符串: " 隐藏窗口而不是退出程序 " -> i18nText(" 隐藏窗口而不是退出程序 ")
2025-09-27 16:56:47,172 - INFO - 包装中文字符串: "下载 被点击" -> i18nText("下载 被点击")
2025-09-27 16:56:47,172 - INFO - 包装中文字符串: "选择文件" -> i18nText("选择文件")
2025-09-27 16:56:47,172 - INFO - 包装中文字符串: "所有文件 (*.*)" -> i18nText("所有文件 (*.*)")
2025-09-27 16:56:47,172 - INFO - 包装中文字符串: "无法加载图标" -> i18nText("无法加载图标")
2025-09-27 16:56:47,172 - INFO - 包装中文字符串: '⚠️ 提示' -> i18nText('⚠️ 提示')
2025-09-27 16:56:47,173 - INFO - 包装中文字符串: "路径或显示名称不能为空" -> i18nText("路径或显示名称不能为空")
2025-09-27 16:56:47,173 - INFO - 包装中文字符串: '❌ 错误' -> i18nText('❌ 错误')
2025-09-27 16:56:47,173 - INFO - 包装中文字符串: "指定的路径不存在，请重新选择" -> i18nText("指定的路径不存在，请重新选择")
2025-09-27 16:56:47,173 - INFO - 包装中文字符串: '❌ 错误' -> i18nText('❌ 错误')
2025-09-27 16:56:47,173 - INFO - 包装中文字符串: "指定的路径不是文件，请重新选择" -> i18nText("指定的路径不是文件，请重新选择")
2025-09-27 16:56:47,173 - INFO - 包装中文字符串: '✅ 成功' -> i18nText('✅ 成功')
2025-09-27 16:56:47,173 - INFO - 包装中文字符串: "路径 {Customize_path_value} 和显示名称 {Customize_showname_value} 已成功保存" -> i18nText("路径 {Customize_path_value} 和显示名称 {Customize_showname_value} 已成功保存")
2025-09-27 16:56:47,173 - INFO - 包装中文字符串: '❌ 错误' -> i18nText('❌ 错误')
2025-09-27 16:56:47,173 - INFO - 包装中文字符串: "保存到 config.json 时发生错误: {e}" -> i18nText("保存到 config.json 时发生错误: {e}")
2025-09-27 16:56:47,174 - INFO - 包装中文字符串: '⏱️ 正在加载' -> i18nText('⏱️ 正在加载')
2025-09-27 16:56:47,174 - INFO - 包装中文字符串: "正在加载 {version_type} 的列表" -> i18nText("正在加载 {version_type} 的列表")
2025-09-27 16:56:47,175 - INFO - 包装中文字符串: '错误' -> i18nText('错误')
2025-09-27 16:56:47,175 - INFO - 包装中文字符串: "加载列表时出错: {error}" -> i18nText("加载列表时出错: {error}")
2025-09-27 16:56:47,175 - INFO - 包装中文字符串: "目标小部件已被删除，无法显示 TeachingTip" -> i18nText("目标小部件已被删除，无法显示 TeachingTip")
2025-09-27 16:56:47,175 - INFO - 包装中文字符串: '✅ 提示' -> i18nText('✅ 提示')
2025-09-27 16:56:47,176 - INFO - 包装中文字符串: "已存储 Minecraft 核心文件夹位置为\n{folder_path}" -> i18nText("已存储 Minecraft 核心文件夹位置为\n{folder_path}")
2025-09-27 16:56:47,177 - INFO - 包装中文字符串: "百络谷支持版本" -> i18nText("百络谷支持版本")
2025-09-27 16:56:47,178 - INFO - 包装中文字符串: "正式版本" -> i18nText("正式版本")
2025-09-27 16:56:47,178 - INFO - 包装中文字符串: "快照版本" -> i18nText("快照版本")
2025-09-27 16:56:47,178 - INFO - 包装中文字符串: "远古版本" -> i18nText("远古版本")
2025-09-27 16:56:47,178 - INFO - 包装中文字符串: "未知的版本类型" -> i18nText("未知的版本类型")
2025-09-27 16:56:47,179 - INFO - 包装中文字符串: "最新发布版本: {latest_release}" -> i18nText("最新发布版本: {latest_release}")
2025-09-27 16:56:47,179 - INFO - 包装中文字符串: "最新快照版本: {latest_snapshot}" -> i18nText("最新快照版本: {latest_snapshot}")
2025-09-27 16:56:47,179 - INFO - 包装中文字符串: "Minecraft 版本列表已更新" -> i18nText("Minecraft 版本列表已更新")
2025-09-27 16:56:47,180 - INFO - 包装中文字符串: "无法获取 Minecraft 版本列表" -> i18nText("无法获取 Minecraft 版本列表")
2025-09-27 16:56:47,180 - INFO - 包装中文字符串: "请求错误: {e}" -> i18nText("请求错误: {e}")
2025-09-27 16:56:47,180 - INFO - 包装中文字符串: '提示' -> i18nText('提示')
2025-09-27 16:56:47,181 - INFO - 包装中文字符串: "无法连接到服务器，请检查网络连接或稍后再试。" -> i18nText("无法连接到服务器，请检查网络连接或稍后再试。")
2025-09-27 16:56:47,181 - INFO - 包装中文字符串: "SSL 错误: {e}" -> i18nText("SSL 错误: {e}")
2025-09-27 16:56:47,181 - INFO - 包装中文字符串: '提示' -> i18nText('提示')
2025-09-27 16:56:47,182 - INFO - 包装中文字符串: "无法连接到服务器，请检查网络连接或稍后再试。" -> i18nText("无法连接到服务器，请检查网络连接或稍后再试。")
2025-09-27 16:56:47,182 - INFO - 包装中文字符串: "非法名称" -> i18nText("非法名称")
2025-09-27 16:56:47,183 - INFO - 包装中文字符串: "名称包含非法字符或中文，请遵循以下规则：\n1. 不能包含 \\ / : * ? \" -> i18nText("名称包含非法字符或中文，请遵循以下规则：\n1. 不能包含 \\ / : * ? \")
2025-09-27 16:56:47,185 - INFO - 包装中文字符串: "文件 {cmcl_path} 不存在" -> i18nText("文件 {cmcl_path} 不存在")
2025-09-27 16:56:47,186 - INFO - 包装中文字符串: "错误" -> i18nText("错误")
2025-09-27 16:56:47,186 - INFO - 包装中文字符串: "文件 {cmcl_path} 不存在" -> i18nText("文件 {cmcl_path} 不存在")
2025-09-27 16:56:47,186 - INFO - 包装中文字符串: '⬇️ 正在下载' -> i18nText('⬇️ 正在下载')
2025-09-27 16:56:47,186 - INFO - 包装中文字符串: "正在下载你所选的版本..." -> i18nText("正在下载你所选的版本...")
2025-09-27 16:56:47,187 - INFO - 包装中文字符串: "已经开始下载...下载状态将会显示在这里" -> i18nText("已经开始下载...下载状态将会显示在这里")
2025-09-27 16:56:47,187 - INFO - 包装中文字符串: "不安装" -> i18nText("不安装")
2025-09-27 16:56:47,187 - INFO - 包装中文字符串: "下载命令: {command}" -> i18nText("下载命令: {command}")
2025-09-27 16:56:47,188 - INFO - 包装中文字符串: '✅ 正在下载' -> i18nText('✅ 正在下载')
2025-09-27 16:56:47,188 - INFO - 包装中文字符串: "正在下载你所选的版本..." -> i18nText("正在下载你所选的版本...")
2025-09-27 16:56:47,188 - INFO - 包装中文字符串: "正在下载版本 {self.version}" -> i18nText("正在下载版本 {self.version}")
2025-09-27 16:56:47,188 - INFO - 包装中文字符串: "执行命令: " -> i18nText("执行命令: ")
2025-09-27 16:56:47,188 - INFO - 包装中文字符串: "该名称已存在，请更换一个名称。" -> i18nText("该名称已存在，请更换一个名称。")
2025-09-27 16:56:47,188 - INFO - 包装中文字符串: "该版本已下载过。" -> i18nText("该版本已下载过。")
2025-09-27 16:56:47,188 - INFO - 包装中文字符串: "正在下载并安装" -> i18nText("正在下载并安装")
2025-09-27 16:56:47,189 - INFO - 包装中文字符串: "发送系统通知失败: {e}" -> i18nText("发送系统通知失败: {e}")
2025-09-27 16:56:47,189 - INFO - 包装中文字符串: "正在执行微软登录命令：cmcl account --login=microsoft" -> i18nText("正在执行微软登录命令：cmcl account --login=microsoft")
2025-09-27 16:56:47,189 - INFO - 包装中文字符串: "登录成功" -> i18nText("登录成功")
2025-09-27 16:56:47,189 - INFO - 包装中文字符串: "登录失败: {error}" -> i18nText("登录失败: {error}")
2025-09-27 16:56:47,189 - INFO - 包装中文字符串: "离线登录成功" -> i18nText("离线登录成功")
2025-09-27 16:56:47,189 - INFO - 包装中文字符串: "登录失败: {error}" -> i18nText("登录失败: {error}")
2025-09-27 16:56:47,192 - INFO - 包装中文字符串: "执行异常: {str(e)}" -> i18nText("执行异常: {str(e)}")
2025-09-27 16:56:47,192 - INFO - 包装中文字符串: '离线登录' -> i18nText('离线登录')
2025-09-27 16:56:47,193 - INFO - 包装中文字符串: '请输入玩家名称' -> i18nText('请输入玩家名称')
2025-09-27 16:56:47,193 - INFO - 包装中文字符串: " 重写验证表单数据的方法 " -> i18nText(" 重写验证表单数据的方法 ")
2025-09-27 16:56:47,194 - INFO - 包装中文字符串: "离线登录" -> i18nText("离线登录")
2025-09-27 16:56:47,194 - INFO - 包装中文字符串: "文件操作失败" -> i18nText("文件操作失败")
2025-09-27 16:56:47,194 - INFO - 包装中文字符串: "无法覆盖cmcl.json: {str(e)}" -> i18nText("无法覆盖cmcl.json: {str(e)}")
2025-09-27 16:56:47,195 - INFO - 包装中文字符串: "微软登录" -> i18nText("微软登录")
2025-09-27 16:56:47,195 - INFO - 包装中文字符串: "微软登录" -> i18nText("微软登录")
2025-09-27 16:56:47,196 - INFO - 包装中文字符串: "成功覆盖 cmcl.json 文件" -> i18nText("成功覆盖 cmcl.json 文件")
2025-09-27 16:56:47,197 - INFO - 包装中文字符串: "文件操作失败" -> i18nText("文件操作失败")
2025-09-27 16:56:47,198 - INFO - 包装中文字符串: "无法覆盖cmcl.json: {str(e)}" -> i18nText("无法覆盖cmcl.json: {str(e)}")
2025-09-27 16:56:47,198 - INFO - 包装中文字符串: '⏱️ 正在登录微软账户' -> i18nText('⏱️ 正在登录微软账户')
2025-09-27 16:56:47,198 - INFO - 包装中文字符串: '请按照浏览器中的提示完成登录...' -> i18nText('请按照浏览器中的提示完成登录...')
2025-09-27 16:56:47,199 - INFO - 包装中文字符串: "本地模式已启用，无法使用微软登录。" -> i18nText("本地模式已启用，无法使用微软登录。")
2025-09-27 16:56:47,199 - INFO - 包装中文字符串: "您已启用本地模式" -> i18nText("您已启用本地模式")
2025-09-27 16:56:47,200 - INFO - 包装中文字符串: "Bloret Launcher 在本地模式下无法进行微软登录，\n因为该操作需要互联网\n如果需要登录，请到设置界面关闭本地模式。或使用离线登录。" -> i18nText("Bloret Launcher 在本地模式下无法进行微软登录，\n因为该操作需要互联网\n如果需要登录，请到设置界面关闭本地模式。或使用离线登录。")
2025-09-27 16:56:47,200 - INFO - 包装中文字符串: '确认' -> i18nText('确认')
2025-09-27 16:56:47,201 - INFO - 包装中文字符串: '取消' -> i18nText('取消')
2025-09-27 16:56:47,201 - INFO - 包装中文字符串: '✅ 登录成功' -> i18nText('✅ 登录成功')
2025-09-27 16:56:47,202 - INFO - 包装中文字符串: '登录成功' -> i18nText('登录成功')
2025-09-27 16:56:47,203 - INFO - 包装中文字符串: '❎ 登录失败' -> i18nText('❎ 登录失败')
2025-09-27 16:56:47,204 - INFO - 包装中文字符串: "发送系统通知失败: {e}" -> i18nText("发送系统通知失败: {e}")
2025-09-27 16:56:47,205 - INFO - 包装中文字符串: '❎ 提示' -> i18nText('❎ 提示')
2025-09-27 16:56:47,206 - INFO - 包装中文字符串: "下载失败，原因：{error_message}" -> i18nText("下载失败，原因：{error_message}")
2025-09-27 16:56:47,207 - INFO - 包装中文字符串: "显示主窗口" -> i18nText("显示主窗口")
2025-09-27 16:56:47,207 - INFO - 包装中文字符串: '⚠️ 提示' -> i18nText('⚠️ 提示')
2025-09-27 16:56:47,209 - INFO - 包装中文字符串: "请填写值后设定" -> i18nText("请填写值后设定")
2025-09-27 16:56:47,209 - INFO - 包装中文字符串: '⚠️ 提示' -> i18nText('⚠️ 提示')
2025-09-27 16:56:47,210 - INFO - 包装中文字符串: "名称不能包含中文" -> i18nText("名称不能包含中文")
2025-09-27 16:56:47,210 - INFO - 包装中文字符串: '⏹️ 游戏结束' -> i18nText('⏹️ 游戏结束')
2025-09-27 16:56:47,210 - INFO - 包装中文字符串: "Minecraft 已结束\n如果您认为是异常退出，请查看 log 文件夹中的最后一份日志文件\n并前往本项目的 Github 或 百络谷QQ群 询问" -> i18nText("Minecraft 已结束\n如果您认为是异常退出，请查看 log 文件夹中的最后一份日志文件\n并前往本项目的 Github 或 百络谷QQ群 询问")
2025-09-27 16:56:47,212 - INFO - 包装中文字符串: '❌ 运行失败' -> i18nText('❌ 运行失败')
2025-09-27 16:56:47,212 - INFO - 包装中文字符串: "run.bat 运行失败: {error}" -> i18nText("run.bat 运行失败: {error}")
2025-09-27 16:56:47,212 - INFO - 包装中文字符串: "run.bat 运行失败: {error}" -> i18nText("run.bat 运行失败: {error}")
2025-09-27 16:56:47,213 - INFO - 包装中文字符串: "皮肤已下载到 player_skin.png" -> i18nText("皮肤已下载到 player_skin.png")
2025-09-27 16:56:47,213 - INFO - 包装中文字符串: "披风已下载到 player_cape.png" -> i18nText("披风已下载到 player_cape.png")
2025-09-27 16:56:47,214 - INFO - 包装中文字符串: "跟随系统" -> i18nText("跟随系统")
2025-09-27 16:56:47,214 - INFO - 包装中文字符串: "深色模式" -> i18nText("深色模式")
2025-09-27 16:56:47,214 - INFO - 包装中文字符串: "浅色模式" -> i18nText("浅色模式")
2025-09-27 16:56:47,215 - INFO - 包装中文字符串: "没有日志可以清空了" -> i18nText("没有日志可以清空了")
2025-09-27 16:56:47,215 - INFO - 包装中文字符串: "清空 {log_file_count-1} 个日志，总计 {total_size // 1024} KB" -> i18nText("清空 {log_file_count-1} 个日志，总计 {total_size // 1024} KB")
2025-09-27 16:56:47,253 - INFO - 包装中文字符串: "清空日志" -> i18nText("清空日志")
2025-09-27 16:56:47,253 - INFO - 包装中文字符串: "当前主题:{isdarktheme}" -> i18nText("当前主题:{isdarktheme}")
2025-09-27 16:56:47,255 - INFO - 包装中文字符串: "本地模式已启用，获取 Light-Minecraft-Download-Way 的过程已跳过。" -> i18nText("本地模式已启用，获取 Light-Minecraft-Download-Way 的过程已跳过。")
2025-09-27 16:56:47,255 - INFO - 包装中文字符串: "Bloret Launcher 无法写入文件" -> i18nText("Bloret Launcher 无法写入文件")
2025-09-27 16:56:47,256 - INFO - 包装中文字符串: "Bloret Launcher 需要在安装文件夹写入文件，但是我们在多次尝试后仍无法正常写入文件\n这可能是由于安装文件夹是只读的。\n请考虑将百络谷启动器安装在非 Program Files , Program Files (x86) 等只读的文件夹\n由于没有写入权限，百络谷启动器将退出。" -> i18nText("Bloret Launcher 需要在安装文件夹写入文件，但是我们在多次尝试后仍无法正常写入文件\n这可能是由于安装文件夹是只读的。\n请考虑将百络谷启动器安装在非 Program Files , Program Files (x86) 等只读的文件夹\n由于没有写入权限，百络谷启动器将退出。")
2025-09-27 16:56:47,256 - INFO - 包装中文字符串: '确认' -> i18nText('确认')
2025-09-27 16:56:47,257 - INFO - 包装中文字符串: '取消' -> i18nText('取消')
2025-09-27 16:56:47,257 - INFO - 替换完成，共处理 239 个中文字符串，0 个已包装字符串
2025-09-27 16:56:47,258 - INFO - 正在将修改后的内容写入文件
2025-09-27 16:56:47,261 - INFO - 文件写入完成
2025-09-27 16:56:47,262 - INFO - i18n文本处理工具执行完成
2025-09-27 17:00:41,945 - INFO - i18n文本处理工具启动
2025-09-27 17:00:48,321 - INFO - 用户输入文件路径: Bloret-Launcher.py
2025-09-27 17:00:48,322 - INFO - 开始处理文件: Bloret-Launcher.py
2025-09-27 17:00:48,322 - INFO - 正在读取文件内容
2025-09-27 17:00:48,323 - INFO - 文件读取完成，内容长度: 69002 字符
2025-09-27 17:00:48,327 - INFO - 包装中文字符串: "你还未安装任何版本哦，请前往下载页面安装" -> i18nText("你还未安装任何版本哦，请前往下载页面安装")
2025-09-27 17:00:48,327 - INFO - 包装中文字符串: "警告：SystemTrayIcon 的 parent 参数为 None" -> i18nText("警告：SystemTrayIcon 的 parent 参数为 None")
2025-09-27 17:00:48,327 - INFO - 包装中文字符串: "🔼  启动版本" -> i18nText("🔼  启动版本")
2025-09-27 17:00:48,328 - INFO - 包装中文字符串: '🔡  访问 BBS' -> i18nText('🔡  访问 BBS')
2025-09-27 17:00:48,328 - INFO - 包装中文字符串: '🔄️  重启程序' -> i18nText('🔄️  重启程序')
2025-09-27 17:00:48,328 - INFO - 包装中文字符串: '✅  显示窗口' -> i18nText('✅  显示窗口')
2025-09-27 17:00:48,328 - INFO - 包装中文字符串: '❎  退出程序' -> i18nText('❎  退出程序')
2025-09-27 17:00:48,329 - INFO - 包装中文字符串: "百络谷支持版本" -> i18nText("百络谷支持版本")
2025-09-27 17:00:48,329 - INFO - 包装中文字符串: "正式版本" -> i18nText("正式版本")
2025-09-27 17:00:48,329 - INFO - 包装中文字符串: "快照版本" -> i18nText("快照版本")
2025-09-27 17:00:48,329 - INFO - 包装中文字符串: "远古版本" -> i18nText("远古版本")
2025-09-27 17:00:48,329 - INFO - 包装中文字符串: "未知的版本类型" -> i18nText("未知的版本类型")
2025-09-27 17:00:48,330 - INFO - 包装中文字符串: "创建互斥体失败" -> i18nText("创建互斥体失败")
2025-09-27 17:00:48,330 - INFO - 包装中文字符串: "检测到程序重复运行" -> i18nText("检测到程序重复运行")
2025-09-27 17:00:48,330 - INFO - 包装中文字符串: "重复运行被禁用：检测到程序已运行，退出新实例" -> i18nText("重复运行被禁用：检测到程序已运行，退出新实例")
2025-09-27 17:00:48,330 - INFO - 包装中文字符串: 'Bloret Launcher 已阻止了重复打开软件的操作' -> i18nText('Bloret Launcher 已阻止了重复打开软件的操作')
2025-09-27 17:00:48,330 - INFO - 包装中文字符串: '为了防止 Bloret Launcher 占满您的计算机，我们已阻止您重复打开 Bloret Launcher\n如需重复打开，请到设置中勾选允许重复运行。' -> i18nText('为了防止 Bloret Launcher 占满您的计算机，我们已阻止您重复打开 Bloret Launcher\n如需重复打开，请到设置中勾选允许重复运行。')
2025-09-27 17:00:48,333 - INFO - 包装中文字符串: "Bloret Launcher 已阻止了重复打开软件的操作" -> i18nText("Bloret Launcher 已阻止了重复打开软件的操作")
2025-09-27 17:00:48,334 - INFO - 包装中文字符串: "为了防止 Bloret Launcher 占满您的计算机，我们已阻止您重复打开 Bloret Launcher\n如需重复打开，请到设置中勾选允许重复运行。" -> i18nText("为了防止 Bloret Launcher 占满您的计算机，我们已阻止您重复打开 Bloret Launcher\n如需重复打开，请到设置中勾选允许重复运行。")
2025-09-27 17:00:48,334 - INFO - 包装中文字符串: '确认' -> i18nText('确认')
2025-09-27 17:00:48,334 - INFO - 包装中文字符串: "显示软件打开过程已启用" -> i18nText("显示软件打开过程已启用")
2025-09-27 17:00:48,334 - INFO - 包装中文字符串: '正在启动 Bloret Launcher' -> i18nText('正在启动 Bloret Launcher')
2025-09-27 17:00:48,334 - INFO - 包装中文字符串: '正在做打开软件前的工作...' -> i18nText('正在做打开软件前的工作...')
2025-09-27 17:00:48,335 - INFO - 包装中文字符串: "显示软件打开过程已禁用" -> i18nText("显示软件打开过程已禁用")
2025-09-27 17:00:48,335 - INFO - 包装中文字符串: '创建启动页面' -> i18nText('创建启动页面')
2025-09-27 17:00:48,335 - INFO - 包装中文字符串: "启动画面创建完成" -> i18nText("启动画面创建完成")
2025-09-27 17:00:48,335 - INFO - 包装中文字符串: '连接服务器' -> i18nText('连接服务器')
2025-09-27 17:00:48,335 - INFO - 包装中文字符串: "启动画面已显示" -> i18nText("启动画面已显示")
2025-09-27 17:00:48,335 - INFO - 包装中文字符串: '初始化侧边栏动画' -> i18nText('初始化侧边栏动画')
2025-09-27 17:00:48,336 - INFO - 包装中文字符串: '初始化淡入动画' -> i18nText('初始化淡入动画')
2025-09-27 17:00:48,336 - INFO - 包装中文字符串: '初始化其他属性' -> i18nText('初始化其他属性')
2025-09-27 17:00:48,336 - INFO - 包装中文字符串: '处理首次运行' -> i18nText('处理首次运行')
2025-09-27 17:00:48,336 - INFO - 包装中文字符串: '隐藏启动页面' -> i18nText('隐藏启动页面')
2025-09-27 17:00:48,337 - INFO - 包装中文字符串: "隐藏启动画面" -> i18nText("隐藏启动画面")
2025-09-27 17:00:48,337 - INFO - 包装中文字符串: '初始化需要 cmcl_data 的组件' -> i18nText('初始化需要 cmcl_data 的组件')
2025-09-27 17:00:48,337 - INFO - 包装中文字符串: '显示窗口' -> i18nText('显示窗口')
2025-09-27 17:00:48,337 - INFO - 包装中文字符串: "未登录" -> i18nText("未登录")
2025-09-27 17:00:48,337 - INFO - 包装中文字符串: "请在下方登录" -> i18nText("请在下方登录")
2025-09-27 17:00:48,337 - INFO - 包装中文字符串: "cmcl.json 中的 accounts 列表为空" -> i18nText("cmcl.json 中的 accounts 列表为空")
2025-09-27 17:00:48,337 - INFO - 包装中文字符串: '未登录' -> i18nText('未登录')
2025-09-27 17:00:48,338 - INFO - 包装中文字符串: "离线登录" -> i18nText("离线登录")
2025-09-27 17:00:48,338 - INFO - 包装中文字符串: "微软登录" -> i18nText("微软登录")
2025-09-27 17:00:48,338 - INFO - 包装中文字符串: "未知登录方式" -> i18nText("未知登录方式")
2025-09-27 17:00:48,338 - INFO - 包装中文字符串: "未登录" -> i18nText("未登录")
2025-09-27 17:00:48,339 - INFO - 包装中文字符串: "请在下方登录" -> i18nText("请在下方登录")
2025-09-27 17:00:48,339 - INFO - 包装中文字符串: "未登录" -> i18nText("未登录")
2025-09-27 17:00:48,339 - INFO - 包装中文字符串: "请在下方登录" -> i18nText("请在下方登录")
2025-09-27 17:00:48,339 - INFO - 包装中文字符串: "主页" -> i18nText("主页")
2025-09-27 17:00:48,340 - INFO - 包装中文字符串: "下载" -> i18nText("下载")
2025-09-27 17:00:48,340 - INFO - 包装中文字符串: "工具" -> i18nText("工具")
2025-09-27 17:00:48,340 - INFO - 包装中文字符串: "版本管理" -> i18nText("版本管理")
2025-09-27 17:00:48,340 - INFO - 包装中文字符串: "通行证" -> i18nText("通行证")
2025-09-27 17:00:48,340 - INFO - 包装中文字符串: "设置" -> i18nText("设置")
2025-09-27 17:00:48,340 - INFO - 包装中文字符串: "联机" -> i18nText("联机")
2025-09-27 17:00:48,340 - INFO - 包装中文字符串: "关于" -> i18nText("关于")
2025-09-27 17:00:48,341 - INFO - 包装中文字符串: "主页 被点击" -> i18nText("主页 被点击")
2025-09-27 17:00:48,341 - INFO - 包装中文字符串: '❌ 错误' -> i18nText('❌ 错误')
2025-09-27 17:00:48,341 - INFO - 包装中文字符串: "请选择一个Minecraft版本" -> i18nText("请选择一个Minecraft版本")
2025-09-27 17:00:48,341 - INFO - 包装中文字符串: '❌ 错误' -> i18nText('❌ 错误')
2025-09-27 17:00:48,341 - INFO - 包装中文字符串: '❌ 错误' -> i18nText('❌ 错误')
2025-09-27 17:00:48,342 - INFO - 包装中文字符串: "请选择一个Fabric版本" -> i18nText("请选择一个Fabric版本")
2025-09-27 17:00:48,342 - INFO - 包装中文字符串: "下载过程可能需要几分钟，请耐心等待..." -> i18nText("下载过程可能需要几分钟，请耐心等待...")
2025-09-27 17:00:48,342 - INFO - 包装中文字符串: '⚠️ 功能开发中' -> i18nText('⚠️ 功能开发中')
2025-09-27 17:00:48,342 - INFO - 包装中文字符串: '❌ 错误' -> i18nText('❌ 错误')
2025-09-27 17:00:48,342 - INFO - 包装中文字符串: "请选择一个Java版本" -> i18nText("请选择一个Java版本")
2025-09-27 17:00:48,342 - INFO - 包装中文字符串: '❌ 错误' -> i18nText('❌ 错误')
2025-09-27 17:00:48,343 - INFO - 包装中文字符串: "无法解析Java版本号" -> i18nText("无法解析Java版本号")
2025-09-27 17:00:48,344 - INFO - 包装中文字符串: "下载过程可能需要几分钟，请耐心等待..." -> i18nText("下载过程可能需要几分钟，请耐心等待...")
2025-09-27 17:00:48,344 - INFO - 包装中文字符串: '⚠️ 功能开发中' -> i18nText('⚠️ 功能开发中')
2025-09-27 17:00:48,345 - INFO - 包装中文字符串: '✅ 下载成功' -> i18nText('✅ 下载成功')
2025-09-27 17:00:48,345 - INFO - 包装中文字符串: '❌ 下载失败' -> i18nText('❌ 下载失败')
2025-09-27 17:00:48,345 - INFO - 包装中文字符串: "下载完成，但版本信息缺失" -> i18nText("下载完成，但版本信息缺失")
2025-09-27 17:00:48,346 - INFO - 包装中文字符串: '✅ 下载完成' -> i18nText('✅ 下载完成')
2025-09-27 17:00:48,346 - INFO - 包装中文字符串: "下载完成" -> i18nText("下载完成")
2025-09-27 17:00:48,346 - INFO - 包装中文字符串: "下载完成" -> i18nText("下载完成")
2025-09-27 17:00:48,347 - INFO - 包装中文字符串: "你还未安装任何版本哦，请前往下载页面安装" -> i18nText("你还未安装任何版本哦，请前往下载页面安装")
2025-09-27 17:00:48,347 - INFO - 包装中文字符串: "无法获取版本列表，可能是你还未安装任何版本，请前往下载页面安装" -> i18nText("无法获取版本列表，可能是你还未安装任何版本，请前往下载页面安装")
2025-09-27 17:00:48,347 - INFO - 包装中文字符串: "无法获取版本列表，可能是你还未安装任何版本，请前往下载页面安装" -> i18nText("无法获取版本列表，可能是你还未安装任何版本，请前往下载页面安装")
2025-09-27 17:00:48,348 - INFO - 包装中文字符串: "请稍等" -> i18nText("请稍等")
2025-09-27 17:00:48,349 - INFO - 包装中文字符串: "托盘菜单启动，不显示 TeachingTip" -> i18nText("托盘菜单启动，不显示 TeachingTip")
2025-09-27 17:00:48,350 - INFO - 包装中文字符串: "下载 被点击" -> i18nText("下载 被点击")
2025-09-27 17:00:48,350 - INFO - 包装中文字符串: "选择文件" -> i18nText("选择文件")
2025-09-27 17:00:48,350 - INFO - 包装中文字符串: "所有文件 (*.*)" -> i18nText("所有文件 (*.*)")
2025-09-27 17:00:48,350 - INFO - 包装中文字符串: '⚠️ 提示' -> i18nText('⚠️ 提示')
2025-09-27 17:00:48,350 - INFO - 包装中文字符串: "路径或显示名称不能为空" -> i18nText("路径或显示名称不能为空")
2025-09-27 17:00:48,351 - INFO - 包装中文字符串: '❌ 错误' -> i18nText('❌ 错误')
2025-09-27 17:00:48,351 - INFO - 包装中文字符串: "指定的路径不存在，请重新选择" -> i18nText("指定的路径不存在，请重新选择")
2025-09-27 17:00:48,351 - INFO - 包装中文字符串: '❌ 错误' -> i18nText('❌ 错误')
2025-09-27 17:00:48,351 - INFO - 包装中文字符串: "指定的路径不是文件，请重新选择" -> i18nText("指定的路径不是文件，请重新选择")
2025-09-27 17:00:48,351 - INFO - 包装中文字符串: '✅ 成功' -> i18nText('✅ 成功')
2025-09-27 17:00:48,351 - INFO - 包装中文字符串: '❌ 错误' -> i18nText('❌ 错误')
2025-09-27 17:00:48,351 - INFO - 包装中文字符串: '⏱️ 正在加载' -> i18nText('⏱️ 正在加载')
2025-09-27 17:00:48,352 - INFO - 包装中文字符串: '错误' -> i18nText('错误')
2025-09-27 17:00:48,352 - INFO - 包装中文字符串: '✅ 提示' -> i18nText('✅ 提示')
2025-09-27 17:00:48,352 - INFO - 包装中文字符串: "百络谷支持版本" -> i18nText("百络谷支持版本")
2025-09-27 17:00:48,352 - INFO - 包装中文字符串: "正式版本" -> i18nText("正式版本")
2025-09-27 17:00:48,352 - INFO - 包装中文字符串: "快照版本" -> i18nText("快照版本")
2025-09-27 17:00:48,352 - INFO - 包装中文字符串: "远古版本" -> i18nText("远古版本")
2025-09-27 17:00:48,353 - INFO - 包装中文字符串: "未知的版本类型" -> i18nText("未知的版本类型")
2025-09-27 17:00:48,353 - INFO - 包装中文字符串: "Minecraft 版本列表已更新" -> i18nText("Minecraft 版本列表已更新")
2025-09-27 17:00:48,353 - INFO - 包装中文字符串: "无法获取 Minecraft 版本列表" -> i18nText("无法获取 Minecraft 版本列表")
2025-09-27 17:00:48,353 - INFO - 包装中文字符串: '提示' -> i18nText('提示')
2025-09-27 17:00:48,353 - INFO - 包装中文字符串: "无法连接到服务器，请检查网络连接或稍后再试。" -> i18nText("无法连接到服务器，请检查网络连接或稍后再试。")
2025-09-27 17:00:48,353 - INFO - 包装中文字符串: '提示' -> i18nText('提示')
2025-09-27 17:00:48,353 - INFO - 包装中文字符串: "无法连接到服务器，请检查网络连接或稍后再试。" -> i18nText("无法连接到服务器，请检查网络连接或稍后再试。")
2025-09-27 17:00:48,353 - INFO - 包装中文字符串: "非法名称" -> i18nText("非法名称")
2025-09-27 17:00:48,354 - INFO - 包装中文字符串: "名称包含非法字符或中文，请遵循以下规则：\n1. 不能包含 \\ / : * ? \" -> i18nText("名称包含非法字符或中文，请遵循以下规则：\n1. 不能包含 \\ / : * ? \")
2025-09-27 17:00:48,354 - INFO - 包装中文字符串: "错误" -> i18nText("错误")
2025-09-27 17:00:48,354 - INFO - 包装中文字符串: '⬇️ 正在下载' -> i18nText('⬇️ 正在下载')
2025-09-27 17:00:48,354 - INFO - 包装中文字符串: "已经开始下载...下载状态将会显示在这里" -> i18nText("已经开始下载...下载状态将会显示在这里")
2025-09-27 17:00:48,354 - INFO - 包装中文字符串: "不安装" -> i18nText("不安装")
2025-09-27 17:00:48,354 - INFO - 包装中文字符串: '✅ 正在下载' -> i18nText('✅ 正在下载')
2025-09-27 17:00:48,355 - INFO - 包装中文字符串: "执行命令: " -> i18nText("执行命令: ")
2025-09-27 17:00:48,355 - INFO - 包装中文字符串: "该名称已存在，请更换一个名称。" -> i18nText("该名称已存在，请更换一个名称。")
2025-09-27 17:00:48,355 - INFO - 包装中文字符串: "该版本已下载过。" -> i18nText("该版本已下载过。")
2025-09-27 17:00:48,355 - INFO - 包装中文字符串: "正在下载并安装" -> i18nText("正在下载并安装")
2025-09-27 17:00:48,355 - INFO - 包装中文字符串: "正在执行微软登录命令：cmcl account --login=microsoft" -> i18nText("正在执行微软登录命令：cmcl account --login=microsoft")
2025-09-27 17:00:48,355 - INFO - 包装中文字符串: "登录成功" -> i18nText("登录成功")
2025-09-27 17:00:48,355 - INFO - 包装中文字符串: "离线登录成功" -> i18nText("离线登录成功")
2025-09-27 17:00:48,356 - INFO - 包装中文字符串: '离线登录' -> i18nText('离线登录')
2025-09-27 17:00:48,356 - INFO - 包装中文字符串: '请输入玩家名称' -> i18nText('请输入玩家名称')
2025-09-27 17:00:48,356 - INFO - 包装中文字符串: "离线登录" -> i18nText("离线登录")
2025-09-27 17:00:48,356 - INFO - 包装中文字符串: "文件操作失败" -> i18nText("文件操作失败")
2025-09-27 17:00:48,356 - INFO - 包装中文字符串: "微软登录" -> i18nText("微软登录")
2025-09-27 17:00:48,356 - INFO - 包装中文字符串: "微软登录" -> i18nText("微软登录")
2025-09-27 17:00:48,356 - INFO - 包装中文字符串: "成功覆盖 cmcl.json 文件" -> i18nText("成功覆盖 cmcl.json 文件")
2025-09-27 17:00:48,357 - INFO - 包装中文字符串: "文件操作失败" -> i18nText("文件操作失败")
2025-09-27 17:00:48,357 - INFO - 包装中文字符串: '⏱️ 正在登录微软账户' -> i18nText('⏱️ 正在登录微软账户')
2025-09-27 17:00:48,357 - INFO - 包装中文字符串: '请按照浏览器中的提示完成登录...' -> i18nText('请按照浏览器中的提示完成登录...')
2025-09-27 17:00:48,357 - INFO - 包装中文字符串: "本地模式已启用，无法使用微软登录。" -> i18nText("本地模式已启用，无法使用微软登录。")
2025-09-27 17:00:48,357 - INFO - 包装中文字符串: "您已启用本地模式" -> i18nText("您已启用本地模式")
2025-09-27 17:00:48,357 - INFO - 包装中文字符串: "Bloret Launcher 在本地模式下无法进行微软登录，\n因为该操作需要互联网\n如果需要登录，请到设置界面关闭本地模式。或使用离线登录。" -> i18nText("Bloret Launcher 在本地模式下无法进行微软登录，\n因为该操作需要互联网\n如果需要登录，请到设置界面关闭本地模式。或使用离线登录。")
2025-09-27 17:00:48,357 - INFO - 包装中文字符串: '确认' -> i18nText('确认')
2025-09-27 17:00:48,357 - INFO - 包装中文字符串: '取消' -> i18nText('取消')
2025-09-27 17:00:48,357 - INFO - 包装中文字符串: '✅ 登录成功' -> i18nText('✅ 登录成功')
2025-09-27 17:00:48,357 - INFO - 包装中文字符串: '登录成功' -> i18nText('登录成功')
2025-09-27 17:00:48,358 - INFO - 包装中文字符串: '❎ 登录失败' -> i18nText('❎ 登录失败')
2025-09-27 17:00:48,358 - INFO - 包装中文字符串: '❎ 提示' -> i18nText('❎ 提示')
2025-09-27 17:00:48,358 - INFO - 包装中文字符串: '⚠️ 提示' -> i18nText('⚠️ 提示')
2025-09-27 17:00:48,358 - INFO - 包装中文字符串: "请填写值后设定" -> i18nText("请填写值后设定")
2025-09-27 17:00:48,358 - INFO - 包装中文字符串: '⚠️ 提示' -> i18nText('⚠️ 提示')
2025-09-27 17:00:48,358 - INFO - 包装中文字符串: "名称不能包含中文" -> i18nText("名称不能包含中文")
2025-09-27 17:00:48,359 - INFO - 包装中文字符串: '⏹️ 游戏结束' -> i18nText('⏹️ 游戏结束')
2025-09-27 17:00:48,359 - INFO - 包装中文字符串: "Minecraft 已结束\n如果您认为是异常退出，请查看 log 文件夹中的最后一份日志文件\n并前往本项目的 Github 或 百络谷QQ群 询问" -> i18nText("Minecraft 已结束\n如果您认为是异常退出，请查看 log 文件夹中的最后一份日志文件\n并前往本项目的 Github 或 百络谷QQ群 询问")
2025-09-27 17:00:48,359 - INFO - 包装中文字符串: '❌ 运行失败' -> i18nText('❌ 运行失败')
2025-09-27 17:00:48,359 - INFO - 包装中文字符串: "跟随系统" -> i18nText("跟随系统")
2025-09-27 17:00:48,359 - INFO - 包装中文字符串: "深色模式" -> i18nText("深色模式")
2025-09-27 17:00:48,359 - INFO - 包装中文字符串: "浅色模式" -> i18nText("浅色模式")
2025-09-27 17:00:48,359 - INFO - 包装中文字符串: "没有日志可以清空了" -> i18nText("没有日志可以清空了")
2025-09-27 17:00:48,359 - INFO - 包装中文字符串: "清空日志" -> i18nText("清空日志")
2025-09-27 17:00:48,360 - INFO - 包装中文字符串: "本地模式已启用，获取 Light-Minecraft-Download-Way 的过程已跳过。" -> i18nText("本地模式已启用，获取 Light-Minecraft-Download-Way 的过程已跳过。")
2025-09-27 17:00:48,360 - INFO - 包装中文字符串: "Bloret Launcher 无法写入文件" -> i18nText("Bloret Launcher 无法写入文件")
2025-09-27 17:00:48,360 - INFO - 包装中文字符串: "Bloret Launcher 需要在安装文件夹写入文件，但是我们在多次尝试后仍无法正常写入文件\n这可能是由于安装文件夹是只读的。\n请考虑将百络谷启动器安装在非 Program Files , Program Files (x86) 等只读的文件夹\n由于没有写入权限，百络谷启动器将退出。" -> i18nText("Bloret Launcher 需要在安装文件夹写入文件，但是我们在多次尝试后仍无法正常写入文件\n这可能是由于安装文件夹是只读的。\n请考虑将百络谷启动器安装在非 Program Files , Program Files (x86) 等只读的文件夹\n由于没有写入权限，百络谷启动器将退出。")
2025-09-27 17:00:48,360 - INFO - 包装中文字符串: '确认' -> i18nText('确认')
2025-09-27 17:00:48,360 - INFO - 包装中文字符串: '取消' -> i18nText('取消')
2025-09-27 17:00:48,361 - INFO - 处理完成，共处理 155 个中文字符串，0 个已包装字符串，跳过 81 个f-string，跳过 93 个注释中的字符串
2025-09-27 17:00:48,361 - INFO - 正在将修改后的内容写入文件
2025-09-27 17:00:48,363 - INFO - 文件写入完成
2025-09-27 17:00:48,364 - INFO - i18n文本处理工具执行完成
