2025-10-01 21:22:01,638 [INFO] LOG.PY 的导入已完成。
© 2025 Bloret Launcher All rights reserved. 
© 2025 Bloret All rights reserved.
2025-10-01 21:22:01,640 [INFO] SAFE.PY 的导入已完成。
© 2025 Bloret Launcher All rights reserved. 
© 2025 Bloret All rights reserved.
2025-10-01 21:22:02,290 [INFO] CUSTOMIZE.PY 的导入已完成。
© 2025 Bloret Launcher All rights reserved. 
© 2025 Bloret All rights reserved.
2025-10-01 21:22:02,299 [INFO] SYSTEMS.PY 的导入已完成。
© 2025 Bloret Launcher All rights reserved. 
© 2025 Bloret All rights reserved.
2025-10-01 21:22:02,301 [INFO] Starting web server on port 25252...
2025-10-01 21:22:02,302 [INFO] BLORET_PASSPORT.PY 的导入已完成。
© 2025 Bloret Launcher All rights reserved. 
© 2025 Bloret All rights reserved.
2025-10-01 21:22:02,303 [INFO] LINK.PY 的导入已完成。
© 2025 Bloret Launcher All rights reserved. 
© 2025 Bloret All rights reserved.
2025-10-01 21:22:02,304 [INFO] QUERYS.PY 的导入已完成。
© 2025 Bloret Launcher All rights reserved. 
© 2025 Bloret All rights reserved.
2025-10-01 21:22:02,342 [INFO] SETUP_UI.PY 的导入已完成。
© 2025 Bloret Launcher All rights reserved. 
© 2025 Bloret All rights reserved.
2025-10-01 21:22:02,343 [INFO] BLSERVER.PY 的导入已完成。
© 2025 Bloret Launcher All rights reserved. 
© 2025 Bloret All rights reserved.
2025-10-01 21:22:02,345 [INFO] BLDOWNLOAD.PY 的导入已完成。
© 2025 Bloret Launcher All rights reserved. 
© 2025 Bloret All rights reserved.
2025-10-01 21:22:02,346 [INFO] 当前主题:True
2025-10-01 21:22:02,576 [INFO] 系统主题颜色: #0078D7
2025-10-01 21:22:03,105 [INFO] 图标路径存在: G:\Work\git\Bloret-Launcher\bloret.ico
2025-10-01 21:22:03,111 [INFO] 显示软件打开过程已禁用
2025-10-01 21:22:03,132 [INFO] 图标路径存在: G:\Work\git\Bloret-Launcher\bloret.ico
2025-10-01 21:22:03,137 [INFO] 启动画面创建完成
2025-10-01 21:22:03,145 [INFO] 启动画面已显示
2025-10-01 21:22:03,163 [INFO] 开始向 cmcl.json 读取数据
2025-10-01 21:22:03,166 [INFO] 读取到的 playerName: Detritalw
2025-10-01 21:22:03,167 [INFO] 读取到的 loginMethod: 微软登录
2025-10-01 21:22:03,410 [INFO] 最新正式版: 7.4
2025-10-01 21:22:03,411 [INFO] 成功获取 Bloret 版本列表: ['1.21.4', '1.21.3', '1.21.2', '1.21.1', '1.21']
2025-10-01 21:22:04,272 [INFO] No translation data found for widget: bbs
2025-10-01 21:22:04,278 [INFO] 成功读取版本列表: ['1.21.8', '1.21.8-Fabric']
2025-10-01 21:22:04,278 [INFO] Minecraft 版本列表: ['1.21.8', '1.21.8-Fabric']
2025-10-01 21:22:04,278 [INFO] Customize 列表中的 showname 值: []
2025-10-01 21:22:04,278 [INFO] 合并后的版本列表: ['1.21.8', '1.21.8-Fabric']
2025-10-01 21:22:04,415 [INFO] 检测到的IPv6地址: 2408:8240:7c11:c730:25fa:c7a:da09:d942
2025-10-01 21:22:04,416 [INFO] 未找到OnlineClient_ClientTime标签
2025-10-01 21:22:04,416 [INFO] 未找到OnlineClient_address标签
2025-10-01 21:22:04,417 [INFO] 已连接StartOnlineClient按钮
2025-10-01 21:22:04,417 [INFO] 成功读取 cmcl.json 数据
2025-10-01 21:22:04,421 [INFO] 设置 login_way_combo 当前索引为: 微软登录
2025-10-01 21:22:04,423 [INFO] 设置 name_combo 当前索引为: Detritalw
2025-10-01 21:22:06,295 [INFO] No translation data found for widget: bbs
2025-10-01 21:22:06,299 [INFO] 成功读取版本列表: ['1.21.8', '1.21.8-Fabric']
2025-10-01 21:22:06,299 [INFO] Minecraft 版本列表: ['1.21.8', '1.21.8-Fabric']
2025-10-01 21:22:06,300 [INFO] Customize 列表中的 showname 值: []
2025-10-01 21:22:06,300 [INFO] 合并后的版本列表: ['1.21.8', '1.21.8-Fabric']
2025-10-01 21:22:06,409 [INFO] 检测到的IPv6地址: 2408:8240:7c11:c730:25fa:c7a:da09:d942
2025-10-01 21:22:06,411 [INFO] 未找到OnlineClient_ClientTime标签
2025-10-01 21:22:06,411 [INFO] 未找到OnlineClient_address标签
2025-10-01 21:22:06,411 [INFO] 已连接StartOnlineClient按钮
2025-10-01 21:22:06,412 [INFO] 成功读取 cmcl.json 数据
2025-10-01 21:22:06,414 [INFO] 设置 login_way_combo 当前索引为: 微软登录
2025-10-01 21:22:06,415 [INFO] 设置 name_combo 当前索引为: Detritalw
2025-10-01 21:22:08,144 [INFO] 隐藏启动画面
2025-10-01 21:23:16,459 [INFO] minecraft_list:['1.21.8', '1.21.8-Fabric']
2025-10-01 21:23:16,467 [INFO] 正在启动 1.21.8-Fabric
2025-10-01 21:23:16,479 [INFO] 检测到 Fabric 版本: 0.17.2
2025-10-01 21:23:16,479 [INFO] 已添加库: C:\Users\0570\AppData\Roaming\Bloret-Launcher\.minecraft\libraries\ca/weblite/java-objc-bridge/1.1/java-objc-bridge-1.1.jar
2025-10-01 21:23:16,480 [INFO] 已添加库: C:\Users\0570\AppData\Roaming\Bloret-Launcher\.minecraft\libraries\com/fasterxml/jackson/core/jackson-annotations/2.13.4/jackson-annotations-2.13.4.jar
2025-10-01 21:23:16,480 [INFO] 已添加库: C:\Users\0570\AppData\Roaming\Bloret-Launcher\.minecraft\libraries\com/fasterxml/jackson/core/jackson-core/2.13.4/jackson-core-2.13.4.jar
2025-10-01 21:23:16,480 [INFO] 已添加库: C:\Users\0570\AppData\Roaming\Bloret-Launcher\.minecraft\libraries\com/fasterxml/jackson/core/jackson-databind/2.13.4.2/jackson-databind-2.13.4.2.jar
2025-10-01 21:23:16,481 [INFO] 已添加库: C:\Users\0570\AppData\Roaming\Bloret-Launcher\.minecraft\libraries\com/github/oshi/oshi-core/6.6.5/oshi-core-6.6.5.jar
2025-10-01 21:23:16,481 [INFO] 已添加库: C:\Users\0570\AppData\Roaming\Bloret-Launcher\.minecraft\libraries\com/github/stephenc/jcip/jcip-annotations/1.0-1/jcip-annotations-1.0-1.jar
2025-10-01 21:23:16,482 [INFO] 已添加库: C:\Users\0570\AppData\Roaming\Bloret-Launcher\.minecraft\libraries\com/google/code/gson/gson/2.11.0/gson-2.11.0.jar
2025-10-01 21:23:16,482 [INFO] 已添加库: C:\Users\0570\AppData\Roaming\Bloret-Launcher\.minecraft\libraries\com/google/guava/failureaccess/1.0.2/failureaccess-1.0.2.jar
2025-10-01 21:23:16,482 [INFO] 已添加库: C:\Users\0570\AppData\Roaming\Bloret-Launcher\.minecraft\libraries\com/google/guava/guava/33.3.1-jre/guava-33.3.1-jre.jar
2025-10-01 21:23:16,483 [INFO] 已添加库: C:\Users\0570\AppData\Roaming\Bloret-Launcher\.minecraft\libraries\com/ibm/icu/icu4j/76.1/icu4j-76.1.jar
2025-10-01 21:23:16,483 [INFO] 已添加库: C:\Users\0570\AppData\Roaming\Bloret-Launcher\.minecraft\libraries\com/microsoft/azure/msal4j/1.17.2/msal4j-1.17.2.jar
2025-10-01 21:23:16,484 [INFO] 已添加库: C:\Users\0570\AppData\Roaming\Bloret-Launcher\.minecraft\libraries\com/mojang/authlib/6.0.58/authlib-6.0.58.jar
2025-10-01 21:23:16,484 [INFO] 已添加库: C:\Users\0570\AppData\Roaming\Bloret-Launcher\.minecraft\libraries\com/mojang/blocklist/1.0.10/blocklist-1.0.10.jar
2025-10-01 21:23:16,484 [INFO] 已添加库: C:\Users\0570\AppData\Roaming\Bloret-Launcher\.minecraft\libraries\com/mojang/brigadier/1.3.10/brigadier-1.3.10.jar
2025-10-01 21:23:16,485 [INFO] 已添加库: C:\Users\0570\AppData\Roaming\Bloret-Launcher\.minecraft\libraries\com/mojang/datafixerupper/8.0.16/datafixerupper-8.0.16.jar
2025-10-01 21:23:16,485 [INFO] 已添加库: C:\Users\0570\AppData\Roaming\Bloret-Launcher\.minecraft\libraries\com/mojang/jtracy/1.0.29/jtracy-1.0.29.jar
2025-10-01 21:23:16,486 [INFO] 已添加库: C:\Users\0570\AppData\Roaming\Bloret-Launcher\.minecraft\libraries\com/mojang/jtracy/1.0.29/jtracy-1.0.29-natives-linux.jar
2025-10-01 21:23:16,486 [INFO] 已添加库: C:\Users\0570\AppData\Roaming\Bloret-Launcher\.minecraft\libraries\com/mojang/jtracy/1.0.29/jtracy-1.0.29-natives-macos.jar
2025-10-01 21:23:16,487 [INFO] 已添加库: C:\Users\0570\AppData\Roaming\Bloret-Launcher\.minecraft\libraries\com/mojang/jtracy/1.0.29/jtracy-1.0.29-natives-windows.jar
2025-10-01 21:23:16,488 [INFO] 已添加库: C:\Users\0570\AppData\Roaming\Bloret-Launcher\.minecraft\libraries\com/mojang/logging/1.5.10/logging-1.5.10.jar
2025-10-01 21:23:16,488 [INFO] 已添加库: C:\Users\0570\AppData\Roaming\Bloret-Launcher\.minecraft\libraries\com/mojang/patchy/2.2.10/patchy-2.2.10.jar
2025-10-01 21:23:16,489 [INFO] 已添加库: C:\Users\0570\AppData\Roaming\Bloret-Launcher\.minecraft\libraries\com/mojang/text2speech/1.18.11/text2speech-1.18.11.jar
2025-10-01 21:23:16,490 [INFO] 已添加库: C:\Users\0570\AppData\Roaming\Bloret-Launcher\.minecraft\libraries\com/nimbusds/content-type/2.3/content-type-2.3.jar
2025-10-01 21:23:16,490 [INFO] 已添加库: C:\Users\0570\AppData\Roaming\Bloret-Launcher\.minecraft\libraries\com/nimbusds/lang-tag/1.7/lang-tag-1.7.jar
2025-10-01 21:23:16,490 [INFO] 已添加库: C:\Users\0570\AppData\Roaming\Bloret-Launcher\.minecraft\libraries\com/nimbusds/nimbus-jose-jwt/9.40/nimbus-jose-jwt-9.40.jar
2025-10-01 21:23:16,491 [INFO] 已添加库: C:\Users\0570\AppData\Roaming\Bloret-Launcher\.minecraft\libraries\com/nimbusds/oauth2-oidc-sdk/11.18/oauth2-oidc-sdk-11.18.jar
2025-10-01 21:23:16,491 [INFO] 已添加库: C:\Users\0570\AppData\Roaming\Bloret-Launcher\.minecraft\libraries\commons-codec/commons-codec/1.17.1/commons-codec-1.17.1.jar
2025-10-01 21:23:16,492 [INFO] 已添加库: C:\Users\0570\AppData\Roaming\Bloret-Launcher\.minecraft\libraries\commons-io/commons-io/2.17.0/commons-io-2.17.0.jar
2025-10-01 21:23:16,492 [INFO] 已添加库: C:\Users\0570\AppData\Roaming\Bloret-Launcher\.minecraft\libraries\commons-logging/commons-logging/1.3.4/commons-logging-1.3.4.jar
2025-10-01 21:23:16,492 [INFO] 已添加库: C:\Users\0570\AppData\Roaming\Bloret-Launcher\.minecraft\libraries\io/netty/netty-buffer/4.1.118.Final/netty-buffer-4.1.118.Final.jar
2025-10-01 21:23:16,493 [INFO] 已添加库: C:\Users\0570\AppData\Roaming\Bloret-Launcher\.minecraft\libraries\io/netty/netty-codec/4.1.118.Final/netty-codec-4.1.118.Final.jar
2025-10-01 21:23:16,493 [INFO] 已添加库: C:\Users\0570\AppData\Roaming\Bloret-Launcher\.minecraft\libraries\io/netty/netty-common/4.1.118.Final/netty-common-4.1.118.Final.jar
2025-10-01 21:23:16,494 [INFO] 已添加库: C:\Users\0570\AppData\Roaming\Bloret-Launcher\.minecraft\libraries\io/netty/netty-handler/4.1.118.Final/netty-handler-4.1.118.Final.jar
2025-10-01 21:23:16,494 [INFO] 已添加库: C:\Users\0570\AppData\Roaming\Bloret-Launcher\.minecraft\libraries\io/netty/netty-resolver/4.1.118.Final/netty-resolver-4.1.118.Final.jar
2025-10-01 21:23:16,495 [INFO] 已添加库: C:\Users\0570\AppData\Roaming\Bloret-Launcher\.minecraft\libraries\io/netty/netty-transport-classes-epoll/4.1.118.Final/netty-transport-classes-epoll-4.1.118.Final.jar
2025-10-01 21:23:16,495 [INFO] 已添加库: C:\Users\0570\AppData\Roaming\Bloret-Launcher\.minecraft\libraries\io/netty/netty-transport-native-epoll/4.1.118.Final/netty-transport-native-epoll-4.1.118.Final-linux-aarch_64.jar
2025-10-01 21:23:16,496 [INFO] 已添加库: C:\Users\0570\AppData\Roaming\Bloret-Launcher\.minecraft\libraries\io/netty/netty-transport-native-epoll/4.1.118.Final/netty-transport-native-epoll-4.1.118.Final-linux-x86_64.jar
2025-10-01 21:23:16,496 [INFO] 已添加库: C:\Users\0570\AppData\Roaming\Bloret-Launcher\.minecraft\libraries\io/netty/netty-transport-native-unix-common/4.1.118.Final/netty-transport-native-unix-common-4.1.118.Final.jar
2025-10-01 21:23:16,497 [INFO] 已添加库: C:\Users\0570\AppData\Roaming\Bloret-Launcher\.minecraft\libraries\io/netty/netty-transport/4.1.118.Final/netty-transport-4.1.118.Final.jar
2025-10-01 21:23:16,497 [INFO] 已添加库: C:\Users\0570\AppData\Roaming\Bloret-Launcher\.minecraft\libraries\it/unimi/dsi/fastutil/8.5.15/fastutil-8.5.15.jar
2025-10-01 21:23:16,498 [INFO] 已添加库: C:\Users\0570\AppData\Roaming\Bloret-Launcher\.minecraft\libraries\net/java/dev/jna/jna-platform/5.15.0/jna-platform-5.15.0.jar
2025-10-01 21:23:16,498 [INFO] 已添加库: C:\Users\0570\AppData\Roaming\Bloret-Launcher\.minecraft\libraries\net/java/dev/jna/jna/5.15.0/jna-5.15.0.jar
2025-10-01 21:23:16,498 [INFO] 已添加库: C:\Users\0570\AppData\Roaming\Bloret-Launcher\.minecraft\libraries\net/minidev/accessors-smart/2.5.1/accessors-smart-2.5.1.jar
2025-10-01 21:23:16,499 [INFO] 已添加库: C:\Users\0570\AppData\Roaming\Bloret-Launcher\.minecraft\libraries\net/minidev/json-smart/2.5.1/json-smart-2.5.1.jar
2025-10-01 21:23:16,499 [INFO] 已添加库: C:\Users\0570\AppData\Roaming\Bloret-Launcher\.minecraft\libraries\net/sf/jopt-simple/jopt-simple/5.0.4/jopt-simple-5.0.4.jar
2025-10-01 21:23:16,500 [INFO] 已添加库: C:\Users\0570\AppData\Roaming\Bloret-Launcher\.minecraft\libraries\org/apache/commons/commons-compress/1.27.1/commons-compress-1.27.1.jar
2025-10-01 21:23:16,500 [INFO] 已添加库: C:\Users\0570\AppData\Roaming\Bloret-Launcher\.minecraft\libraries\org/apache/commons/commons-lang3/3.17.0/commons-lang3-3.17.0.jar
2025-10-01 21:23:16,500 [INFO] 已添加库: C:\Users\0570\AppData\Roaming\Bloret-Launcher\.minecraft\libraries\org/apache/httpcomponents/httpclient/4.5.14/httpclient-4.5.14.jar
2025-10-01 21:23:16,501 [INFO] 已添加库: C:\Users\0570\AppData\Roaming\Bloret-Launcher\.minecraft\libraries\org/apache/httpcomponents/httpcore/4.4.16/httpcore-4.4.16.jar
2025-10-01 21:23:16,501 [INFO] 已添加库: C:\Users\0570\AppData\Roaming\Bloret-Launcher\.minecraft\libraries\org/apache/logging/log4j/log4j-api/2.24.1/log4j-api-2.24.1.jar
2025-10-01 21:23:16,501 [INFO] 已添加库: C:\Users\0570\AppData\Roaming\Bloret-Launcher\.minecraft\libraries\org/apache/logging/log4j/log4j-core/2.24.1/log4j-core-2.24.1.jar
2025-10-01 21:23:16,502 [INFO] 已添加库: C:\Users\0570\AppData\Roaming\Bloret-Launcher\.minecraft\libraries\org/apache/logging/log4j/log4j-slf4j2-impl/2.24.1/log4j-slf4j2-impl-2.24.1.jar
2025-10-01 21:23:16,502 [INFO] 已添加库: C:\Users\0570\AppData\Roaming\Bloret-Launcher\.minecraft\libraries\org/jcraft/jorbis/0.0.17/jorbis-0.0.17.jar
2025-10-01 21:23:16,503 [INFO] 已添加库: C:\Users\0570\AppData\Roaming\Bloret-Launcher\.minecraft\libraries\org/joml/joml/1.10.8/joml-1.10.8.jar
2025-10-01 21:23:16,503 [INFO] 已添加库: C:\Users\0570\AppData\Roaming\Bloret-Launcher\.minecraft\libraries\org/lwjgl/lwjgl-freetype/3.3.3/lwjgl-freetype-3.3.3.jar
2025-10-01 21:23:16,504 [INFO] 已添加库: C:\Users\0570\AppData\Roaming\Bloret-Launcher\.minecraft\libraries\org/lwjgl/lwjgl-freetype/3.3.3/lwjgl-freetype-3.3.3-natives-linux.jar
2025-10-01 21:23:16,505 [INFO] 已添加库: C:\Users\0570\AppData\Roaming\Bloret-Launcher\.minecraft\libraries\org/lwjgl/lwjgl-freetype/3.3.3/lwjgl-freetype-3.3.3-natives-macos-arm64.jar
2025-10-01 21:23:16,505 [INFO] 已添加库: C:\Users\0570\AppData\Roaming\Bloret-Launcher\.minecraft\libraries\org/lwjgl/lwjgl-freetype/3.3.3/lwjgl-freetype-3.3.3-natives-macos-patch.jar
2025-10-01 21:23:16,506 [INFO] 已添加库: C:\Users\0570\AppData\Roaming\Bloret-Launcher\.minecraft\libraries\org/lwjgl/lwjgl-freetype/3.3.3/lwjgl-freetype-3.3.3-natives-windows.jar
2025-10-01 21:23:16,506 [INFO] 已添加库: C:\Users\0570\AppData\Roaming\Bloret-Launcher\.minecraft\libraries\org/lwjgl/lwjgl-freetype/3.3.3/lwjgl-freetype-3.3.3-natives-windows-arm64.jar
2025-10-01 21:23:16,507 [INFO] 已添加库: C:\Users\0570\AppData\Roaming\Bloret-Launcher\.minecraft\libraries\org/lwjgl/lwjgl-freetype/3.3.3/lwjgl-freetype-3.3.3-natives-windows-x86.jar
2025-10-01 21:23:16,507 [INFO] 已添加库: C:\Users\0570\AppData\Roaming\Bloret-Launcher\.minecraft\libraries\org/lwjgl/lwjgl-glfw/3.3.3/lwjgl-glfw-3.3.3.jar
2025-10-01 21:23:16,508 [INFO] 已添加库: C:\Users\0570\AppData\Roaming\Bloret-Launcher\.minecraft\libraries\org/lwjgl/lwjgl-glfw/3.3.3/lwjgl-glfw-3.3.3-natives-linux.jar
2025-10-01 21:23:16,508 [INFO] 已添加库: C:\Users\0570\AppData\Roaming\Bloret-Launcher\.minecraft\libraries\org/lwjgl/lwjgl-glfw/3.3.3/lwjgl-glfw-3.3.3-natives-macos.jar
2025-10-01 21:23:16,508 [INFO] 已添加库: C:\Users\0570\AppData\Roaming\Bloret-Launcher\.minecraft\libraries\org/lwjgl/lwjgl-glfw/3.3.3/lwjgl-glfw-3.3.3-natives-macos-arm64.jar
2025-10-01 21:23:16,509 [INFO] 已添加库: C:\Users\0570\AppData\Roaming\Bloret-Launcher\.minecraft\libraries\org/lwjgl/lwjgl-glfw/3.3.3/lwjgl-glfw-3.3.3-natives-windows.jar
2025-10-01 21:23:16,509 [INFO] 已添加库: C:\Users\0570\AppData\Roaming\Bloret-Launcher\.minecraft\libraries\org/lwjgl/lwjgl-glfw/3.3.3/lwjgl-glfw-3.3.3-natives-windows-arm64.jar
2025-10-01 21:23:16,510 [INFO] 已添加库: C:\Users\0570\AppData\Roaming\Bloret-Launcher\.minecraft\libraries\org/lwjgl/lwjgl-glfw/3.3.3/lwjgl-glfw-3.3.3-natives-windows-x86.jar
2025-10-01 21:23:16,510 [INFO] 已添加库: C:\Users\0570\AppData\Roaming\Bloret-Launcher\.minecraft\libraries\org/lwjgl/lwjgl-jemalloc/3.3.3/lwjgl-jemalloc-3.3.3.jar
2025-10-01 21:23:16,511 [INFO] 已添加库: C:\Users\0570\AppData\Roaming\Bloret-Launcher\.minecraft\libraries\org/lwjgl/lwjgl-jemalloc/3.3.3/lwjgl-jemalloc-3.3.3-natives-linux.jar
2025-10-01 21:23:16,511 [INFO] 已添加库: C:\Users\0570\AppData\Roaming\Bloret-Launcher\.minecraft\libraries\org/lwjgl/lwjgl-jemalloc/3.3.3/lwjgl-jemalloc-3.3.3-natives-macos.jar
2025-10-01 21:23:16,512 [INFO] 已添加库: C:\Users\0570\AppData\Roaming\Bloret-Launcher\.minecraft\libraries\org/lwjgl/lwjgl-jemalloc/3.3.3/lwjgl-jemalloc-3.3.3-natives-macos-arm64.jar
2025-10-01 21:23:16,512 [INFO] 已添加库: C:\Users\0570\AppData\Roaming\Bloret-Launcher\.minecraft\libraries\org/lwjgl/lwjgl-jemalloc/3.3.3/lwjgl-jemalloc-3.3.3-natives-windows.jar
2025-10-01 21:23:16,513 [INFO] 已添加库: C:\Users\0570\AppData\Roaming\Bloret-Launcher\.minecraft\libraries\org/lwjgl/lwjgl-jemalloc/3.3.3/lwjgl-jemalloc-3.3.3-natives-windows-arm64.jar
2025-10-01 21:23:16,513 [INFO] 已添加库: C:\Users\0570\AppData\Roaming\Bloret-Launcher\.minecraft\libraries\org/lwjgl/lwjgl-jemalloc/3.3.3/lwjgl-jemalloc-3.3.3-natives-windows-x86.jar
2025-10-01 21:23:16,514 [INFO] 已添加库: C:\Users\0570\AppData\Roaming\Bloret-Launcher\.minecraft\libraries\org/lwjgl/lwjgl-openal/3.3.3/lwjgl-openal-3.3.3.jar
2025-10-01 21:23:16,514 [INFO] 已添加库: C:\Users\0570\AppData\Roaming\Bloret-Launcher\.minecraft\libraries\org/lwjgl/lwjgl-openal/3.3.3/lwjgl-openal-3.3.3-natives-linux.jar
2025-10-01 21:23:16,514 [INFO] 已添加库: C:\Users\0570\AppData\Roaming\Bloret-Launcher\.minecraft\libraries\org/lwjgl/lwjgl-openal/3.3.3/lwjgl-openal-3.3.3-natives-macos.jar
2025-10-01 21:23:16,515 [INFO] 已添加库: C:\Users\0570\AppData\Roaming\Bloret-Launcher\.minecraft\libraries\org/lwjgl/lwjgl-openal/3.3.3/lwjgl-openal-3.3.3-natives-macos-arm64.jar
2025-10-01 21:23:16,515 [INFO] 已添加库: C:\Users\0570\AppData\Roaming\Bloret-Launcher\.minecraft\libraries\org/lwjgl/lwjgl-openal/3.3.3/lwjgl-openal-3.3.3-natives-windows.jar
2025-10-01 21:23:16,516 [INFO] 已添加库: C:\Users\0570\AppData\Roaming\Bloret-Launcher\.minecraft\libraries\org/lwjgl/lwjgl-openal/3.3.3/lwjgl-openal-3.3.3-natives-windows-arm64.jar
2025-10-01 21:23:16,516 [INFO] 已添加库: C:\Users\0570\AppData\Roaming\Bloret-Launcher\.minecraft\libraries\org/lwjgl/lwjgl-openal/3.3.3/lwjgl-openal-3.3.3-natives-windows-x86.jar
2025-10-01 21:23:16,517 [INFO] 已添加库: C:\Users\0570\AppData\Roaming\Bloret-Launcher\.minecraft\libraries\org/lwjgl/lwjgl-opengl/3.3.3/lwjgl-opengl-3.3.3.jar
2025-10-01 21:23:16,517 [INFO] 已添加库: C:\Users\0570\AppData\Roaming\Bloret-Launcher\.minecraft\libraries\org/lwjgl/lwjgl-opengl/3.3.3/lwjgl-opengl-3.3.3-natives-linux.jar
2025-10-01 21:23:16,517 [INFO] 已添加库: C:\Users\0570\AppData\Roaming\Bloret-Launcher\.minecraft\libraries\org/lwjgl/lwjgl-opengl/3.3.3/lwjgl-opengl-3.3.3-natives-macos.jar
2025-10-01 21:23:16,518 [INFO] 已添加库: C:\Users\0570\AppData\Roaming\Bloret-Launcher\.minecraft\libraries\org/lwjgl/lwjgl-opengl/3.3.3/lwjgl-opengl-3.3.3-natives-macos-arm64.jar
2025-10-01 21:23:16,518 [INFO] 已添加库: C:\Users\0570\AppData\Roaming\Bloret-Launcher\.minecraft\libraries\org/lwjgl/lwjgl-opengl/3.3.3/lwjgl-opengl-3.3.3-natives-windows.jar
2025-10-01 21:23:16,518 [INFO] 已添加库: C:\Users\0570\AppData\Roaming\Bloret-Launcher\.minecraft\libraries\org/lwjgl/lwjgl-opengl/3.3.3/lwjgl-opengl-3.3.3-natives-windows-arm64.jar
2025-10-01 21:23:16,519 [INFO] 已添加库: C:\Users\0570\AppData\Roaming\Bloret-Launcher\.minecraft\libraries\org/lwjgl/lwjgl-opengl/3.3.3/lwjgl-opengl-3.3.3-natives-windows-x86.jar
2025-10-01 21:23:16,519 [INFO] 已添加库: C:\Users\0570\AppData\Roaming\Bloret-Launcher\.minecraft\libraries\org/lwjgl/lwjgl-stb/3.3.3/lwjgl-stb-3.3.3.jar
2025-10-01 21:23:16,520 [INFO] 已添加库: C:\Users\0570\AppData\Roaming\Bloret-Launcher\.minecraft\libraries\org/lwjgl/lwjgl-stb/3.3.3/lwjgl-stb-3.3.3-natives-linux.jar
2025-10-01 21:23:16,521 [INFO] 已添加库: C:\Users\0570\AppData\Roaming\Bloret-Launcher\.minecraft\libraries\org/lwjgl/lwjgl-stb/3.3.3/lwjgl-stb-3.3.3-natives-macos.jar
2025-10-01 21:23:16,521 [INFO] 已添加库: C:\Users\0570\AppData\Roaming\Bloret-Launcher\.minecraft\libraries\org/lwjgl/lwjgl-stb/3.3.3/lwjgl-stb-3.3.3-natives-macos-arm64.jar
2025-10-01 21:23:16,522 [INFO] 已添加库: C:\Users\0570\AppData\Roaming\Bloret-Launcher\.minecraft\libraries\org/lwjgl/lwjgl-stb/3.3.3/lwjgl-stb-3.3.3-natives-windows.jar
2025-10-01 21:23:16,522 [INFO] 已添加库: C:\Users\0570\AppData\Roaming\Bloret-Launcher\.minecraft\libraries\org/lwjgl/lwjgl-stb/3.3.3/lwjgl-stb-3.3.3-natives-windows-arm64.jar
2025-10-01 21:23:16,523 [INFO] 已添加库: C:\Users\0570\AppData\Roaming\Bloret-Launcher\.minecraft\libraries\org/lwjgl/lwjgl-stb/3.3.3/lwjgl-stb-3.3.3-natives-windows-x86.jar
2025-10-01 21:23:16,523 [INFO] 已添加库: C:\Users\0570\AppData\Roaming\Bloret-Launcher\.minecraft\libraries\org/lwjgl/lwjgl-tinyfd/3.3.3/lwjgl-tinyfd-3.3.3.jar
2025-10-01 21:23:16,523 [INFO] 已添加库: C:\Users\0570\AppData\Roaming\Bloret-Launcher\.minecraft\libraries\org/lwjgl/lwjgl-tinyfd/3.3.3/lwjgl-tinyfd-3.3.3-natives-linux.jar
2025-10-01 21:23:16,524 [INFO] 已添加库: C:\Users\0570\AppData\Roaming\Bloret-Launcher\.minecraft\libraries\org/lwjgl/lwjgl-tinyfd/3.3.3/lwjgl-tinyfd-3.3.3-natives-macos.jar
2025-10-01 21:23:16,524 [INFO] 已添加库: C:\Users\0570\AppData\Roaming\Bloret-Launcher\.minecraft\libraries\org/lwjgl/lwjgl-tinyfd/3.3.3/lwjgl-tinyfd-3.3.3-natives-macos-arm64.jar
2025-10-01 21:23:16,525 [INFO] 已添加库: C:\Users\0570\AppData\Roaming\Bloret-Launcher\.minecraft\libraries\org/lwjgl/lwjgl-tinyfd/3.3.3/lwjgl-tinyfd-3.3.3-natives-windows.jar
2025-10-01 21:23:16,525 [INFO] 已添加库: C:\Users\0570\AppData\Roaming\Bloret-Launcher\.minecraft\libraries\org/lwjgl/lwjgl-tinyfd/3.3.3/lwjgl-tinyfd-3.3.3-natives-windows-arm64.jar
2025-10-01 21:23:16,525 [INFO] 已添加库: C:\Users\0570\AppData\Roaming\Bloret-Launcher\.minecraft\libraries\org/lwjgl/lwjgl-tinyfd/3.3.3/lwjgl-tinyfd-3.3.3-natives-windows-x86.jar
2025-10-01 21:23:16,526 [INFO] 已添加库: C:\Users\0570\AppData\Roaming\Bloret-Launcher\.minecraft\libraries\org/lwjgl/lwjgl/3.3.3/lwjgl-3.3.3.jar
2025-10-01 21:23:16,526 [INFO] 已添加库: C:\Users\0570\AppData\Roaming\Bloret-Launcher\.minecraft\libraries\org/lwjgl/lwjgl/3.3.3/lwjgl-3.3.3-natives-linux.jar
2025-10-01 21:23:16,527 [INFO] 已添加库: C:\Users\0570\AppData\Roaming\Bloret-Launcher\.minecraft\libraries\org/lwjgl/lwjgl/3.3.3/lwjgl-3.3.3-natives-macos.jar
2025-10-01 21:23:16,527 [INFO] 已添加库: C:\Users\0570\AppData\Roaming\Bloret-Launcher\.minecraft\libraries\org/lwjgl/lwjgl/3.3.3/lwjgl-3.3.3-natives-macos-arm64.jar
2025-10-01 21:23:16,528 [INFO] 已添加库: C:\Users\0570\AppData\Roaming\Bloret-Launcher\.minecraft\libraries\org/lwjgl/lwjgl/3.3.3/lwjgl-3.3.3-natives-windows.jar
2025-10-01 21:23:16,528 [INFO] 已添加库: C:\Users\0570\AppData\Roaming\Bloret-Launcher\.minecraft\libraries\org/lwjgl/lwjgl/3.3.3/lwjgl-3.3.3-natives-windows-arm64.jar
2025-10-01 21:23:16,529 [INFO] 已添加库: C:\Users\0570\AppData\Roaming\Bloret-Launcher\.minecraft\libraries\org/lwjgl/lwjgl/3.3.3/lwjgl-3.3.3-natives-windows-x86.jar
2025-10-01 21:23:16,529 [INFO] 已添加库: C:\Users\0570\AppData\Roaming\Bloret-Launcher\.minecraft\libraries\org/lz4/lz4-java/1.8.0/lz4-java-1.8.0.jar
2025-10-01 21:23:16,530 [INFO] 已添加库: C:\Users\0570\AppData\Roaming\Bloret-Launcher\.minecraft\libraries\org/slf4j/slf4j-api/2.0.16/slf4j-api-2.0.16.jar
2025-10-01 21:23:16,530 [INFO] 已添加库: C:\Users\0570\AppData\Roaming\Bloret-Launcher\.minecraft\libraries\net/fabricmc\sponge-mixin\0.16.3+mixin.0.8.7\sponge-mixin-0.16.3+mixin.0.8.7.jar
2025-10-01 21:23:16,531 [INFO] 已添加库: C:\Users\0570\AppData\Roaming\Bloret-Launcher\.minecraft\libraries\net/fabricmc\intermediary\1.21.8\intermediary-1.21.8.jar
2025-10-01 21:23:16,531 [INFO] 已添加库: C:\Users\0570\AppData\Roaming\Bloret-Launcher\.minecraft\libraries\net/fabricmc\fabric-loader\0.17.2\fabric-loader-0.17.2.jar
2025-10-01 21:23:16,532 [INFO] 添加ASM库 asm 版本 9.8
2025-10-01 21:23:16,532 [INFO] 添加ASM库 asm-commons 版本 9.8
2025-10-01 21:23:16,532 [INFO] 添加ASM库 asm-tree 版本 9.8
2025-10-01 21:23:16,532 [INFO] 添加ASM库 asm-analysis 版本 9.8
2025-10-01 21:23:16,533 [INFO] 添加ASM库 asm-util 版本 9.8
2025-10-01 21:23:16,533 [INFO] 启动信息:
2025-10-01 21:23:16,533 [INFO] - Minecraft 版本: 0.17.2
2025-10-01 21:23:16,534 [INFO] - 登录方式: 微软登录
2025-10-01 21:23:16,534 [INFO] - 登录名称: Detritalw
2025-10-01 21:23:16,534 [INFO] - UUID: f282dda069a94787b12baa16a1939fc4
2025-10-01 21:23:16,534 [INFO] - AccessToken: ******
2025-10-01 21:23:16,535 [INFO] 生成的启动命令: "java" --enable-native-access=ALL-UNNAMED --add-opens java.base/java.lang=ALL-UNNAMED --add-opens java.base/java.util=ALL-UNNAMED --add-opens java.base/sun.nio.ch=ALL-UNNAMED --add-opens java.base/sun.misc=ALL-UNNAMED --add-opens java.base/jdk.internal.misc=ALL-UNNAMED --add-opens java.base/jdk.internal.ref=ALL-UNNAMED --add-exports java.base/sun.nio.ch=ALL-UNNAMED --add-exports java.base/sun.misc=ALL-UNNAMED --add-exports java.base/jdk.internal.misc=ALL-UNNAMED --add-exports java.base/jdk.internal.ref=ALL-UNNAMED -Dio.netty.tryReflectionSetAccessible=true -Dio.netty.native.skipTryReflectionSetAccessible=true -Dsun.misc.unsafe.throwException=false -Djdk.attach.allowAttachSelf=true -Djdk.module.IllegalAccess.silent=true -Dlog4j2.formatMsgNoLookups=true -Dfile.encoding=COMPAT -Dstderr.encoding=UTF-8 -Dstdout.encoding=UTF-8 -XX:+UseG1GC -XX:-UseAdaptiveSizePolicy -XX:-OmitStackTraceInFastThrow -Djdk.lang.Process.allowAmbiguousCommands=true -Dfml.ignoreInvalidMinecraftCertificates=True -Dfml.ignorePatchDiscrepancies=True -XX:HeapDumpPath=MojangTricksIntelDriversForPerformance_javaw.exe_minecraft.exe.heapdump -Dsun.misc.URLClassPath.disableJarChecking=true -Djava.rmi.server.useCodebaseOnly=true -Dcom.sun.management.jmxremote.local.only=true -Dcom.sun.management.jmxremote.authenticate=false -Dcom.sun.management.jmxremote.ssl=false -XX:-OmitStackTraceInFastThrow -Djna.nosys=true -Djnidispatch.preserve=true -Dorg.lwjgl.util.Debug=false -Dorg.lwjgl.util.noload=true -Djava.awt.headless=false -Dsun.java2d.noddraw=true -Dsun.java2d.d3d=false -Dsun.java2d.opengl=false -Dsun.java2d.pmoffscreen=false -Dsun.java2d.accthreshold=0 -XX:ErrorFile=./hs_err_pid%p.log -XX:+UnlockExperimentalVMOptions -XX:+UseG1GC -XX:+UseCompressedOops -XX:+OptimizeStringConcat -XX:+UseStringDeduplication -Djava.library.path="C:\Users\0570\AppData\Roaming\Bloret-Launcher\.minecraft\versions\1.21.8-Fabric\1.21.8-Fabric-natives" -Djna.tmpdir="C:\Users\0570\AppData\Roaming\Bloret-Launcher\.minecraft\versions\1.21.8-Fabric\1.21.8-Fabric-natives" -Dorg.lwjgl.system.SharedLibraryExtractPath="C:\Users\0570\AppData\Roaming\Bloret-Launcher\.minecraft\versions\1.21.8-Fabric\1.21.8-Fabric-natives" -Dio.netty.native.workdir="C:\Users\0570\AppData\Roaming\Bloret-Launcher\.minecraft\versions\1.21.8-Fabric\1.21.8-Fabric-natives" -Dminecraft.launcher.brand=Bloret-Launcher -Dminecraft.launcher.version=361 -Xmn192m -Xmx4096m -Doolloo.jlw.tmpdir="G:\Work\git\Bloret-Launcher\Bloret Launcher" -DFabricMcEmu=net.minecraft.client.main.Main -cp "C:\Users\0570\AppData\Roaming\Bloret-Launcher\.minecraft\libraries\org/ow2/asm\asm\9.8\asm-9.8.jar;C:\Users\0570\AppData\Roaming\Bloret-Launcher\.minecraft\libraries\org/ow2/asm\asm-commons\9.8\asm-commons-9.8.jar;C:\Users\0570\AppData\Roaming\Bloret-Launcher\.minecraft\libraries\org/ow2/asm\asm-tree\9.8\asm-tree-9.8.jar;C:\Users\0570\AppData\Roaming\Bloret-Launcher\.minecraft\libraries\org/ow2/asm\asm-analysis\9.8\asm-analysis-9.8.jar;C:\Users\0570\AppData\Roaming\Bloret-Launcher\.minecraft\libraries\org/ow2/asm\asm-util\9.8\asm-util-9.8.jar;C:\Users\0570\AppData\Roaming\Bloret-Launcher\.minecraft\libraries\net/fabricmc\sponge-mixin\0.16.3+mixin.0.8.7\sponge-mixin-0.16.3+mixin.0.8.7.jar;C:\Users\0570\AppData\Roaming\Bloret-Launcher\.minecraft\libraries\net/fabricmc\intermediary\1.21.8\intermediary-1.21.8.jar;C:\Users\0570\AppData\Roaming\Bloret-Launcher\.minecraft\libraries\net/fabricmc\fabric-loader\0.17.2\fabric-loader-0.17.2.jar;C:\Users\0570\AppData\Roaming\Bloret-Launcher\.minecraft\libraries\com/fasterxml/jackson/core/jackson-annotations/2.13.4/jackson-annotations-2.13.4.jar;C:\Users\0570\AppData\Roaming\Bloret-Launcher\.minecraft\libraries\com/fasterxml/jackson/core/jackson-core/2.13.4/jackson-core-2.13.4.jar;C:\Users\0570\AppData\Roaming\Bloret-Launcher\.minecraft\libraries\com/fasterxml/jackson/core/jackson-databind/2.13.4.2/jackson-databind-2.13.4.2.jar;C:\Users\0570\AppData\Roaming\Bloret-Launcher\.minecraft\libraries\com/github/oshi/oshi-core/6.6.5/oshi-core-6.6.5.jar;C:\Users\0570\AppData\Roaming\Bloret-Launcher\.minecraft\libraries\com/github/stephenc/jcip/jcip-annotations/1.0-1/jcip-annotations-1.0-1.jar;C:\Users\0570\AppData\Roaming\Bloret-Launcher\.minecraft\libraries\com/google/code/gson/gson/2.11.0/gson-2.11.0.jar;C:\Users\0570\AppData\Roaming\Bloret-Launcher\.minecraft\libraries\com/google/guava/failureaccess/1.0.2/failureaccess-1.0.2.jar;C:\Users\0570\AppData\Roaming\Bloret-Launcher\.minecraft\libraries\com/google/guava/guava/33.3.1-jre/guava-33.3.1-jre.jar;C:\Users\0570\AppData\Roaming\Bloret-Launcher\.minecraft\libraries\com/ibm/icu/icu4j/76.1/icu4j-76.1.jar;C:\Users\0570\AppData\Roaming\Bloret-Launcher\.minecraft\libraries\com/microsoft/azure/msal4j/1.17.2/msal4j-1.17.2.jar;C:\Users\0570\AppData\Roaming\Bloret-Launcher\.minecraft\libraries\com/mojang/authlib/6.0.58/authlib-6.0.58.jar;C:\Users\0570\AppData\Roaming\Bloret-Launcher\.minecraft\libraries\com/mojang/blocklist/1.0.10/blocklist-1.0.10.jar;C:\Users\0570\AppData\Roaming\Bloret-Launcher\.minecraft\libraries\com/mojang/brigadier/1.3.10/brigadier-1.3.10.jar;C:\Users\0570\AppData\Roaming\Bloret-Launcher\.minecraft\libraries\com/mojang/datafixerupper/8.0.16/datafixerupper-8.0.16.jar;C:\Users\0570\AppData\Roaming\Bloret-Launcher\.minecraft\libraries\com/mojang/jtracy/1.0.29/jtracy-1.0.29.jar;C:\Users\0570\AppData\Roaming\Bloret-Launcher\.minecraft\libraries\com/mojang/jtracy/1.0.29/jtracy-1.0.29-natives-windows.jar;C:\Users\0570\AppData\Roaming\Bloret-Launcher\.minecraft\libraries\com/mojang/logging/1.5.10/logging-1.5.10.jar;C:\Users\0570\AppData\Roaming\Bloret-Launcher\.minecraft\libraries\com/mojang/patchy/2.2.10/patchy-2.2.10.jar;C:\Users\0570\AppData\Roaming\Bloret-Launcher\.minecraft\libraries\com/mojang/text2speech/1.18.11/text2speech-1.18.11.jar;C:\Users\0570\AppData\Roaming\Bloret-Launcher\.minecraft\libraries\com/nimbusds/content-type/2.3/content-type-2.3.jar;C:\Users\0570\AppData\Roaming\Bloret-Launcher\.minecraft\libraries\com/nimbusds/lang-tag/1.7/lang-tag-1.7.jar;C:\Users\0570\AppData\Roaming\Bloret-Launcher\.minecraft\libraries\com/nimbusds/nimbus-jose-jwt/9.40/nimbus-jose-jwt-9.40.jar;C:\Users\0570\AppData\Roaming\Bloret-Launcher\.minecraft\libraries\com/nimbusds/oauth2-oidc-sdk/11.18/oauth2-oidc-sdk-11.18.jar;C:\Users\0570\AppData\Roaming\Bloret-Launcher\.minecraft\libraries\commons-codec/commons-codec/1.17.1/commons-codec-1.17.1.jar;C:\Users\0570\AppData\Roaming\Bloret-Launcher\.minecraft\libraries\commons-io/commons-io/2.17.0/commons-io-2.17.0.jar;C:\Users\0570\AppData\Roaming\Bloret-Launcher\.minecraft\libraries\commons-logging/commons-logging/1.3.4/commons-logging-1.3.4.jar;C:\Users\0570\AppData\Roaming\Bloret-Launcher\.minecraft\libraries\io/netty/netty-buffer/4.1.118.Final/netty-buffer-4.1.118.Final.jar;C:\Users\0570\AppData\Roaming\Bloret-Launcher\.minecraft\libraries\io/netty/netty-codec/4.1.118.Final/netty-codec-4.1.118.Final.jar;C:\Users\0570\AppData\Roaming\Bloret-Launcher\.minecraft\libraries\io/netty/netty-common/4.1.118.Final/netty-common-4.1.118.Final.jar;C:\Users\0570\AppData\Roaming\Bloret-Launcher\.minecraft\libraries\io/netty/netty-handler/4.1.118.Final/netty-handler-4.1.118.Final.jar;C:\Users\0570\AppData\Roaming\Bloret-Launcher\.minecraft\libraries\io/netty/netty-resolver/4.1.118.Final/netty-resolver-4.1.118.Final.jar;C:\Users\0570\AppData\Roaming\Bloret-Launcher\.minecraft\libraries\io/netty/netty-transport-classes-epoll/4.1.118.Final/netty-transport-classes-epoll-4.1.118.Final.jar;C:\Users\0570\AppData\Roaming\Bloret-Launcher\.minecraft\libraries\io/netty/netty-transport-native-unix-common/4.1.118.Final/netty-transport-native-unix-common-4.1.118.Final.jar;C:\Users\0570\AppData\Roaming\Bloret-Launcher\.minecraft\libraries\io/netty/netty-transport/4.1.118.Final/netty-transport-4.1.118.Final.jar;C:\Users\0570\AppData\Roaming\Bloret-Launcher\.minecraft\libraries\it/unimi/dsi/fastutil/8.5.15/fastutil-8.5.15.jar;C:\Users\0570\AppData\Roaming\Bloret-Launcher\.minecraft\libraries\net/java/dev/jna/jna-platform/5.15.0/jna-platform-5.15.0.jar;C:\Users\0570\AppData\Roaming\Bloret-Launcher\.minecraft\libraries\net/java/dev/jna/jna/5.15.0/jna-5.15.0.jar;C:\Users\0570\AppData\Roaming\Bloret-Launcher\.minecraft\libraries\net/minidev/accessors-smart/2.5.1/accessors-smart-2.5.1.jar;C:\Users\0570\AppData\Roaming\Bloret-Launcher\.minecraft\libraries\net/minidev/json-smart/2.5.1/json-smart-2.5.1.jar;C:\Users\0570\AppData\Roaming\Bloret-Launcher\.minecraft\libraries\net/sf/jopt-simple/jopt-simple/5.0.4/jopt-simple-5.0.4.jar;C:\Users\0570\AppData\Roaming\Bloret-Launcher\.minecraft\libraries\org/apache/commons/commons-compress/1.27.1/commons-compress-1.27.1.jar;C:\Users\0570\AppData\Roaming\Bloret-Launcher\.minecraft\libraries\org/apache/commons/commons-lang3/3.17.0/commons-lang3-3.17.0.jar;C:\Users\0570\AppData\Roaming\Bloret-Launcher\.minecraft\libraries\org/apache/httpcomponents/httpclient/4.5.14/httpclient-4.5.14.jar;C:\Users\0570\AppData\Roaming\Bloret-Launcher\.minecraft\libraries\org/apache/httpcomponents/httpcore/4.4.16/httpcore-4.4.16.jar;C:\Users\0570\AppData\Roaming\Bloret-Launcher\.minecraft\libraries\org/apache/logging/log4j/log4j-api/2.24.1/log4j-api-2.24.1.jar;C:\Users\0570\AppData\Roaming\Bloret-Launcher\.minecraft\libraries\org/apache/logging/log4j/log4j-core/2.24.1/log4j-core-2.24.1.jar;C:\Users\0570\AppData\Roaming\Bloret-Launcher\.minecraft\libraries\org/apache/logging/log4j/log4j-slf4j2-impl/2.24.1/log4j-slf4j2-impl-2.24.1.jar;C:\Users\0570\AppData\Roaming\Bloret-Launcher\.minecraft\libraries\org/jcraft/jorbis/0.0.17/jorbis-0.0.17.jar;C:\Users\0570\AppData\Roaming\Bloret-Launcher\.minecraft\libraries\org/joml/joml/1.10.8/joml-1.10.8.jar;C:\Users\0570\AppData\Roaming\Bloret-Launcher\.minecraft\libraries\org/lwjgl/lwjgl-freetype/3.3.3/lwjgl-freetype-3.3.3.jar;C:\Users\0570\AppData\Roaming\Bloret-Launcher\.minecraft\libraries\org/lwjgl/lwjgl-freetype/3.3.3/lwjgl-freetype-3.3.3-natives-windows.jar;C:\Users\0570\AppData\Roaming\Bloret-Launcher\.minecraft\libraries\org/lwjgl/lwjgl-freetype/3.3.3/lwjgl-freetype-3.3.3-natives-windows-arm64.jar;C:\Users\0570\AppData\Roaming\Bloret-Launcher\.minecraft\libraries\org/lwjgl/lwjgl-freetype/3.3.3/lwjgl-freetype-3.3.3-natives-windows-x86.jar;C:\Users\0570\AppData\Roaming\Bloret-Launcher\.minecraft\libraries\org/lwjgl/lwjgl-glfw/3.3.3/lwjgl-glfw-3.3.3.jar;C:\Users\0570\AppData\Roaming\Bloret-Launcher\.minecraft\libraries\org/lwjgl/lwjgl-glfw/3.3.3/lwjgl-glfw-3.3.3-natives-windows.jar;C:\Users\0570\AppData\Roaming\Bloret-Launcher\.minecraft\libraries\org/lwjgl/lwjgl-glfw/3.3.3/lwjgl-glfw-3.3.3-natives-windows-arm64.jar;C:\Users\0570\AppData\Roaming\Bloret-Launcher\.minecraft\libraries\org/lwjgl/lwjgl-glfw/3.3.3/lwjgl-glfw-3.3.3-natives-windows-x86.jar;C:\Users\0570\AppData\Roaming\Bloret-Launcher\.minecraft\libraries\org/lwjgl/lwjgl-jemalloc/3.3.3/lwjgl-jemalloc-3.3.3.jar;C:\Users\0570\AppData\Roaming\Bloret-Launcher\.minecraft\libraries\org/lwjgl/lwjgl-jemalloc/3.3.3/lwjgl-jemalloc-3.3.3-natives-windows.jar;C:\Users\0570\AppData\Roaming\Bloret-Launcher\.minecraft\libraries\org/lwjgl/lwjgl-jemalloc/3.3.3/lwjgl-jemalloc-3.3.3-natives-windows-arm64.jar;C:\Users\0570\AppData\Roaming\Bloret-Launcher\.minecraft\libraries\org/lwjgl/lwjgl-jemalloc/3.3.3/lwjgl-jemalloc-3.3.3-natives-windows-x86.jar;C:\Users\0570\AppData\Roaming\Bloret-Launcher\.minecraft\libraries\org/lwjgl/lwjgl-openal/3.3.3/lwjgl-openal-3.3.3.jar;C:\Users\0570\AppData\Roaming\Bloret-Launcher\.minecraft\libraries\org/lwjgl/lwjgl-openal/3.3.3/lwjgl-openal-3.3.3-natives-windows.jar;C:\Users\0570\AppData\Roaming\Bloret-Launcher\.minecraft\libraries\org/lwjgl/lwjgl-openal/3.3.3/lwjgl-openal-3.3.3-natives-windows-arm64.jar;C:\Users\0570\AppData\Roaming\Bloret-Launcher\.minecraft\libraries\org/lwjgl/lwjgl-openal/3.3.3/lwjgl-openal-3.3.3-natives-windows-x86.jar;C:\Users\0570\AppData\Roaming\Bloret-Launcher\.minecraft\libraries\org/lwjgl/lwjgl-opengl/3.3.3/lwjgl-opengl-3.3.3.jar;C:\Users\0570\AppData\Roaming\Bloret-Launcher\.minecraft\libraries\org/lwjgl/lwjgl-opengl/3.3.3/lwjgl-opengl-3.3.3-natives-windows.jar;C:\Users\0570\AppData\Roaming\Bloret-Launcher\.minecraft\libraries\org/lwjgl/lwjgl-opengl/3.3.3/lwjgl-opengl-3.3.3-natives-windows-arm64.jar;C:\Users\0570\AppData\Roaming\Bloret-Launcher\.minecraft\libraries\org/lwjgl/lwjgl-opengl/3.3.3/lwjgl-opengl-3.3.3-natives-windows-x86.jar;C:\Users\0570\AppData\Roaming\Bloret-Launcher\.minecraft\libraries\org/lwjgl/lwjgl-stb/3.3.3/lwjgl-stb-3.3.3.jar;C:\Users\0570\AppData\Roaming\Bloret-Launcher\.minecraft\libraries\org/lwjgl/lwjgl-stb/3.3.3/lwjgl-stb-3.3.3-natives-windows.jar;C:\Users\0570\AppData\Roaming\Bloret-Launcher\.minecraft\libraries\org/lwjgl/lwjgl-stb/3.3.3/lwjgl-stb-3.3.3-natives-windows-arm64.jar;C:\Users\0570\AppData\Roaming\Bloret-Launcher\.minecraft\libraries\org/lwjgl/lwjgl-stb/3.3.3/lwjgl-stb-3.3.3-natives-windows-x86.jar;C:\Users\0570\AppData\Roaming\Bloret-Launcher\.minecraft\libraries\org/lwjgl/lwjgl-tinyfd/3.3.3/lwjgl-tinyfd-3.3.3.jar;C:\Users\0570\AppData\Roaming\Bloret-Launcher\.minecraft\libraries\org/lwjgl/lwjgl-tinyfd/3.3.3/lwjgl-tinyfd-3.3.3-natives-windows.jar;C:\Users\0570\AppData\Roaming\Bloret-Launcher\.minecraft\libraries\org/lwjgl/lwjgl-tinyfd/3.3.3/lwjgl-tinyfd-3.3.3-natives-windows-arm64.jar;C:\Users\0570\AppData\Roaming\Bloret-Launcher\.minecraft\libraries\org/lwjgl/lwjgl-tinyfd/3.3.3/lwjgl-tinyfd-3.3.3-natives-windows-x86.jar;C:\Users\0570\AppData\Roaming\Bloret-Launcher\.minecraft\libraries\org/lwjgl/lwjgl/3.3.3/lwjgl-3.3.3.jar;C:\Users\0570\AppData\Roaming\Bloret-Launcher\.minecraft\libraries\org/lwjgl/lwjgl/3.3.3/lwjgl-3.3.3-natives-windows.jar;C:\Users\0570\AppData\Roaming\Bloret-Launcher\.minecraft\libraries\org/lwjgl/lwjgl/3.3.3/lwjgl-3.3.3-natives-windows-arm64.jar;C:\Users\0570\AppData\Roaming\Bloret-Launcher\.minecraft\libraries\org/lwjgl/lwjgl/3.3.3/lwjgl-3.3.3-natives-windows-x86.jar;C:\Users\0570\AppData\Roaming\Bloret-Launcher\.minecraft\libraries\org/lz4/lz4-java/1.8.0/lz4-java-1.8.0.jar;C:\Users\0570\AppData\Roaming\Bloret-Launcher\.minecraft\libraries\org/ow2/asm/asm/9.6/asm-9.6.jar;C:\Users\0570\AppData\Roaming\Bloret-Launcher\.minecraft\libraries\org/slf4j/slf4j-api/2.0.16/slf4j-api-2.0.16.jar;C:\Users\0570\AppData\Roaming\Bloret-Launcher\.minecraft\libraries\org/ow2/asm\asm\9.8\asm-9.8.jar;C:\Users\0570\AppData\Roaming\Bloret-Launcher\.minecraft\libraries\org/ow2/asm\asm-analysis\9.8\asm-analysis-9.8.jar;C:\Users\0570\AppData\Roaming\Bloret-Launcher\.minecraft\libraries\org/ow2/asm\asm-commons\9.8\asm-commons-9.8.jar;C:\Users\0570\AppData\Roaming\Bloret-Launcher\.minecraft\libraries\org/ow2/asm\asm-tree\9.8\asm-tree-9.8.jar;C:\Users\0570\AppData\Roaming\Bloret-Launcher\.minecraft\libraries\org/ow2/asm\asm-util\9.8\asm-util-9.8.jar;C:\Users\0570\AppData\Roaming\Bloret-Launcher\.minecraft\libraries\net/fabricmc\sponge-mixin\0.16.3+mixin.0.8.7\sponge-mixin-0.16.3+mixin.0.8.7.jar;C:\Users\0570\AppData\Roaming\Bloret-Launcher\.minecraft\libraries\net/fabricmc\intermediary\1.21.8\intermediary-1.21.8.jar;C:\Users\0570\AppData\Roaming\Bloret-Launcher\.minecraft\libraries\net/fabricmc\fabric-loader\0.17.2\fabric-loader-0.17.2.jar;C:\Users\0570\AppData\Roaming\Bloret-Launcher\.minecraft\versions\1.21.8-Fabric\1.21.8-Fabric.jar" net.fabricmc.loader.impl.launch.knot.KnotClient --username Detritalw --version 0.17.2 --gameDir "C:\Users\0570\AppData\Roaming\Bloret-Launcher\.minecraft" --assetsDir "C:\Users\0570\AppData\Roaming\Bloret-Launcher\.minecraft\assets" --assetIndex 26 --uuid f282dda069a94787b12baa16a1939fc4 --accessToken eyJraWQiOiIwNDkxODEiLCJhbGciOiJSUzI1NiJ9.eyJ4dWlkIjoiMjUzNTQ1MDIxMzQ2OTExMSIsImFnZyI6IkFkdWx0Iiwic3ViIjoiY2Y1MzViZDQtYmEwNS00YjNlLTljNjktMmE3NzMzZDY0OTRiIiwiYXV0aCI6IlhCT1giLCJucyI6ImRlZmF1bHQiLCJyb2xlcyI6W10sImlzcyI6ImF1dGhlbnRpY2F0aW9uIiwiZmxhZ3MiOlsibXNhbWlncmF0aW9uX3N0YWdlNCIsInR3b2ZhY3RvcmF1dGgiLCJtdWx0aXBsYXllciIsIm9yZGVyc18yMDIyIl0sInByb2ZpbGVzIjp7Im1jIjoiZjI4MmRkYTAtNjlhOS00Nzg3LWIxMmItYWExNmExOTM5ZmM0In0sInBsYXRmb3JtIjoiUENfTEFVTkNIRVIiLCJwZmQiOlt7InR5cGUiOiJtYyIsImlkIjoiZjI4MmRkYTAtNjlhOS00Nzg3LWIxMmItYWExNmExOTM5ZmM0IiwibmFtZSI6IkRldHJpdGFsdyJ9XSwibmJmIjoxNzU5MzA2OTI3LCJleHAiOjE3NTkzOTMzMjcsImlhdCI6MTc1OTMwNjkyN30.xiKYRfSJZ0fgHGIVjnzTvCkMSMiYGTT1hHZPJCfhXKi4Ld0EpbI5-HPJOA2ycTUMss0iVkdD8DXti4iiQmShr1Cz7jgycTFLf2oGfLManu16RhC1ybtvQrEsv3wOGE2eLk8t0-GaFQ3HXKomwpSO4LmmzEpDHkrNePGLoVGSSdvtIngRXiKPQHt0s08QGfwbtVItbdwuJpCmVfXDgeTDdepjRLHue_iZex5ul0DQvuedUM3c3W-BR_tXISv8lzAFAlI6FoRKYsmAtVYMuy__XhFS-q0K7ihLYXwg1duvNXQL7fJj64mONUtYyehF7htNW_91fju-MLmM5n4ykbcynw --clientId  --xuid  --userType msa --versionType Bloret-Launcher --width 854 --height 480 2>&1 | findstr /v /i "sun.misc.not.in.java.base A.terminally.deprecated.method.in.sun.misc.Unsafe.has.been.called sun.misc.Unsafe::objectFieldOffset.has.been.called.by org.joml.MemUtil"
