
===== Bloret Launcher fault handler enabled =====

===== Bloret Launcher fault handler enabled =====

===== Bloret Launcher fault handler enabled =====

===== Bloret Launcher fault handler enabled =====

===== Bloret Launcher fault handler enabled =====

===== Bloret Launcher fault handler enabled =====

===== Bloret Launcher fault handler enabled =====

===== Bloret Launcher fault handler enabled =====

===== Bloret Launcher fault handler enabled =====

===== Bloret Launcher fault handler enabled =====

===== Bloret Launcher fault handler enabled =====

===== Bloret Launcher fault handler enabled =====

===== Bloret Launcher fault handler enabled =====

===== Bloret Launcher fault handler enabled =====

===== Bloret Launcher fault handler enabled =====

===== Bloret Launcher fault handler enabled =====

===== Bloret Launcher fault handler enabled =====

===== Bloret Launcher fault handler enabled =====

===== Bloret Launcher fault handler enabled =====

===== Bloret Launcher fault handler enabled =====

===== Bloret Launcher fault handler enabled =====

===== Bloret Launcher fault handler enabled =====

===== Bloret Launcher fault handler enabled =====

===== Bloret Launcher fault handler enabled =====

===== Bloret Launcher fault handler enabled =====

===== Bloret Launcher fault handler enabled =====

===== Bloret Launcher fault handler enabled =====

===== Bloret Launcher fault handler enabled =====

===== Bloret Launcher fault handler enabled =====

===== Bloret Launcher fault handler enabled =====

===== Bloret Launcher fault handler enabled =====

===== Bloret Launcher fault handler enabled =====

===== Bloret Launcher fault handler enabled =====

===== Bloret Launcher fault handler enabled =====

===== Bloret Launcher fault handler enabled =====

===== Bloret Launcher fault handler enabled =====

===== Bloret Launcher fault handler enabled =====

===== Bloret Launcher fault handler enabled =====

===== Bloret Launcher fault handler enabled =====

===== Bloret Launcher fault handler enabled =====

===== Bloret Launcher fault handler enabled =====

===== Bloret Launcher fault handler enabled =====

===== Bloret Launcher fault handler enabled =====

===== Bloret Launcher fault handler enabled =====

===== Bloret Launcher fault handler enabled =====

===== Bloret Launcher fault handler enabled =====

===== Bloret Launcher fault handler enabled =====

===== Bloret Launcher fault handler enabled =====

===== Bloret Launcher fault handler enabled =====

===== Bloret Launcher fault handler enabled =====

===== Bloret Launcher fault handler enabled =====

===== Bloret Launcher fault handler enabled =====

===== Bloret Launcher fault handler enabled =====

===== Bloret Launcher fault handler enabled =====

===== Bloret Launcher fault handler enabled =====

===== Bloret Launcher fault handler enabled =====

===== Bloret Launcher fault handler enabled =====

===== Bloret Launcher fault handler enabled =====

===== Bloret Launcher fault handler enabled =====

===== Bloret Launcher fault handler enabled =====

===== Bloret Launcher fault handler enabled =====

===== Bloret Launcher fault handler enabled =====

===== Bloret Launcher fault handler enabled =====

===== Bloret Launcher fault handler enabled =====
Fatal Python error: Segmentation fault

Thread 0x000070000bc70000 (most recent call first):
  File "/Users/mac/work/Bloret-Launcher/RinUI/core/theme.py", line 78 in run

Thread 0x000070000b9e1000 (most recent call first):
  File "/Library/Developer/CommandLineTools/Library/Frameworks/Python3.framework/Versions/3.9/lib/python3.9/selectors.py", line 416 in select
  File "/Library/Developer/CommandLineTools/Library/Frameworks/Python3.framework/Versions/3.9/lib/python3.9/socketserver.py", line 232 in serve_forever
  File "/Users/mac/work/Bloret-Launcher/modules/web.py", line 1777 in start_server
  File "/Library/Developer/CommandLineTools/Library/Frameworks/Python3.framework/Versions/3.9/lib/python3.9/threading.py", line 910 in run
  File "/Library/Developer/CommandLineTools/Library/Frameworks/Python3.framework/Versions/3.9/lib/python3.9/threading.py", line 973 in _bootstrap_inner
  File "/Library/Developer/CommandLineTools/Library/Frameworks/Python3.framework/Versions/3.9/lib/python3.9/threading.py", line 930 in _bootstrap

Current thread 0x00007ff85424a100 (most recent call first):
  File "/Users/mac/work/Bloret-Launcher/Bloret-Launcher.py", line 4573 in <module>

===== Bloret Launcher fault handler enabled =====

===== Bloret Launcher fault handler enabled =====

===== Bloret Launcher fault handler enabled =====
Fatal Python error: Segmentation fault

Thread 0x00007000035cb000 (most recent call first):
  File "/Users/mac/work/Bloret-Launcher/RinUI/core/theme.py", line 78 in run

Thread 0x000070000333c000 (most recent call first):
  File "/Library/Developer/CommandLineTools/Library/Frameworks/Python3.framework/Versions/3.9/lib/python3.9/selectors.py", line 416 in select
  File "/Library/Developer/CommandLineTools/Library/Frameworks/Python3.framework/Versions/3.9/lib/python3.9/socketserver.py", line 232 in serve_forever
  File "/Users/mac/work/Bloret-Launcher/modules/web.py", line 1777 in start_server
  File "/Library/Developer/CommandLineTools/Library/Frameworks/Python3.framework/Versions/3.9/lib/python3.9/threading.py", line 910 in run
  File "/Library/Developer/CommandLineTools/Library/Frameworks/Python3.framework/Versions/3.9/lib/python3.9/threading.py", line 973 in _bootstrap_inner
  File "/Library/Developer/CommandLineTools/Library/Frameworks/Python3.framework/Versions/3.9/lib/python3.9/threading.py", line 930 in _bootstrap

Current thread 0x00007ff85424a100 (most recent call first):
  File "/Users/mac/work/Bloret-Launcher/Bloret-Launcher.py", line 4573 in <module>

===== Bloret Launcher fault handler enabled =====
Fatal Python error: Segmentation fault

Thread 0x000070000edce000 (most recent call first):
  File "/Users/mac/work/Bloret-Launcher/RinUI/core/theme.py", line 78 in run

Thread 0x000070000eb3f000 (most recent call first):
  File "/Library/Developer/CommandLineTools/Library/Frameworks/Python3.framework/Versions/3.9/lib/python3.9/selectors.py", line 416 in select
  File "/Library/Developer/CommandLineTools/Library/Frameworks/Python3.framework/Versions/3.9/lib/python3.9/socketserver.py", line 232 in serve_forever
  File "/Users/mac/work/Bloret-Launcher/modules/web.py", line 1777 in start_server
  File "/Library/Developer/CommandLineTools/Library/Frameworks/Python3.framework/Versions/3.9/lib/python3.9/threading.py", line 910 in run
  File "/Library/Developer/CommandLineTools/Library/Frameworks/Python3.framework/Versions/3.9/lib/python3.9/threading.py", line 973 in _bootstrap_inner
  File "/Library/Developer/CommandLineTools/Library/Frameworks/Python3.framework/Versions/3.9/lib/python3.9/threading.py", line 930 in _bootstrap

Current thread 0x00007ff85424a100 (most recent call first):
  File "/Users/mac/work/Bloret-Launcher/Bloret-Launcher.py", line 4573 in <module>

===== Bloret Launcher fault handler enabled =====

===== Bloret Launcher fault handler enabled =====
Fatal Python error: Segmentation fault

Thread 0x000070000e6d8000 (most recent call first):
  File "/Users/mac/work/Bloret-Launcher/RinUI/core/theme.py", line 78 in run

Thread 0x000070000e449000 (most recent call first):
  File "/Library/Developer/CommandLineTools/Library/Frameworks/Python3.framework/Versions/3.9/lib/python3.9/selectors.py", line 416 in select
  File "/Library/Developer/CommandLineTools/Library/Frameworks/Python3.framework/Versions/3.9/lib/python3.9/socketserver.py", line 232 in serve_forever
  File "/Users/mac/work/Bloret-Launcher/modules/web.py", line 1777 in start_server
  File "/Library/Developer/CommandLineTools/Library/Frameworks/Python3.framework/Versions/3.9/lib/python3.9/threading.py", line 910 in run
  File "/Library/Developer/CommandLineTools/Library/Frameworks/Python3.framework/Versions/3.9/lib/python3.9/threading.py", line 973 in _bootstrap_inner
  File "/Library/Developer/CommandLineTools/Library/Frameworks/Python3.framework/Versions/3.9/lib/python3.9/threading.py", line 930 in _bootstrap

Current thread 0x00007ff84e071100 (most recent call first):
  File "/Users/mac/work/Bloret-Launcher/Bloret-Launcher.py", line 4573 in <module>

===== Bloret Launcher fault handler enabled =====

===== Bloret Launcher fault handler enabled =====
Fatal Python error: Segmentation fault

Thread 0x000070000f33c000 (most recent call first):
  File "/Users/mac/work/Bloret-Launcher/RinUI/core/theme.py", line 78 in run

Thread 0x000070000f0ad000 (most recent call first):
  File "/Library/Developer/CommandLineTools/Library/Frameworks/Python3.framework/Versions/3.9/lib/python3.9/selectors.py", line 416 in select
  File "/Library/Developer/CommandLineTools/Library/Frameworks/Python3.framework/Versions/3.9/lib/python3.9/socketserver.py", line 232 in serve_forever
  File "/Users/mac/work/Bloret-Launcher/modules/web.py", line 1777 in start_server
  File "/Library/Developer/CommandLineTools/Library/Frameworks/Python3.framework/Versions/3.9/lib/python3.9/threading.py", line 910 in run
  File "/Library/Developer/CommandLineTools/Library/Frameworks/Python3.framework/Versions/3.9/lib/python3.9/threading.py", line 973 in _bootstrap_inner
  File "/Library/Developer/CommandLineTools/Library/Frameworks/Python3.framework/Versions/3.9/lib/python3.9/threading.py", line 930 in _bootstrap

Current thread 0x00007ff84e071100 (most recent call first):
  File "/Users/mac/work/Bloret-Launcher/Bloret-Launcher.py", line 4573 in <module>

===== Bloret Launcher fault handler enabled =====
Fatal Python error: Segmentation fault

Thread 0x000070001117e000 (most recent call first):
  File "/Users/mac/work/Bloret-Launcher/RinUI/core/theme.py", line 78 in run

Thread 0x0000700010eef000 (most recent call first):
  File "/Library/Developer/CommandLineTools/Library/Frameworks/Python3.framework/Versions/3.9/lib/python3.9/selectors.py", line 416 in select
  File "/Library/Developer/CommandLineTools/Library/Frameworks/Python3.framework/Versions/3.9/lib/python3.9/socketserver.py", line 232 in serve_forever
  File "/Users/mac/work/Bloret-Launcher/modules/web.py", line 1777 in start_server
  File "/Library/Developer/CommandLineTools/Library/Frameworks/Python3.framework/Versions/3.9/lib/python3.9/threading.py", line 910 in run
  File "/Library/Developer/CommandLineTools/Library/Frameworks/Python3.framework/Versions/3.9/lib/python3.9/threading.py", line 973 in _bootstrap_inner
  File "/Library/Developer/CommandLineTools/Library/Frameworks/Python3.framework/Versions/3.9/lib/python3.9/threading.py", line 930 in _bootstrap

Current thread 0x00007ff84e071100 (most recent call first):
  File "/Users/mac/work/Bloret-Launcher/Bloret-Launcher.py", line 4573 in <module>

===== Bloret Launcher fault handler enabled =====
Fatal Python error: Segmentation fault

Thread 0x00007000040b5000 (most recent call first):
  File "/Users/mac/work/Bloret-Launcher/RinUI/core/theme.py", line 78 in run

Thread 0x0000700003e26000 (most recent call first):
  File "/Library/Developer/CommandLineTools/Library/Frameworks/Python3.framework/Versions/3.9/lib/python3.9/selectors.py", line 416 in select
  File "/Library/Developer/CommandLineTools/Library/Frameworks/Python3.framework/Versions/3.9/lib/python3.9/socketserver.py", line 232 in serve_forever
  File "/Users/mac/work/Bloret-Launcher/modules/web.py", line 1777 in start_server
  File "/Library/Developer/CommandLineTools/Library/Frameworks/Python3.framework/Versions/3.9/lib/python3.9/threading.py", line 910 in run
  File "/Library/Developer/CommandLineTools/Library/Frameworks/Python3.framework/Versions/3.9/lib/python3.9/threading.py", line 973 in _bootstrap_inner
  File "/Library/Developer/CommandLineTools/Library/Frameworks/Python3.framework/Versions/3.9/lib/python3.9/threading.py", line 930 in _bootstrap

Current thread 0x00007ff84e071100 (most recent call first):
  File "/Users/mac/work/Bloret-Launcher/Bloret-Launcher.py", line 4573 in <module>

===== Bloret Launcher fault handler enabled =====
Fatal Python error: Segmentation fault

Thread 0x000070000dca6000 (most recent call first):
  File "/Users/mac/work/Bloret-Launcher/RinUI/core/theme.py", line 78 in run

Thread 0x000070000da17000 (most recent call first):
  File "/Library/Developer/CommandLineTools/Library/Frameworks/Python3.framework/Versions/3.9/lib/python3.9/selectors.py", line 416 in select
  File "/Library/Developer/CommandLineTools/Library/Frameworks/Python3.framework/Versions/3.9/lib/python3.9/socketserver.py", line 232 in serve_forever
  File "/Users/mac/work/Bloret-Launcher/modules/web.py", line 1777 in start_server
  File "/Library/Developer/CommandLineTools/Library/Frameworks/Python3.framework/Versions/3.9/lib/python3.9/threading.py", line 910 in run
  File "/Library/Developer/CommandLineTools/Library/Frameworks/Python3.framework/Versions/3.9/lib/python3.9/threading.py", line 973 in _bootstrap_inner
  File "/Library/Developer/CommandLineTools/Library/Frameworks/Python3.framework/Versions/3.9/lib/python3.9/threading.py", line 930 in _bootstrap

Current thread 0x00007ff84e071100 (most recent call first):
  File "/Users/mac/work/Bloret-Launcher/Bloret-Launcher.py", line 4573 in <module>

===== Bloret Launcher fault handler enabled =====

===== Bloret Launcher fault handler enabled =====
Fatal Python error: Segmentation fault

Thread 0x00007fc88dbff6c0 [wechat-poll] (most recent call first):
  File "/usr/lib/python3.14/ssl.py", line 1138 in read
  File "/usr/lib/python3.14/ssl.py", line 1304 in recv_into
  File "/usr/lib/python3.14/socket.py", line 729 in readinto
  File "/usr/lib/python3.14/http/client.py", line 297 in _read_status
  File "/usr/lib/python3.14/http/client.py", line 336 in begin
  File "/usr/lib/python3.14/http/client.py", line 1459 in getresponse
  File "/home/detrital/.local/lib/python3.14/site-packages/urllib3/connection.py", line 571 in getresponse
  File "/home/detrital/.local/lib/python3.14/site-packages/urllib3/connectionpool.py", line 534 in _make_request
  File "/home/detrital/.local/lib/python3.14/site-packages/urllib3/connectionpool.py", line 788 in urlopen
  File "/home/detrital/.local/lib/python3.14/site-packages/requests/adapters.py", line 696 in send
  File "/home/detrital/.local/lib/python3.14/site-packages/requests/sessions.py", line 784 in send
  File "/home/detrital/.local/lib/python3.14/site-packages/requests/sessions.py", line 651 in request
  File "/home/detrital/.local/lib/python3.14/site-packages/requests/api.py", line 71 in request
  File "/home/detrital/.local/lib/python3.14/site-packages/requests/api.py", line 134 in post
  File "/home/detrital/work/Bloret-Launcher/modules/bloriko_agent/connectors/wechat.py", line 132 in _api_post
  File "/home/detrital/work/Bloret-Launcher/modules/bloriko_agent/connectors/wechat.py", line 601 in _poll_loop
  File "/home/detrital/work/Bloret-Launcher/modules/bloriko_agent/connectors/__init__.py", line 307 in _poll_loop_wrapper
  File "/usr/lib/python3.14/threading.py", line 1024 in run
  File "/usr/lib/python3.14/threading.py", line 1082 in _bootstrap_inner
  File "/usr/lib/python3.14/threading.py", line 1044 in _bootstrap

Thread 0x00007fc89882b6c0 [Thread-1 (start] (most recent call first):
  File "/usr/lib/python3.14/selectors.py", line 398 in select
  File "/usr/lib/python3.14/socketserver.py", line 235 in serve_forever
  File "/home/detrital/work/Bloret-Launcher/modules/web.py", line 1777 in start_server
  File "/usr/lib/python3.14/threading.py", line 1024 in run
  File "/usr/lib/python3.14/threading.py", line 1082 in _bootstrap_inner
  File "/usr/lib/python3.14/threading.py", line 1044 in _bootstrap

Current thread 0x00007fc8ad373bc0 [python] (most recent call first):
  File "/home/detrital/work/Bloret-Launcher/Bloret-Launcher.py", line 4906 in <module>

Current thread's C stack trace (most recent call first):
  Binary file "/usr/lib/libpython3.14.so.1.0", at _Py_DumpStack+0x4d [0x7fc8acd641c6]
  Binary file "/usr/lib/libpython3.14.so.1.0", at +0x168ebe [0x7fc8acd68ebe]
  Binary file "/usr/lib/libc.so.6", at +0x44db0 [0x7fc8ac844db0]
  Binary file "/usr/lib/libpython3.14.so.1.0", at +0x1e39c2 [0x7fc8acde39c2]
  Binary file "/usr/lib/libpython3.14.so.1.0", at +0x2434d1 [0x7fc8ace434d1]
  Binary file "/usr/lib/libpyside6.cpython-314-x86_64-linux-gnu.so.6.11", at +0x22cce [0x7fc8a9bc7cce]
  Binary file "/usr/lib/libpyside6.cpython-314-x86_64-linux-gnu.so.6.11", at _ZN6PySide13SignalManager20callPythonMetaMethodE11QMetaMethodPPvP7_object+0xa6 [0x7fc8a9bcb956]
  Binary file "/usr/lib/libpyside6.cpython-314-x86_64-linux-gnu.so.6.11", at _ZN6PySide13SignalManager11qt_metacallEP7QObjectN11QMetaObject4CallEiPPv+0x294 [0x7fc8a9bcffc4]
  Binary file "/usr/lib/libQt6Core.so.6", at +0x210325 [0x7fc8a8210325]
  Binary file "/usr/lib/libQt6Widgets.so.6", at +0x1c9ef7 [0x7fc8a93c9ef7]
  Binary file "/usr/lib/libQt6Core.so.6", at +0x210234 [0x7fc8a8210234]
  Binary file "/usr/lib/libQt6Gui.so.6", at _ZN23QPlatformSystemTrayIcon9activatedENS_16ActivationReasonE+0x43 [0x7fc8a8a10c13]
  Binary file "/usr/lib/libQt6Core.so.6", at +0x20fffb [0x7fc8a820fffb]
  Binary file "/usr/lib/libKF6StatusNotifierItem.so.6", at _ZN19KStatusNotifierItem17activateRequestedEbRK6QPoint+0x4c [0x7fc8a2c9928c]
  Binary file "/usr/lib/libKF6StatusNotifierItem.so.6", at +0x3f3a2 [0x7fc8a2cc93a2]
  Binary file "/usr/lib/libKF6StatusNotifierItem.so.6", at +0x3ffd7 [0x7fc8a2cc9fd7]
  Binary file "/usr/lib/libQt6DBus.so.6", at +0x45ba7 [0x7fc8a8775ba7]
  Binary file "/usr/lib/libQt6DBus.so.6", at +0x46a24 [0x7fc8a8776a24]
  Binary file "/usr/lib/libQt6DBus.so.6", at +0x4cf6f [0x7fc8a877cf6f]
  Binary file "/usr/lib/libQt6DBus.so.6", at +0x4db32 [0x7fc8a877db32]
  Binary file "/usr/lib/libQt6Core.so.6", at _ZN7QObject5eventEP6QEvent+0x131 [0x7fc8a8205c01]
  Binary file "/usr/lib/libQt6Widgets.so.6", at _ZN19QApplicationPrivate13notify_helperEP7QObjectP6QEvent+0x8b [0x7fc8a9304c1b]
  Binary file "/usr/lib/python3.14/site-packages/PySide6/QtWidgets.cpython-314-x86_64-linux-gnu.so", at +0xdb5ff [0x7fc8a9cdb5ff]
  Binary file "/usr/lib/libQt6Core.so.6", at _ZN16QCoreApplication15notifyInternal2EP7QObjectP6QEvent+0x168 [0x7fc8a8198a48]
  Binary file "/usr/lib/libQt6Core.so.6", at _ZN23QCoreApplicationPrivate16sendPostedEventsEP7QObjectiP11QThreadData+0x3c8 [0x7fc8a8198e68]
  Binary file "/usr/lib/libQt6Core.so.6", at +0x4f8ce0 [0x7fc8a84f8ce0]
  Binary file "/usr/lib/libglib-2.0.so.0", at +0x6c02d [0x7fc8a7ee802d]
  Binary file "/usr/lib/libglib-2.0.so.0", at +0x6d558 [0x7fc8a7ee9558]
  Binary file "/usr/lib/libglib-2.0.so.0", at g_main_context_iteration+0x32 [0x7fc8a7ee96b2]
  Binary file "/usr/lib/libQt6Core.so.6", at _ZN20QEventDispatcherGlib13processEventsE6QFlagsIN10QEventLoop17ProcessEventsFlagEE+0x6b [0x7fc8a84f584b]
  Binary file "/usr/lib/libQt6Core.so.6", at _ZN10QEventLoop4execE6QFlagsINS_17ProcessEventsFlagEE+0x1a4 [0x7fc8a81a78b4]
  Binary file "/usr/lib/libQt6Core.so.6", at _ZN16QCoreApplication4execEv+0xb4 [0x7fc8a819c8f4]
  <truncated rest of calls>

Extension modules: _brotli, charset_normalizer.md, charset_normalizer.cd, requests.packages.charset_normalizer.md, requests.packages.chardet.md, requests.packages.charset_normalizer.cd, requests.packages.chardet.cd, shiboken6.Shiboken, PySide6.QtCore, PySide6.QtGui, PySide6.QtWidgets, PySide6.QtNetwork, PySide6.QtQml, PySide6.QtOpenGL, PySide6.QtQuick, psutil._psutil_linux, gi._gi, cairo._cairo, gi._gi_cairo, PySide6.QtUiTools, PySide6.QtQuickWidgets, _cffi_backend (total: 22)

===== Bloret Launcher fault handler enabled =====
Fatal Python error: Segmentation fault

Thread 0x00007fb41ecff6c0 [wechat-poll] (most recent call first):
  File "/usr/lib/python3.14/ssl.py", line 1138 in read
  File "/usr/lib/python3.14/ssl.py", line 1304 in recv_into
  File "/usr/lib/python3.14/socket.py", line 729 in readinto
  File "/usr/lib/python3.14/http/client.py", line 297 in _read_status
  File "/usr/lib/python3.14/http/client.py", line 336 in begin
  File "/usr/lib/python3.14/http/client.py", line 1459 in getresponse
  File "/home/detrital/.local/lib/python3.14/site-packages/urllib3/connection.py", line 571 in getresponse
  File "/home/detrital/.local/lib/python3.14/site-packages/urllib3/connectionpool.py", line 534 in _make_request
  File "/home/detrital/.local/lib/python3.14/site-packages/urllib3/connectionpool.py", line 788 in urlopen
  File "/home/detrital/.local/lib/python3.14/site-packages/requests/adapters.py", line 696 in send
  File "/home/detrital/.local/lib/python3.14/site-packages/requests/sessions.py", line 784 in send
  File "/home/detrital/.local/lib/python3.14/site-packages/requests/sessions.py", line 651 in request
  File "/home/detrital/.local/lib/python3.14/site-packages/requests/api.py", line 71 in request
  File "/home/detrital/.local/lib/python3.14/site-packages/requests/api.py", line 134 in post
  File "/home/detrital/work/Bloret-Launcher/modules/bloriko_agent/connectors/wechat.py", line 132 in _api_post
  File "/home/detrital/work/Bloret-Launcher/modules/bloriko_agent/connectors/wechat.py", line 601 in _poll_loop
  File "/home/detrital/work/Bloret-Launcher/modules/bloriko_agent/connectors/__init__.py", line 307 in _poll_loop_wrapper
  File "/usr/lib/python3.14/threading.py", line 1024 in run
  File "/usr/lib/python3.14/threading.py", line 1082 in _bootstrap_inner
  File "/usr/lib/python3.14/threading.py", line 1044 in _bootstrap

Thread 0x00007fb4259b36c0 [Thread-1 (start] (most recent call first):
  File "/usr/lib/python3.14/selectors.py", line 398 in select
  File "/usr/lib/python3.14/socketserver.py", line 235 in serve_forever
  File "/home/detrital/work/Bloret-Launcher/modules/web.py", line 1777 in start_server
  File "/usr/lib/python3.14/threading.py", line 1024 in run
  File "/usr/lib/python3.14/threading.py", line 1082 in _bootstrap_inner
  File "/usr/lib/python3.14/threading.py", line 1044 in _bootstrap

Current thread 0x00007fb43e503bc0 [python] (most recent call first):
  File "/home/detrital/work/Bloret-Launcher/Bloret-Launcher.py", line 4912 in <module>

Current thread's C stack trace (most recent call first):
  Binary file "/usr/lib/libpython3.14.so.1.0", at _Py_DumpStack+0x4d [0x7fb43df641c6]
  Binary file "/usr/lib/libpython3.14.so.1.0", at +0x168ebe [0x7fb43df68ebe]
  Binary file "/usr/lib/libc.so.6", at +0x44db0 [0x7fb43da44db0]
  Binary file "/usr/lib/libpython3.14.so.1.0", at +0x1e39c2 [0x7fb43dfe39c2]
  Binary file "/usr/lib/libpython3.14.so.1.0", at +0x2434d1 [0x7fb43e0434d1]
  Binary file "/usr/lib/libpyside6.cpython-314-x86_64-linux-gnu.so.6.11", at +0x22cce [0x7fb43b779cce]
  Binary file "/usr/lib/libpyside6.cpython-314-x86_64-linux-gnu.so.6.11", at _ZN6PySide13SignalManager20callPythonMetaMethodE11QMetaMethodPPvP7_object+0xa6 [0x7fb43b77d956]
  Binary file "/usr/lib/libpyside6.cpython-314-x86_64-linux-gnu.so.6.11", at _ZN6PySide13SignalManager11qt_metacallEP7QObjectN11QMetaObject4CallEiPPv+0x294 [0x7fb43b781fc4]
  Binary file "/usr/lib/libQt6Core.so.6", at +0x210325 [0x7fb439410325]
  Binary file "/usr/lib/libQt6Widgets.so.6", at +0x1c9ef7 [0x7fb43a5c9ef7]
  Binary file "/usr/lib/libQt6Core.so.6", at +0x210234 [0x7fb439410234]
  Binary file "/usr/lib/libQt6Gui.so.6", at _ZN23QPlatformSystemTrayIcon9activatedENS_16ActivationReasonE+0x43 [0x7fb439c10c13]
  Binary file "/usr/lib/libQt6Core.so.6", at +0x20fffb [0x7fb43940fffb]
  Binary file "/usr/lib/libKF6StatusNotifierItem.so.6", at _ZN19KStatusNotifierItem17activateRequestedEbRK6QPoint+0x4c [0x7fb43400f28c]
  Binary file "/usr/lib/libKF6StatusNotifierItem.so.6", at +0x3f3a2 [0x7fb43403f3a2]
  Binary file "/usr/lib/libKF6StatusNotifierItem.so.6", at +0x3ffd7 [0x7fb43403ffd7]
  Binary file "/usr/lib/libQt6DBus.so.6", at +0x45ba7 [0x7fb43b30cba7]
  Binary file "/usr/lib/libQt6DBus.so.6", at +0x46a24 [0x7fb43b30da24]
  Binary file "/usr/lib/libQt6DBus.so.6", at +0x4cf6f [0x7fb43b313f6f]
  Binary file "/usr/lib/libQt6DBus.so.6", at +0x4db32 [0x7fb43b314b32]
  Binary file "/usr/lib/libQt6Core.so.6", at _ZN7QObject5eventEP6QEvent+0x131 [0x7fb439405c01]
  Binary file "/usr/lib/libQt6Widgets.so.6", at _ZN19QApplicationPrivate13notify_helperEP7QObjectP6QEvent+0x8b [0x7fb43a504c1b]
  Binary file "/usr/lib/python3.14/site-packages/PySide6/QtWidgets.cpython-314-x86_64-linux-gnu.so", at +0xdb5ff [0x7fb43acdb5ff]
  Binary file "/usr/lib/libQt6Core.so.6", at _ZN16QCoreApplication15notifyInternal2EP7QObjectP6QEvent+0x168 [0x7fb439398a48]
  Binary file "/usr/lib/libQt6Core.so.6", at _ZN23QCoreApplicationPrivate16sendPostedEventsEP7QObjectiP11QThreadData+0x3c8 [0x7fb439398e68]
  Binary file "/usr/lib/libQt6Core.so.6", at +0x4f8ce0 [0x7fb4396f8ce0]
  Binary file "/usr/lib/libglib-2.0.so.0", at +0x6c02d [0x7fb438f8402d]
  Binary file "/usr/lib/libglib-2.0.so.0", at +0x6d558 [0x7fb438f85558]
  Binary file "/usr/lib/libglib-2.0.so.0", at g_main_context_iteration+0x32 [0x7fb438f856b2]
  Binary file "/usr/lib/libQt6Core.so.6", at _ZN20QEventDispatcherGlib13processEventsE6QFlagsIN10QEventLoop17ProcessEventsFlagEE+0x6b [0x7fb4396f584b]
  Binary file "/usr/lib/libQt6Core.so.6", at _ZN10QEventLoop4execE6QFlagsINS_17ProcessEventsFlagEE+0x1a4 [0x7fb4393a78b4]
  Binary file "/usr/lib/libQt6Core.so.6", at _ZN16QCoreApplication4execEv+0xb4 [0x7fb43939c8f4]
  <truncated rest of calls>

Extension modules: _brotli, charset_normalizer.md, charset_normalizer.cd, requests.packages.charset_normalizer.md, requests.packages.chardet.md, requests.packages.charset_normalizer.cd, requests.packages.chardet.cd, shiboken6.Shiboken, PySide6.QtCore, PySide6.QtGui, PySide6.QtWidgets, PySide6.QtNetwork, PySide6.QtQml, PySide6.QtOpenGL, PySide6.QtQuick, psutil._psutil_linux, gi._gi, cairo._cairo, gi._gi_cairo, PySide6.QtUiTools, PySide6.QtQuickWidgets, _cffi_backend (total: 22)

===== Bloret Launcher fault handler enabled =====

===== Bloret Launcher fault handler enabled =====
